Modules list:
-------------
democ.c.17795.0.o:
    CODE              Offs=000000  Size=000842  Align=00001  Fill=0000
    RODATA            Offs=000000  Size=000107  Align=00001  Fill=0000
    DATA              Offs=000000  Size=000022  Align=00001  Fill=0000
/home/iolo/.local/share/cc65/lib/apple2enh.lib(_cursor.o):
    BSS               Offs=000000  Size=000001  Align=00001  Fill=0000
/home/iolo/.local/share/cc65/lib/apple2enh.lib(addysp.o):
    CODE              Offs=000842  Size=00000E  Align=00001  Fill=0000
/home/iolo/.local/share/cc65/lib/apple2enh.lib(callmain.o):
    CODE              Offs=000850  Size=000042  Align=00001  Fill=0000
    DATA              Offs=000022  Size=000004  Align=00001  Fill=0000
/home/iolo/.local/share/cc65/lib/apple2enh.lib(cgetc.o):
    CODE              Offs=000892  Size=00002E  Align=00001  Fill=0000
/home/iolo/.local/share/cc65/lib/apple2enh.lib(clrscr.o):
/home/iolo/.local/share/cc65/lib/apple2enh.lib(condes.o):
    CODE              Offs=0008C0  Size=00000C  Align=00001  Fill=0000
    DATA              Offs=000026  Size=000025  Align=00001  Fill=0000
    ONCE              Offs=000000  Size=00000C  Align=00001  Fill=0000
/home/iolo/.local/share/cc65/lib/apple2enh.lib(cputc.o):
    CODE              Offs=0008CC  Size=00006F  Align=00001  Fill=0000
    ONCE              Offs=00000C  Size=000007  Align=00001  Fill=0000
/home/iolo/.local/share/cc65/lib/apple2enh.lib(cputs.o):
    CODE              Offs=00093B  Size=00001D  Align=00001  Fill=0000
/home/iolo/.local/share/cc65/lib/apple2enh.lib(crt0.o):
    CODE              Offs=000958  Size=00001E  Align=00001  Fill=0000
    RODATA            Offs=000107  Size=000007  Align=00001  Fill=0000
    DATA              Offs=00004B  Size=000003  Align=00001  Fill=0000
    STARTUP           Offs=000000  Size=00000C  Align=00001  Fill=0000
    ONCE              Offs=000013  Size=000083  Align=00001  Fill=0000
    INIT              Offs=000000  Size=00001D  Align=00001  Fill=0000
/home/iolo/.local/share/cc65/lib/apple2enh.lib(decsp1.o):
    CODE              Offs=000976  Size=000009  Align=00001  Fill=0000
/home/iolo/.local/share/cc65/lib/apple2enh.lib(decsp2.o):
    CODE              Offs=00097F  Size=00000D  Align=00001  Fill=0000
/home/iolo/.local/share/cc65/lib/apple2enh.lib(decsp3.o):
    CODE              Offs=00098C  Size=00000D  Align=00001  Fill=0000
/home/iolo/.local/share/cc65/lib/apple2enh.lib(decsp4.o):
    CODE              Offs=000999  Size=00000D  Align=00001  Fill=0000
/home/iolo/.local/share/cc65/lib/apple2enh.lib(decsp5.o):
    CODE              Offs=0009A6  Size=00000D  Align=00001  Fill=0000
/home/iolo/.local/share/cc65/lib/apple2enh.lib(exehdr.o):
    EXEHDR            Offs=000000  Size=00003A  Align=00001  Fill=0000
/home/iolo/.local/share/cc65/lib/apple2enh.lib(gotoxy.o):
    CODE              Offs=0009B3  Size=000019  Align=00001  Fill=0000
/home/iolo/.local/share/cc65/lib/apple2enh.lib(home.o):
    LOWCODE           Offs=000000  Size=00000A  Align=00001  Fill=0000
/home/iolo/.local/share/cc65/lib/apple2enh.lib(incsp1.o):
    CODE              Offs=0009CC  Size=000007  Align=00001  Fill=0000
/home/iolo/.local/share/cc65/lib/apple2enh.lib(incsp2.o):
    CODE              Offs=0009D3  Size=000015  Align=00001  Fill=0000
/home/iolo/.local/share/cc65/lib/apple2enh.lib(incsp3.o):
    CODE              Offs=0009E8  Size=000005  Align=00001  Fill=0000
/home/iolo/.local/share/cc65/lib/apple2enh.lib(incsp4.o):
    CODE              Offs=0009ED  Size=000005  Align=00001  Fill=0000
/home/iolo/.local/share/cc65/lib/apple2enh.lib(incsp5.o):
    CODE              Offs=0009F2  Size=000005  Align=00001  Fill=0000
/home/iolo/.local/share/cc65/lib/apple2enh.lib(incsp6.o):
    CODE              Offs=0009F7  Size=000005  Align=00001  Fill=0000
/home/iolo/.local/share/cc65/lib/apple2enh.lib(incsp7.o):
    CODE              Offs=0009FC  Size=000005  Align=00001  Fill=0000
/home/iolo/.local/share/cc65/lib/apple2enh.lib(lc-copy-applesoft.o):
/home/iolo/.local/share/cc65/lib/apple2enh.lib(mod.o):
    CODE              Offs=000A01  Size=000011  Align=00001  Fill=0000
/home/iolo/.local/share/cc65/lib/apple2enh.lib(mul8.o):
    CODE              Offs=000A12  Size=00003A  Align=00001  Fill=0000
/home/iolo/.local/share/cc65/lib/apple2enh.lib(mulax6.o):
    CODE              Offs=000A4C  Size=000016  Align=00001  Fill=0000
/home/iolo/.local/share/cc65/lib/apple2enh.lib(negabs.o):
    CODE              Offs=000A62  Size=000012  Align=00001  Fill=0000
/home/iolo/.local/share/cc65/lib/apple2enh.lib(popa.o):
    CODE              Offs=000A74  Size=00000A  Align=00001  Fill=0000
/home/iolo/.local/share/cc65/lib/apple2enh.lib(popptr1.o):
    CODE              Offs=000A7E  Size=00000E  Align=00001  Fill=0000
/home/iolo/.local/share/cc65/lib/apple2enh.lib(pusha.o):
    CODE              Offs=000A8C  Size=000016  Align=00001  Fill=0000
/home/iolo/.local/share/cc65/lib/apple2enh.lib(pushax.o):
    CODE              Offs=000AA2  Size=00001A  Align=00001  Fill=0000
/home/iolo/.local/share/cc65/lib/apple2enh.lib(rand.o):
    CODE              Offs=000ABC  Size=000034  Align=00001  Fill=0000
    DATA              Offs=00004E  Size=000004  Align=00001  Fill=0000
/home/iolo/.local/share/cc65/lib/apple2enh.lib(shelp.o):
    CODE              Offs=000AF0  Size=000020  Align=00001  Fill=0000
/home/iolo/.local/share/cc65/lib/apple2enh.lib(subysp.o):
    CODE              Offs=000B10  Size=00000D  Align=00001  Fill=0000
/home/iolo/.local/share/cc65/lib/apple2enh.lib(udiv.o):
    CODE              Offs=000B1D  Size=00004F  Align=00001  Fill=0000
/home/iolo/.local/share/cc65/lib/apple2enh.lib(vtabz.o):
    LOWCODE           Offs=00000A  Size=00000A  Align=00001  Fill=0000
/home/iolo/.local/share/cc65/lib/apple2enh.lib(zerobss.o):
    CODE              Offs=000B6C  Size=000023  Align=00001  Fill=0000
/home/iolo/.local/share/cc65/lib/apple2enh.lib(zeropage.o):
    ZEROPAGE          Offs=000000  Size=00001A  Align=00001  Fill=0000


Segment list:
-------------
Name                   Start     End    Size  Align
----------------------------------------------------
ZEROPAGE              000080  000099  00001A  00001
EXEHDR                0007C9  000802  00003A  00001
STARTUP               000803  00080E  00000C  00001
LOWCODE               00080F  000822  000014  00001
CODE                  004000  004B8E  000B8F  00001
RODATA                004B8F  004C9C  00010E  00001
DATA                  004C9D  004CEE  000052  00001
INIT                  004CEF  004D0B  00001D  00001
BSS                   004D0C  004D0C  000001  00001
ONCE                  004D0C  004DA3  000098  00001


Exports list by name:
---------------------
HOME                      00080F RLA    VTABZ                     000819 RLA    
__BSS_RUN__               004D0C RLA    __BSS_SIZE__              000001 REA    
__CONSTRUCTOR_COUNT__     000001 REA    __CONSTRUCTOR_TABLE__     004DA2 RLA    
__DESTRUCTOR_COUNT__      000000 REA    __DESTRUCTOR_TABLE__      004C9D RLA    
__EXEHDR__                000001 REA    __FILETYPE__              000006 REA    
__HIMEM__                 009600 REA    __LCADDR__                00D400 REA    
__LCSIZE__                000C00 REA    __LC_LAST__               00D400 RLA    
__LC_START__              00D400 RLA    __MAIN_LAST__             004DA4 RLA    
__MAIN_START__            000803 RLA    __ONCE_LOAD__             004D0C RLA    
__ONCE_RUN__              004D0C RLA    __ONCE_SIZE__             000098 REA    
__STACKSIZE__             000800 REA    __STARTUP__               000001 REA    
_cgetc                    004892 RLA    _clrscr                   00080F RLA    
_cputc                    0048D1 RLA    _cputsxy                  00493B RLA    
_exit                     004867 RLA    _main                     0045FC RLA    
_rand                     004AC8 RLA    addysp                    004843 RLA    
bltu2                     00D39A RLA    c_sp                      000080 RLZ    
callmain                  004850 RLA    cursor                    004D0C RLA    
decsp1                    004976 RLA    decsp2                    00497F RLA    
decsp3                    00498C RLA    decsp4                    004999 RLA    
decsp5                    0049A6 RLA    done                      004CE8 RLA    
donelib                   0048C0 RLA    gotoxy                    0049B3 RLA    
incsp1                    0049CC RLA    incsp2                    0049DA RLA    
incsp3                    0049E8 RLA    incsp4                    0049ED RLA    
incsp5                    0049F2 RLA    incsp6                    0049F7 RLA    
incsp7                    0049FC RLA    initconio                 004D18  LAI   
initlib                   004D0C RLA    mulax6                    004A4C RLA    
negax                     004A66 RLA    popa                      004A74 RLA    
popax                     0049D3 RLA    popptr1                   004A7E RLA    
popsargsudiv16            004AF0 RLA    ptr1                      000088 RLZ    
ptr4                      00008E RLZ    pusha                     004A90 RLA    
pusha0                    004AA4 RLA    pushax                    004AA6 RLA    
putchardirect             004918 RLA    reset                     004958 RLA    
rvsave                    004D09 RLA    sreg                      000082 RLZ    
subysp                    004B10 RLA    tmp1                      000090 RLZ    
tmp2                      000091 RLZ    tmp3                      000092 RLZ    
tosmoda0                  004A01 RLA    tosumula0                 004A12 RLA    
udiv16                    004B2E RLA    zerobss                   004B6C RLA    
zpsave                    004CEF RLA    


Exports list by value:
----------------------
__DESTRUCTOR_COUNT__      000000 REA    __BSS_SIZE__              000001 REA    
__CONSTRUCTOR_COUNT__     000001 REA    __EXEHDR__                000001 REA    
__STARTUP__               000001 REA    __FILETYPE__              000006 REA    
c_sp                      000080 RLZ    sreg                      000082 RLZ    
ptr1                      000088 RLZ    ptr4                      00008E RLZ    
tmp1                      000090 RLZ    tmp2                      000091 RLZ    
tmp3                      000092 RLZ    __ONCE_SIZE__             000098 REA    
__STACKSIZE__             000800 REA    __MAIN_START__            000803 RLA    
HOME                      00080F RLA    _clrscr                   00080F RLA    
VTABZ                     000819 RLA    __LCSIZE__                000C00 REA    
_main                     0045FC RLA    addysp                    004843 RLA    
callmain                  004850 RLA    _exit                     004867 RLA    
_cgetc                    004892 RLA    donelib                   0048C0 RLA    
_cputc                    0048D1 RLA    putchardirect             004918 RLA    
_cputsxy                  00493B RLA    reset                     004958 RLA    
decsp1                    004976 RLA    decsp2                    00497F RLA    
decsp3                    00498C RLA    decsp4                    004999 RLA    
decsp5                    0049A6 RLA    gotoxy                    0049B3 RLA    
incsp1                    0049CC RLA    popax                     0049D3 RLA    
incsp2                    0049DA RLA    incsp3                    0049E8 RLA    
incsp4                    0049ED RLA    incsp5                    0049F2 RLA    
incsp6                    0049F7 RLA    incsp7                    0049FC RLA    
tosmoda0                  004A01 RLA    tosumula0                 004A12 RLA    
mulax6                    004A4C RLA    negax                     004A66 RLA    
popa                      004A74 RLA    popptr1                   004A7E RLA    
pusha                     004A90 RLA    pusha0                    004AA4 RLA    
pushax                    004AA6 RLA    _rand                     004AC8 RLA    
popsargsudiv16            004AF0 RLA    subysp                    004B10 RLA    
udiv16                    004B2E RLA    zerobss                   004B6C RLA    
__DESTRUCTOR_TABLE__      004C9D RLA    done                      004CE8 RLA    
zpsave                    004CEF RLA    rvsave                    004D09 RLA    
__BSS_RUN__               004D0C RLA    __ONCE_LOAD__             004D0C RLA    
__ONCE_RUN__              004D0C RLA    cursor                    004D0C RLA    
initlib                   004D0C RLA    initconio                 004D18  LAI   
__CONSTRUCTOR_TABLE__     004DA2 RLA    __MAIN_LAST__             004DA4 RLA    
__HIMEM__                 009600 REA    bltu2                     00D39A RLA    
__LCADDR__                00D400 REA    __LC_LAST__               00D400 RLA    
__LC_START__              00D400 RLA    


Imports list:
-------------
HOME (home.o):
    clrscr.o                  apple2/clrscr.s:8
VTABZ (vtabz.o):
    gotoxy.o                  apple2/gotoxy.s:9
    cputc.o                   apple2/cputc.s:13
__BSS_RUN__ ([linker generated]):
    zerobss.o                 common/zerobss.s:8
__BSS_SIZE__ ([linker generated]):
    zerobss.o                 common/zerobss.s:8
__CONSTRUCTOR_COUNT__ ([linker generated]):
    condes.o                  runtime/condes.s:18
__CONSTRUCTOR_TABLE__ ([linker generated]):
    condes.o                  runtime/condes.s:18
__DESTRUCTOR_COUNT__ ([linker generated]):
    condes.o                  runtime/condes.s:19
__DESTRUCTOR_TABLE__ ([linker generated]):
    condes.o                  runtime/condes.s:19
__EXEHDR__ (exehdr.o):
    [linker generated]        /home/iolo/.local/share/cc65/cfg/apple2-hgr.cfg:7
__FILETYPE__ ([linker generated]):
    exehdr.o                  apple2/exehdr.s:9
__HIMEM__ ([linker generated]):
    [linker generated]        /home/iolo/.local/share/cc65/cfg/apple2-hgr.cfg:18
    [linker generated]        /home/iolo/.local/share/cc65/cfg/apple2-hgr.cfg:17
__LCADDR__ ([linker generated]):
    [linker generated]        /home/iolo/.local/share/cc65/cfg/apple2-hgr.cfg:19
__LCSIZE__ ([linker generated]):
    [linker generated]        /home/iolo/.local/share/cc65/cfg/apple2-hgr.cfg:19
__LC_LAST__ ([linker generated]):
    crt0.o                    apple2/crt0.s:15
__LC_START__ ([linker generated]):
    crt0.o                    apple2/crt0.s:15
__MAIN_LAST__ ([linker generated]):
    exehdr.o                  apple2/exehdr.s:10
__MAIN_START__ ([linker generated]):
    exehdr.o                  apple2/exehdr.s:10
__ONCE_LOAD__ ([linker generated]):
    crt0.o                    apple2/crt0.s:14
__ONCE_RUN__ ([linker generated]):
    [linker generated]        /home/iolo/.local/share/cc65/cfg/apple2-hgr.cfg:18
    [linker generated]        /home/iolo/.local/share/cc65/cfg/apple2-hgr.cfg:18
__ONCE_SIZE__ ([linker generated]):
    crt0.o                    apple2/crt0.s:14
__STACKSIZE__ ([linker generated]):
    [linker generated]        /home/iolo/.local/share/cc65/cfg/apple2-hgr.cfg:18
__STARTUP__ (crt0.o):
    democ.c.17795.0.o         democ.c.17795.0.s:13
_cgetc (cgetc.o):
    democ.c.17795.0.o         democ.c.17795.0.s:16
_clrscr (clrscr.o):
    democ.c.17795.0.o         democ.c.17795.0.s:14
_cputc (cputc.o):
    cputs.o                   conio/cputs.s:9
_cputsxy (cputs.o):
    democ.c.17795.0.o         democ.c.17795.0.s:15
_exit (callmain.o):
    crt0.o                    apple2/crt0.s:11
_main (democ.c.17795.0.o):
    callmain.o                apple2/callmain.s:11
_rand (rand.o):
    democ.c.17795.0.o         democ.c.17795.0.s:17
addysp (addysp.o):
    incsp7.o                  runtime/incsp7.s:8
    incsp6.o                  runtime/incsp6.s:8
    incsp5.o                  runtime/incsp5.s:8
    incsp4.o                  runtime/incsp4.s:8
    incsp3.o                  runtime/incsp3.s:8
    democ.c.17795.0.o         democ.c.17795.0.s:1510
    democ.c.17795.0.o         democ.c.17795.0.s:1510
bltu2 (lc-copy-applesoft.o):
    crt0.o                    apple2/crt0.s:13
c_sp (zeropage.o):
    callmain.o                /home/iolo/workspace/tmp/cc65/asminc/zeropage.inc:11
    subysp.o                  runtime/subysp.s:9
    pushax.o                  runtime/pushax.s:8
    pusha.o                   runtime/pusha.s:8
    popptr1.o                 runtime/popptr1.s:9
    popa.o                    runtime/popa.s:8
    incsp2.o                  runtime/incsp2.s:8
    incsp1.o                  runtime/incsp1.s:8
    decsp5.o                  runtime/decsp5.s:8
    decsp4.o                  runtime/decsp4.s:8
    decsp3.o                  runtime/decsp3.s:8
    decsp2.o                  runtime/decsp2.s:8
    decsp1.o                  runtime/decsp1.s:8
    crt0.o                    /home/iolo/workspace/tmp/cc65/asminc/zeropage.inc:11
    addysp.o                  runtime/addysp.s:8
    democ.c.17795.0.o         democ.c.17795.0.s:10
callmain (callmain.o):
    crt0.o                    apple2/crt0.s:12
cursor (_cursor.o):
    cgetc.o                   apple2/cgetc.s:14
decsp1 (decsp1.o):
    democ.c.17795.0.o         democ.c.17795.0.s:1510
    democ.c.17795.0.o         democ.c.17795.0.s:1510
decsp2 (decsp2.o):
    democ.c.17795.0.o         democ.c.17795.0.s:1510
    democ.c.17795.0.o         democ.c.17795.0.s:1510
    democ.c.17795.0.o         democ.c.17795.0.s:1510
    democ.c.17795.0.o         democ.c.17795.0.s:1510
decsp3 (decsp3.o):
    democ.c.17795.0.o         democ.c.17795.0.s:1510
    democ.c.17795.0.o         democ.c.17795.0.s:1510
    democ.c.17795.0.o         democ.c.17795.0.s:1510
decsp4 (decsp4.o):
    democ.c.17795.0.o         democ.c.17795.0.s:1510
    democ.c.17795.0.o         democ.c.17795.0.s:1510
    democ.c.17795.0.o         democ.c.17795.0.s:1510
    democ.c.17795.0.o         democ.c.17795.0.s:1510
decsp5 (decsp5.o):
    democ.c.17795.0.o         democ.c.17795.0.s:1510
done (crt0.o):
    callmain.o                apple2/callmain.s:11
donelib (condes.o):
    callmain.o                apple2/callmain.s:11
gotoxy (gotoxy.o):
    cputs.o                   conio/cputs.s:9
    cputc.o                   apple2/cputc.s:13
incsp1 (incsp1.o):
    democ.c.17795.0.o         democ.c.17795.0.s:1510
    democ.c.17795.0.o         democ.c.17795.0.s:1510
incsp2 (incsp2.o):
    popptr1.o                 runtime/popptr1.s:8
    democ.c.17795.0.o         democ.c.17795.0.s:1510
    democ.c.17795.0.o         democ.c.17795.0.s:1510
incsp3 (incsp3.o):
    democ.c.17795.0.o         democ.c.17795.0.s:1510
    democ.c.17795.0.o         democ.c.17795.0.s:1510
    democ.c.17795.0.o         democ.c.17795.0.s:1510
incsp4 (incsp4.o):
    democ.c.17795.0.o         democ.c.17795.0.s:1510
    democ.c.17795.0.o         democ.c.17795.0.s:1510
    democ.c.17795.0.o         democ.c.17795.0.s:1510
    democ.c.17795.0.o         democ.c.17795.0.s:1510
incsp5 (incsp5.o):
    democ.c.17795.0.o         democ.c.17795.0.s:1510
    democ.c.17795.0.o         democ.c.17795.0.s:1510
    democ.c.17795.0.o         democ.c.17795.0.s:1510
    democ.c.17795.0.o         democ.c.17795.0.s:1510
    democ.c.17795.0.o         democ.c.17795.0.s:1510
incsp6 (incsp6.o):
    democ.c.17795.0.o         democ.c.17795.0.s:1510
incsp7 (incsp7.o):
    democ.c.17795.0.o         democ.c.17795.0.s:1510
initlib (condes.o):
    crt0.o                    apple2/crt0.s:11
mulax6 (mulax6.o):
    democ.c.17795.0.o         democ.c.17795.0.s:1510
negax (negabs.o):
    shelp.o                   runtime/shelp.s:11
    mod.o                     runtime/mod.s:11
popa (popa.o):
    gotoxy.o                  apple2/gotoxy.s:9
popax (incsp2.o):
    shelp.o                   runtime/shelp.s:11
popptr1 (popptr1.o):
    udiv.o                    runtime/udiv.s:9
    mul8.o                    runtime/mul8.s:9
popsargsudiv16 (shelp.o):
    mod.o                     runtime/mod.s:11
ptr1 (zeropage.o):
    zerobss.o                 common/zerobss.s:9
    udiv.o                    runtime/udiv.s:10
    shelp.o                   runtime/shelp.s:12
    popptr1.o                 runtime/popptr1.s:9
    mulax6.o                  runtime/mulax6.s:9
    mul8.o                    runtime/mul8.s:10
    cputs.o                   conio/cputs.s:10
ptr4 (zeropage.o):
    udiv.o                    runtime/udiv.s:10
    shelp.o                   runtime/shelp.s:12
    mul8.o                    runtime/mul8.s:10
pusha (pusha.o):
    democ.c.17795.0.o         democ.c.17795.0.s:1510
    democ.c.17795.0.o         democ.c.17795.0.s:1510
    democ.c.17795.0.o         democ.c.17795.0.s:1510
    democ.c.17795.0.o         democ.c.17795.0.s:1510
    democ.c.17795.0.o         democ.c.17795.0.s:1510
    democ.c.17795.0.o         democ.c.17795.0.s:1510
pusha0 (pushax.o):
    democ.c.17795.0.o         democ.c.17795.0.s:1510
pushax (pushax.o):
    callmain.o                apple2/callmain.s:11
    democ.c.17795.0.o         democ.c.17795.0.s:1510
    democ.c.17795.0.o         democ.c.17795.0.s:1510
    democ.c.17795.0.o         democ.c.17795.0.s:1510
    democ.c.17795.0.o         democ.c.17795.0.s:1510
    democ.c.17795.0.o         democ.c.17795.0.s:1510
    democ.c.17795.0.o         democ.c.17795.0.s:1510
putchardirect (cputc.o):
    cgetc.o                   apple2/cgetc.s:14
reset (crt0.o):
    callmain.o                apple2/callmain.s:12
rvsave (crt0.o):
    callmain.o                apple2/callmain.s:12
sreg (zeropage.o):
    udiv.o                    runtime/udiv.s:10
    mod.o                     runtime/mod.s:12
subysp (subysp.o):
    democ.c.17795.0.o         democ.c.17795.0.s:1510
    democ.c.17795.0.o         democ.c.17795.0.s:1510
tmp1 (zeropage.o):
    shelp.o                   runtime/shelp.s:12
    mod.o                     runtime/mod.s:12
tmp2 (zeropage.o):
    shelp.o                   runtime/shelp.s:12
tmp3 (zeropage.o):
    cputc.o                   /home/iolo/workspace/tmp/cc65/asminc/zeropage.inc:13
    cgetc.o                   /home/iolo/workspace/tmp/cc65/asminc/zeropage.inc:13
tosmoda0 (mod.o):
    democ.c.17795.0.o         democ.c.17795.0.s:1510
tosumula0 (mul8.o):
    democ.c.17795.0.o         democ.c.17795.0.s:1510
udiv16 (udiv.o):
    shelp.o                   runtime/shelp.s:11
zerobss (zerobss.o):
    crt0.o                    apple2/crt0.s:12
zpsave (crt0.o):
    callmain.o                apple2/callmain.s:12

