ca65 V2.18 - Ubuntu 2.19-2build1
Main file   : democ.s
Current file: democ.s

000000r 1               ;
000000r 1               ; File generated by cc65 v 2.18 - Ubuntu 2.19-2build1
000000r 1               ;
000000r 1               	.fopt		compiler,"cc65 v 2.18 - Ubuntu 2.19-2build1"
000000r 1               	.setcpu		"65C02"
000000r 1               	.smart		on
000000r 1               	.autoimport	on
000000r 1               	.case		on
000000r 1               	.debuginfo	off
000000r 1               	.importzp	sp, sreg, regsave, regbank
000000r 1               	.importzp	tmp1, tmp2, tmp3, tmp4, ptr1, ptr2, ptr3, ptr4
000000r 1               	.macpack	longbranch
000000r 2               .macro  jeq     Target
000000r 2                       .if     .match(Target, 0)
000000r 2                       bne     *+5
000000r 2                       jmp     Target
000000r 2                       .elseif .def(Target) .and .const((*-2)-(Target)) .and ((*+2)-(Target) <= 127)
000000r 2                               beq     Target
000000r 2                       .else
000000r 2                               bne     *+5
000000r 2                               jmp     Target
000000r 2                       .endif
000000r 2               .endmacro
000000r 2               .macro  jne     Target
000000r 2                       .if     .match(Target, 0)
000000r 2                               beq     *+5
000000r 2                               jmp     Target
000000r 2                       .elseif .def(Target) .and .const((*-2)-(Target)) .and ((*+2)-(Target) <= 127)
000000r 2                               bne     Target
000000r 2                       .else
000000r 2                               beq     *+5
000000r 2                               jmp     Target
000000r 2                       .endif
000000r 2               .endmacro
000000r 2               .macro  jmi     Target
000000r 2                       .if     .match(Target, 0)
000000r 2                               bpl     *+5
000000r 2                               jmp     Target
000000r 2                       .elseif .def(Target) .and .const((*-2)-(Target)) .and ((*+2)-(Target) <= 127)
000000r 2                               bmi     Target
000000r 2                       .else
000000r 2                               bpl     *+5
000000r 2                               jmp     Target
000000r 2                       .endif
000000r 2               .endmacro
000000r 2               .macro  jpl     Target
000000r 2                       .if     .match(Target, 0)
000000r 2                               bmi     *+5
000000r 2                               jmp     Target
000000r 2                       .elseif .def(Target) .and .const((*-2)-(Target)) .and ((*+2)-(Target) <= 127)
000000r 2                               bpl     Target
000000r 2                       .else
000000r 2                               bmi     *+5
000000r 2                               jmp     Target
000000r 2                       .endif
000000r 2               .endmacro
000000r 2               .macro  jcs     Target
000000r 2                       .if     .match(Target, 0)
000000r 2                               bcc     *+5
000000r 2                               jmp     Target
000000r 2                       .elseif .def(Target) .and .const((*-2)-(Target)) .and ((*+2)-(Target) <= 127)
000000r 2                               bcs     Target
000000r 2                       .else
000000r 2                               bcc     *+5
000000r 2                               jmp     Target
000000r 2                       .endif
000000r 2               .endmacro
000000r 2               .macro  jcc     Target
000000r 2                       .if     .match(Target, 0)
000000r 2                               bcs     *+5
000000r 2                               jmp     Target
000000r 2                       .elseif .def(Target) .and .const((*-2)-(Target)) .and ((*+2)-(Target) <= 127)
000000r 2                               bcc     Target
000000r 2                       .else
000000r 2                               bcs     *+5
000000r 2                               jmp     Target
000000r 2                       .endif
000000r 2               .endmacro
000000r 2               .macro  jvs     Target
000000r 2                       .if     .match(Target, 0)
000000r 2                               bvc     *+5
000000r 2                               jmp     Target
000000r 2                       .elseif .def(Target) .and .const((*-2)-(Target)) .and ((*+2)-(Target) <= 127)
000000r 2                               bvs     Target
000000r 2                       .else
000000r 2                               bvc     *+5
000000r 2                               jmp     Target
000000r 2                       .endif
000000r 2               .endmacro
000000r 2               .macro  jvc     Target
000000r 2                       .if     .match(Target, 0)
000000r 2                               bvs     *+5
000000r 2                               jmp     Target
000000r 2                       .elseif .def(Target) .and .const((*-2)-(Target)) .and ((*+2)-(Target) <= 127)
000000r 2                               bvc     Target
000000r 2                       .else
000000r 2                               bvs     *+5
000000r 2                               jmp     Target
000000r 2                       .endif
000000r 2               .endmacro
000000r 2               
000000r 1               	.forceimport	__STARTUP__
000000r 1               	.import		_clrscr
000000r 1               	.import		_cputsxy
000000r 1               	.import		_cgetc
000000r 1               	.import		_rand
000000r 1               	.export		_dhgr_init
000000r 1               	.export		_dhgr_exit
000000r 1               	.export		_dhgr_cls
000000r 1               	.export		_dhgr_plot
000000r 1               	.export		_dhgr_hline
000000r 1               	.export		_dhgr_vline
000000r 1               	.export		_dhgr_rect
000000r 1               	.export		_dhgr_fillrect
000000r 1               	.export		_dhgr_pixmap
000000r 1               	.export		_dhgr_bitmap
000000r 1               	.export		_dhgr_puts
000000r 1               	.export		_dhgr_puts2
000000r 1               	.export		_dhgr_puts_utf8
000000r 1               	.export		_cls_demo
000000r 1               	.export		_plot_demo
000000r 1               	.export		_hline_demo
000000r 1               	.export		_vline_demo
000000r 1               	.export		_rect_demo
000000r 1               	.export		_fillrect_demo
000000r 1               	.export		_pixmap_demo
000000r 1               	.export		_bitmap_demo
000000r 1               	.export		_ascii
000000r 1               	.export		_ucs2
000000r 1               	.export		_utf8
000000r 1               	.export		_text_demo
000000r 1               	.export		_main
000000r 1               
000000r 1               .segment	"DATA"
000000r 1               
000000r 1               _ascii:
000000r 1  rr rr        	.addr	L01F3
000002r 1               _ucs2:
000002r 1  48 00        	.word	$0048
000004r 1  65 00        	.word	$0065
000006r 1  6C 00        	.word	$006C
000008r 1  6C 00        	.word	$006C
00000Ar 1  6F 00        	.word	$006F
00000Cr 1  2C 00        	.word	$002C
00000Er 1  77 00        	.word	$0077
000010r 1  6F 00        	.word	$006F
000012r 1  72 00        	.word	$0072
000014r 1  6C 00        	.word	$006C
000016r 1  64 00        	.word	$0064
000018r 1  21 00        	.word	$0021
00001Ar 1  20 00        	.word	$0020
00001Cr 1  5C D5        	.word	$D55C
00001Er 1  00 AE        	.word	$AE00
000020r 1  20 00        	.word	$0020
000022r 1  00 AC        	.word	$AC00
000024r 1  98 B0        	.word	$B098
000026r 1  E4 B2        	.word	$B2E4
000028r 1  7C B7        	.word	$B77C
00002Ar 1  00 00        	.word	$0000
00002Cr 1               _utf8:
00002Cr 1  rr rr        	.addr	L020A
00002Er 1               
00002Er 1               .segment	"RODATA"
000000r 1               
000000r 1               L02ED:
000000r 1  50 72 65 73  	.byte	$50,$72,$65,$73,$73,$20,$61,$6E,$79,$20,$6B,$65,$79,$20,$74,$6F
000004r 1  73 20 61 6E  
000008r 1  79 20 6B 65  
000010r 1  20 63 6F 6E  	.byte	$20,$63,$6F,$6E,$74,$69,$6E,$75,$65,$2E,$2E,$2E,$00
000014r 1  74 69 6E 75  
000018r 1  65 2E 2E 2E  
00001Dr 1               L01F3:
00001Dr 1  48 65 6C 6C  	.byte	$48,$65,$6C,$6C,$6F,$2C,$57,$6F,$72,$6C,$64,$21,$20,$31,$32,$33
000021r 1  6F 2C 57 6F  
000025r 1  72 6C 64 21  
00002Dr 1  34 35 36 37  	.byte	$34,$35,$36,$37,$38,$39,$30,$00
000031r 1  38 39 30 00  
000035r 1               L023E:
000035r 1  50 72 65 73  	.byte	$50,$72,$65,$73,$73,$20,$61,$6E,$79,$20,$6B,$65,$79,$2E,$2E,$2E
000039r 1  73 20 61 6E  
00003Dr 1  79 20 6B 65  
000045r 1  00           	.byte	$00
000046r 1               L0224	:=	L023E+0
000046r 1               L027B:
000046r 1  36 2E 20 46  	.byte	$36,$2E,$20,$46,$49,$4C,$4C,$52,$45,$43,$54,$00
00004Ar 1  49 4C 4C 52  
00004Er 1  45 43 54 00  
000052r 1               L025D:
000052r 1  44 48 47 52  	.byte	$44,$48,$47,$52,$58,$20,$44,$45,$4D,$4F,$00
000056r 1  58 20 44 45  
00005Ar 1  4D 4F 00     
00005Dr 1               L0280:
00005Dr 1  37 2E 20 50  	.byte	$37,$2E,$20,$50,$49,$58,$4D,$41,$50,$00
000061r 1  49 58 4D 41  
000065r 1  50 00        
000067r 1               L020A:
000067r 1  48 69 2C ED  	.byte	$48,$69,$2C,$ED,$95,$9C,$EA,$B8,$80,$00
00006Br 1  95 9C EA B8  
00006Fr 1  80 00        
000071r 1               L0285:
000071r 1  38 2E 20 42  	.byte	$38,$2E,$20,$42,$49,$54,$4D,$41,$50,$00
000075r 1  49 54 4D 41  
000079r 1  50 00        
00007Br 1               L0271:
00007Br 1  34 2E 20 56  	.byte	$34,$2E,$20,$56,$4C,$49,$4E,$45,$00
00007Fr 1  4C 49 4E 45  
000083r 1  00           
000084r 1               L026C:
000084r 1  33 2E 20 48  	.byte	$33,$2E,$20,$48,$4C,$49,$4E,$45,$00
000088r 1  4C 49 4E 45  
00008Cr 1  00           
00008Dr 1               L0294:
00008Dr 1  53 45 4C 45  	.byte	$53,$45,$4C,$45,$43,$54,$2E,$2E,$00
000091r 1  43 54 2E 2E  
000095r 1  00           
000096r 1               L02CF	:=	L027B+3
000096r 1               L028F:
000096r 1  51 2E 20 51  	.byte	$51,$2E,$20,$51,$55,$49,$54,$00
00009Ar 1  55 49 54 00  
00009Er 1               L0276:
00009Er 1  35 2E 20 52  	.byte	$35,$2E,$20,$52,$45,$43,$54,$00
0000A2r 1  45 43 54 00  
0000A6r 1               L028A:
0000A6r 1  39 2E 20 54  	.byte	$39,$2E,$20,$54,$45,$58,$54,$00
0000AAr 1  45 58 54 00  
0000AEr 1               L0267:
0000AEr 1  32 2E 20 50  	.byte	$32,$2E,$20,$50,$4C,$4F,$54,$00
0000B2r 1  4C 4F 54 00  
0000B6r 1               L02D7	:=	L0280+3
0000B6r 1               L0262:
0000B6r 1  31 2E 20 43  	.byte	$31,$2E,$20,$43,$4C,$53,$00
0000BAr 1  4C 53 00     
0000BDr 1               L02DF	:=	L0285+3
0000BDr 1               L02BF	:=	L0271+3
0000BDr 1               L02B7	:=	L026C+3
0000BDr 1               L02C7	:=	L027B+7
0000BDr 1               L02E7	:=	L028A+3
0000BDr 1               L02AF	:=	L0267+3
0000BDr 1               L02A7	:=	L0262+3
0000BDr 1               
0000BDr 1               ; ---------------------------------------------------------------
0000BDr 1               ; void __near__ __fastcall__ dhgr_init (void)
0000BDr 1               ; ---------------------------------------------------------------
0000BDr 1               
0000BDr 1               .segment	"CODE"
000000r 1               
000000r 1               .proc	_dhgr_init: near
000000r 1               
000000r 1               .segment	"CODE"
000000r 1               
000000r 1  4C 00 60     	jmp     $6000
000003r 1               
000003r 1               .endproc
000003r 1               
000003r 1               ; ---------------------------------------------------------------
000003r 1               ; void __near__ __fastcall__ dhgr_exit (void)
000003r 1               ; ---------------------------------------------------------------
000003r 1               
000003r 1               .segment	"CODE"
000003r 1               
000003r 1               .proc	_dhgr_exit: near
000003r 1               
000003r 1               .segment	"CODE"
000003r 1               
000003r 1  4C 03 60     	jmp     $6003
000006r 1               
000006r 1               .endproc
000006r 1               
000006r 1               ; ---------------------------------------------------------------
000006r 1               ; void __near__ __fastcall__ dhgr_cls (unsigned char)
000006r 1               ; ---------------------------------------------------------------
000006r 1               
000006r 1               .segment	"CODE"
000006r 1               
000006r 1               .proc	_dhgr_cls: near
000006r 1               
000006r 1               .segment	"CODE"
000006r 1               
000006r 1  20 rr rr     	jsr     pusha
000009r 1  A0 00        	ldy     #$00
00000Br 1  A2 00        	ldx     #$00
00000Dr 1  B2 rr        	lda     (sp)
00000Fr 1  85 FE        	sta     $00FE
000011r 1  20 06 60     	jsr     $6006
000014r 1  4C rr rr     	jmp     incsp1
000017r 1               
000017r 1               .endproc
000017r 1               
000017r 1               ; ---------------------------------------------------------------
000017r 1               ; void __near__ __fastcall__ dhgr_plot (unsigned char, unsigned char, unsigned char)
000017r 1               ; ---------------------------------------------------------------
000017r 1               
000017r 1               .segment	"CODE"
000017r 1               
000017r 1               .proc	_dhgr_plot: near
000017r 1               
000017r 1               .segment	"CODE"
000017r 1               
000017r 1  20 rr rr     	jsr     pusha
00001Ar 1  A0 02        	ldy     #$02
00001Cr 1  B1 rr        	lda     (sp),y
00001Er 1  85 FA        	sta     $00FA
000020r 1  88           	dey
000021r 1  B1 rr        	lda     (sp),y
000023r 1  85 FB        	sta     $00FB
000025r 1  88           	dey
000026r 1  A2 00        	ldx     #$00
000028r 1  B2 rr        	lda     (sp)
00002Ar 1  85 FE        	sta     $00FE
00002Cr 1  20 09 60     	jsr     $6009
00002Fr 1  4C rr rr     	jmp     incsp3
000032r 1               
000032r 1               .endproc
000032r 1               
000032r 1               ; ---------------------------------------------------------------
000032r 1               ; void __near__ __fastcall__ dhgr_hline (unsigned char, unsigned char, unsigned char, unsigned char)
000032r 1               ; ---------------------------------------------------------------
000032r 1               
000032r 1               .segment	"CODE"
000032r 1               
000032r 1               .proc	_dhgr_hline: near
000032r 1               
000032r 1               .segment	"CODE"
000032r 1               
000032r 1  20 rr rr     	jsr     pusha
000035r 1  A0 03        	ldy     #$03
000037r 1  B1 rr        	lda     (sp),y
000039r 1  85 FA        	sta     $00FA
00003Br 1  88           	dey
00003Cr 1  B1 rr        	lda     (sp),y
00003Er 1  85 FB        	sta     $00FB
000040r 1  88           	dey
000041r 1  B1 rr        	lda     (sp),y
000043r 1  85 FC        	sta     $00FC
000045r 1  88           	dey
000046r 1  A2 00        	ldx     #$00
000048r 1  B2 rr        	lda     (sp)
00004Ar 1  85 FE        	sta     $00FE
00004Cr 1  20 0C 60     	jsr     $600C
00004Fr 1  4C rr rr     	jmp     incsp4
000052r 1               
000052r 1               .endproc
000052r 1               
000052r 1               ; ---------------------------------------------------------------
000052r 1               ; void __near__ __fastcall__ dhgr_vline (unsigned char, unsigned char, unsigned char, unsigned char)
000052r 1               ; ---------------------------------------------------------------
000052r 1               
000052r 1               .segment	"CODE"
000052r 1               
000052r 1               .proc	_dhgr_vline: near
000052r 1               
000052r 1               .segment	"CODE"
000052r 1               
000052r 1  20 rr rr     	jsr     pusha
000055r 1  A0 03        	ldy     #$03
000057r 1  B1 rr        	lda     (sp),y
000059r 1  85 FA        	sta     $00FA
00005Br 1  88           	dey
00005Cr 1  B1 rr        	lda     (sp),y
00005Er 1  85 FB        	sta     $00FB
000060r 1  88           	dey
000061r 1  B1 rr        	lda     (sp),y
000063r 1  85 FD        	sta     $00FD
000065r 1  88           	dey
000066r 1  A2 00        	ldx     #$00
000068r 1  B2 rr        	lda     (sp)
00006Ar 1  85 FE        	sta     $00FE
00006Cr 1  20 0F 60     	jsr     $600F
00006Fr 1  4C rr rr     	jmp     incsp4
000072r 1               
000072r 1               .endproc
000072r 1               
000072r 1               ; ---------------------------------------------------------------
000072r 1               ; void __near__ __fastcall__ dhgr_rect (unsigned char, unsigned char, unsigned char, unsigned char, unsigned char)
000072r 1               ; ---------------------------------------------------------------
000072r 1               
000072r 1               .segment	"CODE"
000072r 1               
000072r 1               .proc	_dhgr_rect: near
000072r 1               
000072r 1               .segment	"CODE"
000072r 1               
000072r 1  20 rr rr     	jsr     pusha
000075r 1  A0 04        	ldy     #$04
000077r 1  B1 rr        	lda     (sp),y
000079r 1  85 FA        	sta     $00FA
00007Br 1  88           	dey
00007Cr 1  B1 rr        	lda     (sp),y
00007Er 1  85 FB        	sta     $00FB
000080r 1  88           	dey
000081r 1  B1 rr        	lda     (sp),y
000083r 1  85 FC        	sta     $00FC
000085r 1  88           	dey
000086r 1  B1 rr        	lda     (sp),y
000088r 1  85 FD        	sta     $00FD
00008Ar 1  88           	dey
00008Br 1  A2 00        	ldx     #$00
00008Dr 1  B2 rr        	lda     (sp)
00008Fr 1  85 FE        	sta     $00FE
000091r 1  20 12 60     	jsr     $6012
000094r 1  4C rr rr     	jmp     incsp5
000097r 1               
000097r 1               .endproc
000097r 1               
000097r 1               ; ---------------------------------------------------------------
000097r 1               ; void __near__ __fastcall__ dhgr_fillrect (unsigned char, unsigned char, unsigned char, unsigned char, unsigned char)
000097r 1               ; ---------------------------------------------------------------
000097r 1               
000097r 1               .segment	"CODE"
000097r 1               
000097r 1               .proc	_dhgr_fillrect: near
000097r 1               
000097r 1               .segment	"CODE"
000097r 1               
000097r 1  20 rr rr     	jsr     pusha
00009Ar 1  A0 04        	ldy     #$04
00009Cr 1  B1 rr        	lda     (sp),y
00009Er 1  85 FA        	sta     $00FA
0000A0r 1  88           	dey
0000A1r 1  B1 rr        	lda     (sp),y
0000A3r 1  85 FB        	sta     $00FB
0000A5r 1  88           	dey
0000A6r 1  B1 rr        	lda     (sp),y
0000A8r 1  85 FC        	sta     $00FC
0000AAr 1  88           	dey
0000ABr 1  B1 rr        	lda     (sp),y
0000ADr 1  85 FD        	sta     $00FD
0000AFr 1  88           	dey
0000B0r 1  A2 00        	ldx     #$00
0000B2r 1  B2 rr        	lda     (sp)
0000B4r 1  85 FE        	sta     $00FE
0000B6r 1  20 15 60     	jsr     $6015
0000B9r 1  4C rr rr     	jmp     incsp5
0000BCr 1               
0000BCr 1               .endproc
0000BCr 1               
0000BCr 1               ; ---------------------------------------------------------------
0000BCr 1               ; void __near__ __fastcall__ dhgr_pixmap (unsigned char, unsigned char, unsigned char, unsigned char, __near__ const unsigned char *)
0000BCr 1               ; ---------------------------------------------------------------
0000BCr 1               
0000BCr 1               .segment	"CODE"
0000BCr 1               
0000BCr 1               .proc	_dhgr_pixmap: near
0000BCr 1               
0000BCr 1               .segment	"CODE"
0000BCr 1               
0000BCr 1  20 rr rr     	jsr     pushax
0000BFr 1  A0 05        	ldy     #$05
0000C1r 1  B1 rr        	lda     (sp),y
0000C3r 1  85 FA        	sta     $00FA
0000C5r 1  88           	dey
0000C6r 1  B1 rr        	lda     (sp),y
0000C8r 1  85 FB        	sta     $00FB
0000CAr 1  88           	dey
0000CBr 1  B1 rr        	lda     (sp),y
0000CDr 1  85 FC        	sta     $00FC
0000CFr 1  88           	dey
0000D0r 1  B1 rr        	lda     (sp),y
0000D2r 1  85 FD        	sta     $00FD
0000D4r 1  B2 rr        	lda     (sp)
0000D6r 1  85 CE        	sta     $00CE
0000D8r 1  88           	dey
0000D9r 1  B1 rr        	lda     (sp),y
0000DBr 1  A2 00        	ldx     #$00
0000DDr 1  85 CF        	sta     $00CF
0000DFr 1  20 18 60     	jsr     $6018
0000E2r 1  4C rr rr     	jmp     incsp6
0000E5r 1               
0000E5r 1               .endproc
0000E5r 1               
0000E5r 1               ; ---------------------------------------------------------------
0000E5r 1               ; void __near__ __fastcall__ dhgr_bitmap (unsigned char, unsigned char, unsigned char, unsigned char, unsigned char, __near__ const unsigned char *)
0000E5r 1               ; ---------------------------------------------------------------
0000E5r 1               
0000E5r 1               .segment	"CODE"
0000E5r 1               
0000E5r 1               .proc	_dhgr_bitmap: near
0000E5r 1               
0000E5r 1               .segment	"CODE"
0000E5r 1               
0000E5r 1  20 rr rr     	jsr     pushax
0000E8r 1  A0 06        	ldy     #$06
0000EAr 1  B1 rr        	lda     (sp),y
0000ECr 1  85 FA        	sta     $00FA
0000EEr 1  88           	dey
0000EFr 1  B1 rr        	lda     (sp),y
0000F1r 1  85 FB        	sta     $00FB
0000F3r 1  88           	dey
0000F4r 1  B1 rr        	lda     (sp),y
0000F6r 1  85 FC        	sta     $00FC
0000F8r 1  88           	dey
0000F9r 1  B1 rr        	lda     (sp),y
0000FBr 1  85 FD        	sta     $00FD
0000FDr 1  88           	dey
0000FEr 1  B1 rr        	lda     (sp),y
000100r 1  85 FE        	sta     $00FE
000102r 1  B2 rr        	lda     (sp)
000104r 1  85 CE        	sta     $00CE
000106r 1  88           	dey
000107r 1  B1 rr        	lda     (sp),y
000109r 1  A2 00        	ldx     #$00
00010Br 1  85 CF        	sta     $00CF
00010Dr 1  20 1B 60     	jsr     $601B
000110r 1  4C rr rr     	jmp     incsp7
000113r 1               
000113r 1               .endproc
000113r 1               
000113r 1               ; ---------------------------------------------------------------
000113r 1               ; void __near__ __fastcall__ dhgr_puts (unsigned char, unsigned char, unsigned char, __near__ const unsigned char *)
000113r 1               ; ---------------------------------------------------------------
000113r 1               
000113r 1               .segment	"CODE"
000113r 1               
000113r 1               .proc	_dhgr_puts: near
000113r 1               
000113r 1               .segment	"CODE"
000113r 1               
000113r 1  20 rr rr     	jsr     pushax
000116r 1  A0 04        	ldy     #$04
000118r 1  B1 rr        	lda     (sp),y
00011Ar 1  85 FA        	sta     $00FA
00011Cr 1  88           	dey
00011Dr 1  B1 rr        	lda     (sp),y
00011Fr 1  85 FB        	sta     $00FB
000121r 1  88           	dey
000122r 1  B1 rr        	lda     (sp),y
000124r 1  85 FE        	sta     $00FE
000126r 1  B2 rr        	lda     (sp)
000128r 1  85 CE        	sta     $00CE
00012Ar 1  88           	dey
00012Br 1  B1 rr        	lda     (sp),y
00012Dr 1  A2 00        	ldx     #$00
00012Fr 1  85 CF        	sta     $00CF
000131r 1  20 21 60     	jsr     $6021
000134r 1  4C rr rr     	jmp     incsp5
000137r 1               
000137r 1               .endproc
000137r 1               
000137r 1               ; ---------------------------------------------------------------
000137r 1               ; void __near__ __fastcall__ dhgr_puts2 (unsigned char, unsigned char, unsigned char, __near__ const unsigned int *)
000137r 1               ; ---------------------------------------------------------------
000137r 1               
000137r 1               .segment	"CODE"
000137r 1               
000137r 1               .proc	_dhgr_puts2: near
000137r 1               
000137r 1               .segment	"CODE"
000137r 1               
000137r 1  20 rr rr     	jsr     pushax
00013Ar 1  A0 04        	ldy     #$04
00013Cr 1  B1 rr        	lda     (sp),y
00013Er 1  85 FA        	sta     $00FA
000140r 1  88           	dey
000141r 1  B1 rr        	lda     (sp),y
000143r 1  85 FB        	sta     $00FB
000145r 1  88           	dey
000146r 1  B1 rr        	lda     (sp),y
000148r 1  85 FE        	sta     $00FE
00014Ar 1  B2 rr        	lda     (sp)
00014Cr 1  85 CE        	sta     $00CE
00014Er 1  88           	dey
00014Fr 1  B1 rr        	lda     (sp),y
000151r 1  A2 00        	ldx     #$00
000153r 1  85 CF        	sta     $00CF
000155r 1  20 27 60     	jsr     $6027
000158r 1  4C rr rr     	jmp     incsp5
00015Br 1               
00015Br 1               .endproc
00015Br 1               
00015Br 1               ; ---------------------------------------------------------------
00015Br 1               ; void __near__ __fastcall__ dhgr_puts_utf8 (unsigned char, unsigned char, unsigned char, __near__ const unsigned char *)
00015Br 1               ; ---------------------------------------------------------------
00015Br 1               
00015Br 1               .segment	"CODE"
00015Br 1               
00015Br 1               .proc	_dhgr_puts_utf8: near
00015Br 1               
00015Br 1               .segment	"CODE"
00015Br 1               
00015Br 1  20 rr rr     	jsr     pushax
00015Er 1  A0 04        	ldy     #$04
000160r 1  B1 rr        	lda     (sp),y
000162r 1  85 FA        	sta     $00FA
000164r 1  88           	dey
000165r 1  B1 rr        	lda     (sp),y
000167r 1  85 FB        	sta     $00FB
000169r 1  88           	dey
00016Ar 1  B1 rr        	lda     (sp),y
00016Cr 1  85 FE        	sta     $00FE
00016Er 1  B2 rr        	lda     (sp)
000170r 1  85 CE        	sta     $00CE
000172r 1  88           	dey
000173r 1  B1 rr        	lda     (sp),y
000175r 1  A2 00        	ldx     #$00
000177r 1  85 CF        	sta     $00CF
000179r 1  20 2A 60     	jsr     $602A
00017Cr 1  4C rr rr     	jmp     incsp5
00017Fr 1               
00017Fr 1               .endproc
00017Fr 1               
00017Fr 1               ; ---------------------------------------------------------------
00017Fr 1               ; void __near__ cls_demo (void)
00017Fr 1               ; ---------------------------------------------------------------
00017Fr 1               
00017Fr 1               .segment	"CODE"
00017Fr 1               
00017Fr 1               .proc	_cls_demo: near
00017Fr 1               
00017Fr 1               .segment	"CODE"
00017Fr 1               
00017Fr 1  20 rr rr     	jsr     decsp1
000182r 1  A9 00        	lda     #$00
000184r 1  92 rr        L02F3:	sta     (sp)
000186r 1  C9 10        	cmp     #$10
000188r 1  B0 0A        	bcs     L00D5
00018Ar 1  B2 rr        	lda     (sp)
00018Cr 1  20 rr rr     	jsr     _dhgr_cls
00018Fr 1  B2 rr        	lda     (sp)
000191r 1  1A           	ina
000192r 1  80 F0        	bra     L02F3
000194r 1  4C rr rr     L00D5:	jmp     incsp1
000197r 1               
000197r 1               .endproc
000197r 1               
000197r 1               ; ---------------------------------------------------------------
000197r 1               ; void __near__ plot_demo (void)
000197r 1               ; ---------------------------------------------------------------
000197r 1               
000197r 1               .segment	"CODE"
000197r 1               
000197r 1               .proc	_plot_demo: near
000197r 1               
000197r 1               .segment	"CODE"
000197r 1               
000197r 1  20 rr rr     	jsr     decsp4
00019Ar 1  A9 00        	lda     #$00
00019Cr 1  A0 03        	ldy     #$03
00019Er 1  91 rr        L02F6:	sta     (sp),y
0001A0r 1  C9 64        	cmp     #$64
0001A2r 1  B0 4F        	bcs     L00E0
0001A4r 1  20 rr rr     	jsr     _rand
0001A7r 1  20 rr rr     	jsr     pushax
0001AAr 1  A2 00        	ldx     #$00
0001ACr 1  A9 8C        	lda     #$8C
0001AEr 1  20 rr rr     	jsr     tosmoda0
0001B1r 1  A0 02        	ldy     #$02
0001B3r 1  91 rr        	sta     (sp),y
0001B5r 1  20 rr rr     	jsr     _rand
0001B8r 1  20 rr rr     	jsr     pushax
0001BBr 1  A2 00        	ldx     #$00
0001BDr 1  A9 C0        	lda     #$C0
0001BFr 1  20 rr rr     	jsr     tosmoda0
0001C2r 1  A0 01        	ldy     #$01
0001C4r 1  91 rr        	sta     (sp),y
0001C6r 1  20 rr rr     	jsr     _rand
0001C9r 1  20 rr rr     	jsr     pushax
0001CCr 1  A2 00        	ldx     #$00
0001CEr 1  A9 10        	lda     #$10
0001D0r 1  20 rr rr     	jsr     tosmoda0
0001D3r 1  92 rr        	sta     (sp)
0001D5r 1  20 rr rr     	jsr     decsp2
0001D8r 1  A0 04        	ldy     #$04
0001DAr 1  B1 rr        	lda     (sp),y
0001DCr 1  A0 01        	ldy     #$01
0001DEr 1  91 rr        	sta     (sp),y
0001E0r 1  A0 03        	ldy     #$03
0001E2r 1  B1 rr        	lda     (sp),y
0001E4r 1  92 rr        	sta     (sp)
0001E6r 1  88           	dey
0001E7r 1  B1 rr        	lda     (sp),y
0001E9r 1  20 rr rr     	jsr     _dhgr_plot
0001ECr 1  A0 03        	ldy     #$03
0001EEr 1  B1 rr        	lda     (sp),y
0001F0r 1  1A           	ina
0001F1r 1  80 AB        	bra     L02F6
0001F3r 1  4C rr rr     L00E0:	jmp     incsp4
0001F6r 1               
0001F6r 1               .endproc
0001F6r 1               
0001F6r 1               ; ---------------------------------------------------------------
0001F6r 1               ; void __near__ hline_demo (void)
0001F6r 1               ; ---------------------------------------------------------------
0001F6r 1               
0001F6r 1               .segment	"CODE"
0001F6r 1               
0001F6r 1               .proc	_hline_demo: near
0001F6r 1               
0001F6r 1               .segment	"CODE"
0001F6r 1               
0001F6r 1  20 rr rr     	jsr     decsp3
0001F9r 1  A9 00        	lda     #$00
0001FBr 1  A0 02        	ldy     #$02
0001FDr 1  91 rr        	sta     (sp),y
0001FFr 1  1A           	ina
000200r 1  92 rr        	sta     (sp)
000202r 1  3A           	dea
000203r 1  88           	dey
000204r 1  91 rr        L02F9:	sta     (sp),y
000206r 1  C9 C0        	cmp     #$C0
000208r 1  B0 49        	bcs     L00F7
00020Ar 1  20 rr rr     	jsr     decsp3
00020Dr 1  A0 05        	ldy     #$05
00020Fr 1  B1 rr        	lda     (sp),y
000211r 1  A0 02        	ldy     #$02
000213r 1  91 rr        	sta     (sp),y
000215r 1  A0 04        	ldy     #$04
000217r 1  B1 rr        	lda     (sp),y
000219r 1  A0 01        	ldy     #$01
00021Br 1  91 rr        	sta     (sp),y
00021Dr 1  A9 8B        	lda     #$8B
00021Fr 1  38           	sec
000220r 1  A0 05        	ldy     #$05
000222r 1  F1 rr        	sbc     (sp),y
000224r 1  92 rr        	sta     (sp)
000226r 1  A0 03        	ldy     #$03
000228r 1  B1 rr        	lda     (sp),y
00022Ar 1  20 rr rr     	jsr     _dhgr_hline
00022Dr 1  18           	clc
00022Er 1  A9 01        	lda     #$01
000230r 1  72 rr        	adc     (sp)
000232r 1  92 rr        	sta     (sp)
000234r 1  C9 10        	cmp     #$10
000236r 1  90 04        	bcc     L0103
000238r 1  A9 00        	lda     #$00
00023Ar 1  92 rr        	sta     (sp)
00023Cr 1  A0 02        L0103:	ldy     #$02
00023Er 1  18           	clc
00023Fr 1  A9 01        	lda     #$01
000241r 1  71 rr        	adc     (sp),y
000243r 1  91 rr        	sta     (sp),y
000245r 1  C9 3D        	cmp     #$3D
000247r 1  90 04        	bcc     L00F8
000249r 1  A9 00        	lda     #$00
00024Br 1  91 rr        	sta     (sp),y
00024Dr 1  88           L00F8:	dey
00024Er 1  B1 rr        	lda     (sp),y
000250r 1  1A           	ina
000251r 1  80 B1        	bra     L02F9
000253r 1  4C rr rr     L00F7:	jmp     incsp3
000256r 1               
000256r 1               .endproc
000256r 1               
000256r 1               ; ---------------------------------------------------------------
000256r 1               ; void __near__ vline_demo (void)
000256r 1               ; ---------------------------------------------------------------
000256r 1               
000256r 1               .segment	"CODE"
000256r 1               
000256r 1               .proc	_vline_demo: near
000256r 1               
000256r 1               .segment	"CODE"
000256r 1               
000256r 1  20 rr rr     	jsr     decsp3
000259r 1  A9 00        	lda     #$00
00025Br 1  A0 01        	ldy     #$01
00025Dr 1  91 rr        	sta     (sp),y
00025Fr 1  98           	tya
000260r 1  92 rr        	sta     (sp)
000262r 1  3A           	dea
000263r 1  C8           	iny
000264r 1  91 rr        L02FC:	sta     (sp),y
000266r 1  C9 8C        	cmp     #$8C
000268r 1  B0 47        	bcs     L0111
00026Ar 1  20 rr rr     	jsr     decsp3
00026Dr 1  A0 05        	ldy     #$05
00026Fr 1  B1 rr        	lda     (sp),y
000271r 1  A0 02        	ldy     #$02
000273r 1  91 rr        	sta     (sp),y
000275r 1  A0 04        	ldy     #$04
000277r 1  B1 rr        	lda     (sp),y
000279r 1  A0 01        	ldy     #$01
00027Br 1  91 rr        	sta     (sp),y
00027Dr 1  A9 BF        	lda     #$BF
00027Fr 1  38           	sec
000280r 1  A0 04        	ldy     #$04
000282r 1  F1 rr        	sbc     (sp),y
000284r 1  92 rr        	sta     (sp)
000286r 1  88           	dey
000287r 1  B1 rr        	lda     (sp),y
000289r 1  20 rr rr     	jsr     _dhgr_vline
00028Cr 1  18           	clc
00028Dr 1  A9 01        	lda     #$01
00028Fr 1  72 rr        	adc     (sp)
000291r 1  92 rr        	sta     (sp)
000293r 1  C9 10        	cmp     #$10
000295r 1  90 04        	bcc     L011D
000297r 1  A9 00        	lda     #$00
000299r 1  92 rr        	sta     (sp)
00029Br 1  A0 01        L011D:	ldy     #$01
00029Dr 1  18           	clc
00029Er 1  98           	tya
00029Fr 1  71 rr        	adc     (sp),y
0002A1r 1  91 rr        	sta     (sp),y
0002A3r 1  C9 3D        	cmp     #$3D
0002A5r 1  90 04        	bcc     L0112
0002A7r 1  A9 00        	lda     #$00
0002A9r 1  91 rr        	sta     (sp),y
0002ABr 1  C8           L0112:	iny
0002ACr 1  B1 rr        	lda     (sp),y
0002AEr 1  1A           	ina
0002AFr 1  80 B3        	bra     L02FC
0002B1r 1  4C rr rr     L0111:	jmp     incsp3
0002B4r 1               
0002B4r 1               .endproc
0002B4r 1               
0002B4r 1               ; ---------------------------------------------------------------
0002B4r 1               ; void __near__ rect_demo (void)
0002B4r 1               ; ---------------------------------------------------------------
0002B4r 1               
0002B4r 1               .segment	"CODE"
0002B4r 1               
0002B4r 1               .proc	_rect_demo: near
0002B4r 1               
0002B4r 1               .segment	"CODE"
0002B4r 1               
0002B4r 1  20 rr rr     	jsr     decsp2
0002B7r 1  A9 00        	lda     #$00
0002B9r 1  92 rr        	sta     (sp)
0002BBr 1  A0 01        	ldy     #$01
0002BDr 1  91 rr        L02FF:	sta     (sp),y
0002BFr 1  C9 3C        	cmp     #$3C
0002C1r 1  B0 43        	bcs     L0129
0002C3r 1  20 rr rr     	jsr     decsp4
0002C6r 1  A0 05        	ldy     #$05
0002C8r 1  B1 rr        	lda     (sp),y
0002CAr 1  A0 03        	ldy     #$03
0002CCr 1  91 rr        	sta     (sp),y
0002CEr 1  A0 05        	ldy     #$05
0002D0r 1  B1 rr        	lda     (sp),y
0002D2r 1  A0 02        	ldy     #$02
0002D4r 1  91 rr        	sta     (sp),y
0002D6r 1  A9 8B        	lda     #$8B
0002D8r 1  38           	sec
0002D9r 1  A0 05        	ldy     #$05
0002DBr 1  F1 rr        	sbc     (sp),y
0002DDr 1  A0 01        	ldy     #$01
0002DFr 1  91 rr        	sta     (sp),y
0002E1r 1  A9 BF        	lda     #$BF
0002E3r 1  38           	sec
0002E4r 1  A0 05        	ldy     #$05
0002E6r 1  F1 rr        	sbc     (sp),y
0002E8r 1  92 rr        	sta     (sp)
0002EAr 1  88           	dey
0002EBr 1  B1 rr        	lda     (sp),y
0002EDr 1  20 rr rr     	jsr     _dhgr_rect
0002F0r 1  18           	clc
0002F1r 1  A9 01        	lda     #$01
0002F3r 1  72 rr        	adc     (sp)
0002F5r 1  92 rr        	sta     (sp)
0002F7r 1  C9 10        	cmp     #$10
0002F9r 1  90 04        	bcc     L012A
0002FBr 1  A9 00        	lda     #$00
0002FDr 1  92 rr        	sta     (sp)
0002FFr 1  A0 01        L012A:	ldy     #$01
000301r 1  B1 rr        	lda     (sp),y
000303r 1  1A           	ina
000304r 1  80 B7        	bra     L02FF
000306r 1  4C rr rr     L0129:	jmp     incsp2
000309r 1               
000309r 1               .endproc
000309r 1               
000309r 1               ; ---------------------------------------------------------------
000309r 1               ; void __near__ fillrect_demo (void)
000309r 1               ; ---------------------------------------------------------------
000309r 1               
000309r 1               .segment	"CODE"
000309r 1               
000309r 1               .proc	_fillrect_demo: near
000309r 1               
000309r 1               .segment	"CODE"
000309r 1               
000309r 1  20 rr rr     	jsr     decsp4
00030Cr 1  A9 00        	lda     #$00
00030Er 1  A0 02        	ldy     #$02
000310r 1  91 rr        	sta     (sp),y
000312r 1  88           	dey
000313r 1  91 rr        	sta     (sp),y
000315r 1  92 rr        	sta     (sp)
000317r 1  A0 03        	ldy     #$03
000319r 1  91 rr        L0302:	sta     (sp),y
00031Br 1  C9 3C        	cmp     #$3C
00031Dr 1  B0 70        	bcs     L0142
00031Fr 1  20 rr rr     	jsr     decsp4
000322r 1  A0 06        	ldy     #$06
000324r 1  B1 rr        	lda     (sp),y
000326r 1  A0 03        	ldy     #$03
000328r 1  91 rr        	sta     (sp),y
00032Ar 1  A0 05        	ldy     #$05
00032Cr 1  B1 rr        	lda     (sp),y
00032Er 1  A0 02        	ldy     #$02
000330r 1  91 rr        	sta     (sp),y
000332r 1  A0 06        	ldy     #$06
000334r 1  B1 rr        	lda     (sp),y
000336r 1  18           	clc
000337r 1  69 14        	adc     #$14
000339r 1  38           	sec
00033Ar 1  E9 01        	sbc     #$01
00033Cr 1  38           	sec
00033Dr 1  E9 01        	sbc     #$01
00033Fr 1  A0 01        	ldy     #$01
000341r 1  91 rr        	sta     (sp),y
000343r 1  A0 05        	ldy     #$05
000345r 1  B1 rr        	lda     (sp),y
000347r 1  18           	clc
000348r 1  69 14        	adc     #$14
00034Ar 1  38           	sec
00034Br 1  E9 01        	sbc     #$01
00034Dr 1  38           	sec
00034Er 1  E9 01        	sbc     #$01
000350r 1  92 rr        	sta     (sp)
000352r 1  88           	dey
000353r 1  B1 rr        	lda     (sp),y
000355r 1  20 rr rr     	jsr     _dhgr_fillrect
000358r 1  18           	clc
000359r 1  A9 01        	lda     #$01
00035Br 1  72 rr        	adc     (sp)
00035Dr 1  92 rr        	sta     (sp)
00035Fr 1  C9 10        	cmp     #$10
000361r 1  90 04        	bcc     L0155
000363r 1  A9 00        	lda     #$00
000365r 1  92 rr        	sta     (sp)
000367r 1  A0 02        L0155:	ldy     #$02
000369r 1  18           	clc
00036Ar 1  A9 14        	lda     #$14
00036Cr 1  71 rr        	adc     (sp),y
00036Er 1  91 rr        	sta     (sp),y
000370r 1  C9 8C        	cmp     #$8C
000372r 1  90 14        	bcc     L0143
000374r 1  A9 00        	lda     #$00
000376r 1  91 rr        	sta     (sp),y
000378r 1  88           	dey
000379r 1  18           	clc
00037Ar 1  A9 14        	lda     #$14
00037Cr 1  71 rr        	adc     (sp),y
00037Er 1  91 rr        	sta     (sp),y
000380r 1  C9 C0        	cmp     #$C0
000382r 1  90 04        	bcc     L0143
000384r 1  A9 00        	lda     #$00
000386r 1  91 rr        	sta     (sp),y
000388r 1  A0 03        L0143:	ldy     #$03
00038Ar 1  B1 rr        	lda     (sp),y
00038Cr 1  1A           	ina
00038Dr 1  80 8A        	bra     L0302
00038Fr 1  4C rr rr     L0142:	jmp     incsp4
000392r 1               
000392r 1               .endproc
000392r 1               
000392r 1               ; ---------------------------------------------------------------
000392r 1               ; void __near__ pixmap_demo (void)
000392r 1               ; ---------------------------------------------------------------
000392r 1               
000392r 1               .segment	"CODE"
000392r 1               
000392r 1               .proc	_pixmap_demo: near
000392r 1               
000392r 1               .segment	"RODATA"
0000BDr 1               
0000BDr 1               L0167:
0000BDr 1  00           	.byte	$00
0000BEr 1  00           	.byte	$00
0000BFr 1  0F           	.byte	$0F
0000C0r 1  0F           	.byte	$0F
0000C1r 1  0F           	.byte	$0F
0000C2r 1  00           	.byte	$00
0000C3r 1  00           	.byte	$00
0000C4r 1  00           	.byte	$00
0000C5r 1  0F           	.byte	$0F
0000C6r 1  01           	.byte	$01
0000C7r 1  01           	.byte	$01
0000C8r 1  01           	.byte	$01
0000C9r 1  0F           	.byte	$0F
0000CAr 1  00           	.byte	$00
0000CBr 1  0F           	.byte	$0F
0000CCr 1  01           	.byte	$01
0000CDr 1  00           	.byte	$00
0000CEr 1  01           	.byte	$01
0000CFr 1  00           	.byte	$00
0000D0r 1  01           	.byte	$01
0000D1r 1  0F           	.byte	$0F
0000D2r 1  0F           	.byte	$0F
0000D3r 1  01           	.byte	$01
0000D4r 1  01           	.byte	$01
0000D5r 1  01           	.byte	$01
0000D6r 1  01           	.byte	$01
0000D7r 1  01           	.byte	$01
0000D8r 1  0F           	.byte	$0F
0000D9r 1  0F           	.byte	$0F
0000DAr 1  01           	.byte	$01
0000DBr 1  00           	.byte	$00
0000DCr 1  00           	.byte	$00
0000DDr 1  00           	.byte	$00
0000DEr 1  01           	.byte	$01
0000DFr 1  0F           	.byte	$0F
0000E0r 1  00           	.byte	$00
0000E1r 1  0F           	.byte	$0F
0000E2r 1  01           	.byte	$01
0000E3r 1  01           	.byte	$01
0000E4r 1  01           	.byte	$01
0000E5r 1  0F           	.byte	$0F
0000E6r 1  00           	.byte	$00
0000E7r 1  00           	.byte	$00
0000E8r 1  00           	.byte	$00
0000E9r 1  0F           	.byte	$0F
0000EAr 1  0F           	.byte	$0F
0000EBr 1  0F           	.byte	$0F
0000ECr 1  00           	.byte	$00
0000EDr 1  00           	.byte	$00
0000EEr 1               
0000EEr 1               .segment	"CODE"
000392r 1               
000392r 1  A0 34        	ldy     #$34
000394r 1  20 rr rr     	jsr     subysp
000397r 1  A0 30        	ldy     #$30
000399r 1  B9 rr rr     L0199:	lda     L0167,y
00039Cr 1  91 rr        	sta     (sp),y
00039Er 1  88           	dey
00039Fr 1  10 F8        	bpl     L0199
0003A1r 1  A9 00        	lda     #$00
0003A3r 1  A0 32        	ldy     #$32
0003A5r 1  91 rr        	sta     (sp),y
0003A7r 1  88           	dey
0003A8r 1  91 rr        	sta     (sp),y
0003AAr 1  A0 33        	ldy     #$33
0003ACr 1  91 rr        L0305:	sta     (sp),y
0003AEr 1  C9 3C        	cmp     #$3C
0003B0r 1  B0 62        	bcs     L019F
0003B2r 1  20 rr rr     	jsr     decsp4
0003B5r 1  A0 36        	ldy     #$36
0003B7r 1  B1 rr        	lda     (sp),y
0003B9r 1  A0 03        	ldy     #$03
0003BBr 1  91 rr        	sta     (sp),y
0003BDr 1  A0 35        	ldy     #$35
0003BFr 1  B1 rr        	lda     (sp),y
0003C1r 1  A0 02        	ldy     #$02
0003C3r 1  91 rr        	sta     (sp),y
0003C5r 1  A0 36        	ldy     #$36
0003C7r 1  B1 rr        	lda     (sp),y
0003C9r 1  18           	clc
0003CAr 1  69 07        	adc     #$07
0003CCr 1  38           	sec
0003CDr 1  E9 01        	sbc     #$01
0003CFr 1  A0 01        	ldy     #$01
0003D1r 1  91 rr        	sta     (sp),y
0003D3r 1  A0 35        	ldy     #$35
0003D5r 1  B1 rr        	lda     (sp),y
0003D7r 1  18           	clc
0003D8r 1  69 07        	adc     #$07
0003DAr 1  38           	sec
0003DBr 1  E9 01        	sbc     #$01
0003DDr 1  92 rr        	sta     (sp)
0003DFr 1  A5 rr        	lda     sp
0003E1r 1  A6 rr        	ldx     sp+1
0003E3r 1  18           	clc
0003E4r 1  69 04        	adc     #$04
0003E6r 1  90 01        	bcc     L01B0
0003E8r 1  E8           	inx
0003E9r 1  20 rr rr     L01B0:	jsr     _dhgr_pixmap
0003ECr 1  A0 32        	ldy     #$32
0003EEr 1  18           	clc
0003EFr 1  A9 0A        	lda     #$0A
0003F1r 1  71 rr        	adc     (sp),y
0003F3r 1  91 rr        	sta     (sp),y
0003F5r 1  C9 8C        	cmp     #$8C
0003F7r 1  90 14        	bcc     L01A0
0003F9r 1  A9 00        	lda     #$00
0003FBr 1  91 rr        	sta     (sp),y
0003FDr 1  88           	dey
0003FEr 1  18           	clc
0003FFr 1  A9 0A        	lda     #$0A
000401r 1  71 rr        	adc     (sp),y
000403r 1  91 rr        	sta     (sp),y
000405r 1  C9 C0        	cmp     #$C0
000407r 1  90 04        	bcc     L01A0
000409r 1  A9 00        	lda     #$00
00040Br 1  91 rr        	sta     (sp),y
00040Dr 1  A0 33        L01A0:	ldy     #$33
00040Fr 1  B1 rr        	lda     (sp),y
000411r 1  1A           	ina
000412r 1  80 98        	bra     L0305
000414r 1  C8           L019F:	iny
000415r 1  4C rr rr     	jmp     addysp
000418r 1               
000418r 1               .endproc
000418r 1               
000418r 1               ; ---------------------------------------------------------------
000418r 1               ; void __near__ bitmap_demo (void)
000418r 1               ; ---------------------------------------------------------------
000418r 1               
000418r 1               .segment	"CODE"
000418r 1               
000418r 1               .proc	_bitmap_demo: near
000418r 1               
000418r 1               .segment	"RODATA"
0000EEr 1               
0000EEr 1               L01BF:
0000EEr 1  38           	.byte	$38
0000EFr 1  44           	.byte	$44
0000F0r 1  AA           	.byte	$AA
0000F1r 1  82           	.byte	$82
0000F2r 1  BA           	.byte	$BA
0000F3r 1  44           	.byte	$44
0000F4r 1  38           	.byte	$38
0000F5r 1  00           	.byte	$00
0000F6r 1               
0000F6r 1               .segment	"CODE"
000418r 1               
000418r 1  A0 0C        	ldy     #$0C
00041Ar 1  20 rr rr     	jsr     subysp
00041Dr 1  A0 07        	ldy     #$07
00041Fr 1  B9 rr rr     L01C8:	lda     L01BF,y
000422r 1  91 rr        	sta     (sp),y
000424r 1  88           	dey
000425r 1  10 F8        	bpl     L01C8
000427r 1  A9 00        	lda     #$00
000429r 1  A0 0A        	ldy     #$0A
00042Br 1  91 rr        	sta     (sp),y
00042Dr 1  88           	dey
00042Er 1  91 rr        	sta     (sp),y
000430r 1  1A           	ina
000431r 1  88           	dey
000432r 1  91 rr        	sta     (sp),y
000434r 1  3A           	dea
000435r 1  A0 0B        	ldy     #$0B
000437r 1  91 rr        L0308:	sta     (sp),y
000439r 1  C9 3C        	cmp     #$3C
00043Br 1  B0 7B        	bcs     L01D0
00043Dr 1  20 rr rr     	jsr     decsp5
000440r 1  A0 0F        	ldy     #$0F
000442r 1  B1 rr        	lda     (sp),y
000444r 1  A0 04        	ldy     #$04
000446r 1  91 rr        	sta     (sp),y
000448r 1  A0 0E        	ldy     #$0E
00044Ar 1  B1 rr        	lda     (sp),y
00044Cr 1  A0 03        	ldy     #$03
00044Er 1  91 rr        	sta     (sp),y
000450r 1  A0 0F        	ldy     #$0F
000452r 1  B1 rr        	lda     (sp),y
000454r 1  18           	clc
000455r 1  69 07        	adc     #$07
000457r 1  38           	sec
000458r 1  E9 01        	sbc     #$01
00045Ar 1  A0 02        	ldy     #$02
00045Cr 1  91 rr        	sta     (sp),y
00045Er 1  A0 0E        	ldy     #$0E
000460r 1  B1 rr        	lda     (sp),y
000462r 1  18           	clc
000463r 1  69 07        	adc     #$07
000465r 1  38           	sec
000466r 1  E9 01        	sbc     #$01
000468r 1  A0 01        	ldy     #$01
00046Ar 1  91 rr        	sta     (sp),y
00046Cr 1  A0 0D        	ldy     #$0D
00046Er 1  B1 rr        	lda     (sp),y
000470r 1  92 rr        	sta     (sp)
000472r 1  A5 rr        	lda     sp
000474r 1  A6 rr        	ldx     sp+1
000476r 1  18           	clc
000477r 1  69 05        	adc     #$05
000479r 1  90 01        	bcc     L01E2
00047Br 1  E8           	inx
00047Cr 1  20 rr rr     L01E2:	jsr     _dhgr_bitmap
00047Fr 1  A0 0A        	ldy     #$0A
000481r 1  18           	clc
000482r 1  98           	tya
000483r 1  71 rr        	adc     (sp),y
000485r 1  91 rr        	sta     (sp),y
000487r 1  C9 8C        	cmp     #$8C
000489r 1  90 14        	bcc     L01EB
00048Br 1  A9 00        	lda     #$00
00048Dr 1  91 rr        	sta     (sp),y
00048Fr 1  88           	dey
000490r 1  18           	clc
000491r 1  A9 0A        	lda     #$0A
000493r 1  71 rr        	adc     (sp),y
000495r 1  91 rr        	sta     (sp),y
000497r 1  C9 C0        	cmp     #$C0
000499r 1  90 04        	bcc     L01EB
00049Br 1  A9 00        	lda     #$00
00049Dr 1  91 rr        	sta     (sp),y
00049Fr 1  A0 08        L01EB:	ldy     #$08
0004A1r 1  18           	clc
0004A2r 1  A9 01        	lda     #$01
0004A4r 1  71 rr        	adc     (sp),y
0004A6r 1  91 rr        	sta     (sp),y
0004A8r 1  C9 10        	cmp     #$10
0004AAr 1  90 04        	bcc     L01D1
0004ACr 1  A9 00        	lda     #$00
0004AEr 1  91 rr        	sta     (sp),y
0004B0r 1  A0 0B        L01D1:	ldy     #$0B
0004B2r 1  B1 rr        	lda     (sp),y
0004B4r 1  1A           	ina
0004B5r 1  4C rr rr     	jmp     L0308
0004B8r 1  C8           L01D0:	iny
0004B9r 1  4C rr rr     	jmp     addysp
0004BCr 1               
0004BCr 1               .endproc
0004BCr 1               
0004BCr 1               ; ---------------------------------------------------------------
0004BCr 1               ; void __near__ text_demo (void)
0004BCr 1               ; ---------------------------------------------------------------
0004BCr 1               
0004BCr 1               .segment	"CODE"
0004BCr 1               
0004BCr 1               .proc	_text_demo: near
0004BCr 1               
0004BCr 1               .segment	"CODE"
0004BCr 1               
0004BCr 1  20 rr rr     	jsr     decsp2
0004BFr 1  A9 01        	lda     #$01
0004C1r 1  92 rr        	sta     (sp)
0004C3r 1  3A           	dea
0004C4r 1  A0 01        	ldy     #$01
0004C6r 1  91 rr        L030F:	sta     (sp),y
0004C8r 1  C9 0F        	cmp     #$0F
0004CAr 1  B0 3D        	bcs     L0210
0004CCr 1  20 rr rr     	jsr     decsp3
0004CFr 1  A0 04        	ldy     #$04
0004D1r 1  B1 rr        	lda     (sp),y
0004D3r 1  A0 02        	ldy     #$02
0004D5r 1  91 rr        	sta     (sp),y
0004D7r 1  A0 04        	ldy     #$04
0004D9r 1  A2 00        	ldx     #$00
0004DBr 1  B1 rr        	lda     (sp),y
0004DDr 1  20 rr rr     	jsr     mulax6
0004E0r 1  A0 01        	ldy     #$01
0004E2r 1  91 rr        	sta     (sp),y
0004E4r 1  A0 03        	ldy     #$03
0004E6r 1  B1 rr        	lda     (sp),y
0004E8r 1  92 rr        	sta     (sp)
0004EAr 1  AD rr rr     	lda     _ascii
0004EDr 1  AE rr rr     	ldx     _ascii+1
0004F0r 1  20 rr rr     	jsr     _dhgr_puts
0004F3r 1  18           	clc
0004F4r 1  A9 01        	lda     #$01
0004F6r 1  72 rr        	adc     (sp)
0004F8r 1  92 rr        	sta     (sp)
0004FAr 1  C9 10        	cmp     #$10
0004FCr 1  90 04        	bcc     L0211
0004FEr 1  A9 00        	lda     #$00
000500r 1  92 rr        	sta     (sp)
000502r 1  A0 01        L0211:	ldy     #$01
000504r 1  B1 rr        	lda     (sp),y
000506r 1  1A           	ina
000507r 1  80 BD        	bra     L030F
000509r 1  20 rr rr     L0210:	jsr     _clrscr
00050Cr 1  20 rr rr     	jsr     decsp2
00050Fr 1  A9 00        	lda     #$00
000511r 1  A0 01        	ldy     #$01
000513r 1  91 rr        	sta     (sp),y
000515r 1  A9 15        	lda     #$15
000517r 1  92 rr        	sta     (sp)
000519r 1  A9 rr        	lda     #<(L0224)
00051Br 1  A2 rr        	ldx     #>(L0224)
00051Dr 1  20 rr rr     	jsr     _cputsxy
000520r 1  20 rr rr     	jsr     _cgetc
000523r 1  A9 00        	lda     #$00
000525r 1  20 rr rr     	jsr     _dhgr_cls
000528r 1  A9 00        	lda     #$00
00052Ar 1  A0 01        	ldy     #$01
00052Cr 1  91 rr        L0310:	sta     (sp),y
00052Er 1  C9 0F        	cmp     #$0F
000530r 1  B0 3E        	bcs     L022A
000532r 1  20 rr rr     	jsr     decsp3
000535r 1  A0 04        	ldy     #$04
000537r 1  B1 rr        	lda     (sp),y
000539r 1  A0 02        	ldy     #$02
00053Br 1  91 rr        	sta     (sp),y
00053Dr 1  A0 04        	ldy     #$04
00053Fr 1  B1 rr        	lda     (sp),y
000541r 1  20 rr rr     	jsr     pusha0
000544r 1  A9 0C        	lda     #$0C
000546r 1  20 rr rr     	jsr     tosumula0
000549r 1  A0 01        	ldy     #$01
00054Br 1  91 rr        	sta     (sp),y
00054Dr 1  A0 03        	ldy     #$03
00054Fr 1  B1 rr        	lda     (sp),y
000551r 1  92 rr        	sta     (sp)
000553r 1  A9 rr        	lda     #<(_ucs2)
000555r 1  A2 rr        	ldx     #>(_ucs2)
000557r 1  20 rr rr     	jsr     _dhgr_puts2
00055Ar 1  18           	clc
00055Br 1  A9 01        	lda     #$01
00055Dr 1  72 rr        	adc     (sp)
00055Fr 1  92 rr        	sta     (sp)
000561r 1  C9 10        	cmp     #$10
000563r 1  90 04        	bcc     L022B
000565r 1  A9 00        	lda     #$00
000567r 1  92 rr        	sta     (sp)
000569r 1  A0 01        L022B:	ldy     #$01
00056Br 1  B1 rr        	lda     (sp),y
00056Dr 1  1A           	ina
00056Er 1  80 BC        	bra     L0310
000570r 1  20 rr rr     L022A:	jsr     _clrscr
000573r 1  20 rr rr     	jsr     decsp2
000576r 1  A9 00        	lda     #$00
000578r 1  A0 01        	ldy     #$01
00057Ar 1  91 rr        	sta     (sp),y
00057Cr 1  A9 15        	lda     #$15
00057Er 1  92 rr        	sta     (sp)
000580r 1  A9 rr        	lda     #<(L023E)
000582r 1  A2 rr        	ldx     #>(L023E)
000584r 1  20 rr rr     	jsr     _cputsxy
000587r 1  20 rr rr     	jsr     _cgetc
00058Ar 1  A9 00        	lda     #$00
00058Cr 1  20 rr rr     	jsr     _dhgr_cls
00058Fr 1  A9 00        	lda     #$00
000591r 1  A0 01        	ldy     #$01
000593r 1  91 rr        L0311:	sta     (sp),y
000595r 1  C9 0F        	cmp     #$0F
000597r 1  B0 40        	bcs     L0244
000599r 1  20 rr rr     	jsr     decsp3
00059Cr 1  A0 04        	ldy     #$04
00059Er 1  B1 rr        	lda     (sp),y
0005A0r 1  A0 02        	ldy     #$02
0005A2r 1  91 rr        	sta     (sp),y
0005A4r 1  A0 04        	ldy     #$04
0005A6r 1  B1 rr        	lda     (sp),y
0005A8r 1  20 rr rr     	jsr     pusha0
0005ABr 1  A9 0C        	lda     #$0C
0005ADr 1  20 rr rr     	jsr     tosumula0
0005B0r 1  A0 01        	ldy     #$01
0005B2r 1  91 rr        	sta     (sp),y
0005B4r 1  A0 03        	ldy     #$03
0005B6r 1  B1 rr        	lda     (sp),y
0005B8r 1  92 rr        	sta     (sp)
0005BAr 1  AD rr rr     	lda     _utf8
0005BDr 1  AE rr rr     	ldx     _utf8+1
0005C0r 1  20 rr rr     	jsr     _dhgr_puts_utf8
0005C3r 1  18           	clc
0005C4r 1  A9 01        	lda     #$01
0005C6r 1  72 rr        	adc     (sp)
0005C8r 1  92 rr        	sta     (sp)
0005CAr 1  C9 10        	cmp     #$10
0005CCr 1  90 04        	bcc     L0245
0005CEr 1  A9 00        	lda     #$00
0005D0r 1  92 rr        	sta     (sp)
0005D2r 1  A0 01        L0245:	ldy     #$01
0005D4r 1  B1 rr        	lda     (sp),y
0005D6r 1  1A           	ina
0005D7r 1  80 BA        	bra     L0311
0005D9r 1  4C rr rr     L0244:	jmp     incsp2
0005DCr 1               
0005DCr 1               .endproc
0005DCr 1               
0005DCr 1               ; ---------------------------------------------------------------
0005DCr 1               ; void __near__ main (void)
0005DCr 1               ; ---------------------------------------------------------------
0005DCr 1               
0005DCr 1               .segment	"CODE"
0005DCr 1               
0005DCr 1               .proc	_main: near
0005DCr 1               
0005DCr 1               .segment	"CODE"
0005DCr 1               
0005DCr 1  20 rr rr     	jsr     decsp1
0005DFr 1  20 rr rr     L0255:	jsr     _clrscr
0005E2r 1  20 rr rr     	jsr     decsp2
0005E5r 1  A9 00        	lda     #$00
0005E7r 1  A0 01        	ldy     #$01
0005E9r 1  91 rr        	sta     (sp),y
0005EBr 1  92 rr        	sta     (sp)
0005EDr 1  A9 rr        	lda     #<(L025D)
0005EFr 1  A2 rr        	ldx     #>(L025D)
0005F1r 1  20 rr rr     	jsr     _cputsxy
0005F4r 1  20 rr rr     	jsr     decsp2
0005F7r 1  A9 00        	lda     #$00
0005F9r 1  A0 01        	ldy     #$01
0005FBr 1  91 rr        	sta     (sp),y
0005FDr 1  98           	tya
0005FEr 1  92 rr        	sta     (sp)
000600r 1  A9 rr        	lda     #<(L0262)
000602r 1  A2 rr        	ldx     #>(L0262)
000604r 1  20 rr rr     	jsr     _cputsxy
000607r 1  20 rr rr     	jsr     decsp2
00060Ar 1  A9 00        	lda     #$00
00060Cr 1  A0 01        	ldy     #$01
00060Er 1  91 rr        	sta     (sp),y
000610r 1  A9 02        	lda     #$02
000612r 1  92 rr        	sta     (sp)
000614r 1  A9 rr        	lda     #<(L0267)
000616r 1  A2 rr        	ldx     #>(L0267)
000618r 1  20 rr rr     	jsr     _cputsxy
00061Br 1  20 rr rr     	jsr     decsp2
00061Er 1  A9 00        	lda     #$00
000620r 1  A0 01        	ldy     #$01
000622r 1  91 rr        	sta     (sp),y
000624r 1  A9 03        	lda     #$03
000626r 1  92 rr        	sta     (sp)
000628r 1  A9 rr        	lda     #<(L026C)
00062Ar 1  A2 rr        	ldx     #>(L026C)
00062Cr 1  20 rr rr     	jsr     _cputsxy
00062Fr 1  20 rr rr     	jsr     decsp2
000632r 1  A9 00        	lda     #$00
000634r 1  A0 01        	ldy     #$01
000636r 1  91 rr        	sta     (sp),y
000638r 1  A9 04        	lda     #$04
00063Ar 1  92 rr        	sta     (sp)
00063Cr 1  A9 rr        	lda     #<(L0271)
00063Er 1  A2 rr        	ldx     #>(L0271)
000640r 1  20 rr rr     	jsr     _cputsxy
000643r 1  20 rr rr     	jsr     decsp2
000646r 1  A9 00        	lda     #$00
000648r 1  A0 01        	ldy     #$01
00064Ar 1  91 rr        	sta     (sp),y
00064Cr 1  A9 05        	lda     #$05
00064Er 1  92 rr        	sta     (sp)
000650r 1  A9 rr        	lda     #<(L0276)
000652r 1  A2 rr        	ldx     #>(L0276)
000654r 1  20 rr rr     	jsr     _cputsxy
000657r 1  20 rr rr     	jsr     decsp2
00065Ar 1  A9 00        	lda     #$00
00065Cr 1  A0 01        	ldy     #$01
00065Er 1  91 rr        	sta     (sp),y
000660r 1  A9 06        	lda     #$06
000662r 1  92 rr        	sta     (sp)
000664r 1  A9 rr        	lda     #<(L027B)
000666r 1  A2 rr        	ldx     #>(L027B)
000668r 1  20 rr rr     	jsr     _cputsxy
00066Br 1  20 rr rr     	jsr     decsp2
00066Er 1  A9 00        	lda     #$00
000670r 1  A0 01        	ldy     #$01
000672r 1  91 rr        	sta     (sp),y
000674r 1  A9 07        	lda     #$07
000676r 1  92 rr        	sta     (sp)
000678r 1  A9 rr        	lda     #<(L0280)
00067Ar 1  A2 rr        	ldx     #>(L0280)
00067Cr 1  20 rr rr     	jsr     _cputsxy
00067Fr 1  20 rr rr     	jsr     decsp2
000682r 1  A9 00        	lda     #$00
000684r 1  A0 01        	ldy     #$01
000686r 1  91 rr        	sta     (sp),y
000688r 1  A9 08        	lda     #$08
00068Ar 1  92 rr        	sta     (sp)
00068Cr 1  A9 rr        	lda     #<(L0285)
00068Er 1  A2 rr        	ldx     #>(L0285)
000690r 1  20 rr rr     	jsr     _cputsxy
000693r 1  20 rr rr     	jsr     decsp2
000696r 1  A9 00        	lda     #$00
000698r 1  A0 01        	ldy     #$01
00069Ar 1  91 rr        	sta     (sp),y
00069Cr 1  A9 09        	lda     #$09
00069Er 1  92 rr        	sta     (sp)
0006A0r 1  A9 rr        	lda     #<(L028A)
0006A2r 1  A2 rr        	ldx     #>(L028A)
0006A4r 1  20 rr rr     	jsr     _cputsxy
0006A7r 1  20 rr rr     	jsr     decsp2
0006AAr 1  A9 00        	lda     #$00
0006ACr 1  A0 01        	ldy     #$01
0006AEr 1  91 rr        	sta     (sp),y
0006B0r 1  A9 0A        	lda     #$0A
0006B2r 1  92 rr        	sta     (sp)
0006B4r 1  A9 rr        	lda     #<(L028F)
0006B6r 1  A2 rr        	ldx     #>(L028F)
0006B8r 1  20 rr rr     	jsr     _cputsxy
0006BBr 1  20 rr rr     	jsr     decsp2
0006BEr 1  A9 00        	lda     #$00
0006C0r 1  A0 01        	ldy     #$01
0006C2r 1  91 rr        	sta     (sp),y
0006C4r 1  A9 0C        	lda     #$0C
0006C6r 1  92 rr        	sta     (sp)
0006C8r 1  A9 rr        	lda     #<(L0294)
0006CAr 1  A2 rr        	ldx     #>(L0294)
0006CCr 1  20 rr rr     	jsr     _cputsxy
0006CFr 1  20 rr rr     	jsr     _cgetc
0006D2r 1  92 rr        	sta     (sp)
0006D4r 1  20 rr rr     	jsr     _dhgr_init
0006D7r 1  A9 00        	lda     #$00
0006D9r 1  20 rr rr     	jsr     _dhgr_cls
0006DCr 1  B2 rr        	lda     (sp)
0006DEr 1  C9 71        	cmp     #$71
0006E0r 1  F0 04        	beq     L0312
0006E2r 1  C9 51        	cmp     #$51
0006E4r 1  D0 06        	bne     L0314
0006E6r 1  20 rr rr     L0312:	jsr     _dhgr_exit
0006E9r 1  4C rr rr     	jmp     incsp1
0006ECr 1  B2 rr        L0314:	lda     (sp)
0006EEr 1  C9 31        	cmp     #$31
0006F0r 1  F0 32        	beq     L02A3
0006F2r 1  C9 32        	cmp     #$32
0006F4r 1  F0 48        	beq     L02AB
0006F6r 1  C9 33        	cmp     #$33
0006F8r 1  F0 5E        	beq     L02B3
0006FAr 1  C9 34        	cmp     #$34
0006FCr 1  F0 74        	beq     L02BB
0006FEr 1  C9 35        	cmp     #$35
000700r 1  D0 03 4C rr  	jeq     L02C3
000704r 1  rr           
000705r 1  C9 36        	cmp     #$36
000707r 1  D0 03 4C rr  	jeq     L02CB
00070Br 1  rr           
00070Cr 1  C9 37        	cmp     #$37
00070Er 1  D0 03 4C rr  	jeq     L02D3
000712r 1  rr           
000713r 1  C9 38        	cmp     #$38
000715r 1  D0 03 4C rr  	jeq     L02DB
000719r 1  rr           
00071Ar 1  C9 39        	cmp     #$39
00071Cr 1  D0 03 4C rr  	jeq     L02E3
000720r 1  rr           
000721r 1  4C rr rr     	jmp     L02A1
000724r 1  20 rr rr     L02A3:	jsr     decsp2
000727r 1  A9 00        	lda     #$00
000729r 1  A0 01        	ldy     #$01
00072Br 1  91 rr        	sta     (sp),y
00072Dr 1  A9 14        	lda     #$14
00072Fr 1  92 rr        	sta     (sp)
000731r 1  A9 rr        	lda     #<(L02A7)
000733r 1  A2 rr        	ldx     #>(L02A7)
000735r 1  20 rr rr     	jsr     _cputsxy
000738r 1  20 rr rr     	jsr     _cls_demo
00073Br 1  4C rr rr     	jmp     L02A1
00073Er 1  20 rr rr     L02AB:	jsr     decsp2
000741r 1  A9 00        	lda     #$00
000743r 1  A0 01        	ldy     #$01
000745r 1  91 rr        	sta     (sp),y
000747r 1  A9 14        	lda     #$14
000749r 1  92 rr        	sta     (sp)
00074Br 1  A9 rr        	lda     #<(L02AF)
00074Dr 1  A2 rr        	ldx     #>(L02AF)
00074Fr 1  20 rr rr     	jsr     _cputsxy
000752r 1  20 rr rr     	jsr     _plot_demo
000755r 1  4C rr rr     	jmp     L02A1
000758r 1  20 rr rr     L02B3:	jsr     decsp2
00075Br 1  A9 00        	lda     #$00
00075Dr 1  A0 01        	ldy     #$01
00075Fr 1  91 rr        	sta     (sp),y
000761r 1  A9 14        	lda     #$14
000763r 1  92 rr        	sta     (sp)
000765r 1  A9 rr        	lda     #<(L02B7)
000767r 1  A2 rr        	ldx     #>(L02B7)
000769r 1  20 rr rr     	jsr     _cputsxy
00076Cr 1  20 rr rr     	jsr     _hline_demo
00076Fr 1  4C rr rr     	jmp     L02A1
000772r 1  20 rr rr     L02BB:	jsr     decsp2
000775r 1  A9 00        	lda     #$00
000777r 1  A0 01        	ldy     #$01
000779r 1  91 rr        	sta     (sp),y
00077Br 1  A9 14        	lda     #$14
00077Dr 1  92 rr        	sta     (sp)
00077Fr 1  A9 rr        	lda     #<(L02BF)
000781r 1  A2 rr        	ldx     #>(L02BF)
000783r 1  20 rr rr     	jsr     _cputsxy
000786r 1  20 rr rr     	jsr     _vline_demo
000789r 1  80 7B        	bra     L02A1
00078Br 1  20 rr rr     L02C3:	jsr     decsp2
00078Er 1  A9 00        	lda     #$00
000790r 1  A0 01        	ldy     #$01
000792r 1  91 rr        	sta     (sp),y
000794r 1  A9 14        	lda     #$14
000796r 1  92 rr        	sta     (sp)
000798r 1  A9 rr        	lda     #<(L02C7)
00079Ar 1  A2 rr        	ldx     #>(L02C7)
00079Cr 1  20 rr rr     	jsr     _cputsxy
00079Fr 1  20 rr rr     	jsr     _rect_demo
0007A2r 1  80 62        	bra     L02A1
0007A4r 1  20 rr rr     L02CB:	jsr     decsp2
0007A7r 1  A9 00        	lda     #$00
0007A9r 1  A0 01        	ldy     #$01
0007ABr 1  91 rr        	sta     (sp),y
0007ADr 1  A9 14        	lda     #$14
0007AFr 1  92 rr        	sta     (sp)
0007B1r 1  A9 rr        	lda     #<(L02CF)
0007B3r 1  A2 rr        	ldx     #>(L02CF)
0007B5r 1  20 rr rr     	jsr     _cputsxy
0007B8r 1  20 rr rr     	jsr     _fillrect_demo
0007BBr 1  80 49        	bra     L02A1
0007BDr 1  20 rr rr     L02D3:	jsr     decsp2
0007C0r 1  A9 00        	lda     #$00
0007C2r 1  A0 01        	ldy     #$01
0007C4r 1  91 rr        	sta     (sp),y
0007C6r 1  A9 14        	lda     #$14
0007C8r 1  92 rr        	sta     (sp)
0007CAr 1  A9 rr        	lda     #<(L02D7)
0007CCr 1  A2 rr        	ldx     #>(L02D7)
0007CEr 1  20 rr rr     	jsr     _cputsxy
0007D1r 1  20 rr rr     	jsr     _pixmap_demo
0007D4r 1  80 30        	bra     L02A1
0007D6r 1  20 rr rr     L02DB:	jsr     decsp2
0007D9r 1  A9 00        	lda     #$00
0007DBr 1  A0 01        	ldy     #$01
0007DDr 1  91 rr        	sta     (sp),y
0007DFr 1  A9 14        	lda     #$14
0007E1r 1  92 rr        	sta     (sp)
0007E3r 1  A9 rr        	lda     #<(L02DF)
0007E5r 1  A2 rr        	ldx     #>(L02DF)
0007E7r 1  20 rr rr     	jsr     _cputsxy
0007EAr 1  20 rr rr     	jsr     _bitmap_demo
0007EDr 1  80 17        	bra     L02A1
0007EFr 1  20 rr rr     L02E3:	jsr     decsp2
0007F2r 1  A9 00        	lda     #$00
0007F4r 1  A0 01        	ldy     #$01
0007F6r 1  91 rr        	sta     (sp),y
0007F8r 1  A9 14        	lda     #$14
0007FAr 1  92 rr        	sta     (sp)
0007FCr 1  A9 rr        	lda     #<(L02E7)
0007FEr 1  A2 rr        	ldx     #>(L02E7)
000800r 1  20 rr rr     	jsr     _cputsxy
000803r 1  20 rr rr     	jsr     _text_demo
000806r 1  20 rr rr     L02A1:	jsr     decsp2
000809r 1  A9 00        	lda     #$00
00080Br 1  A0 01        	ldy     #$01
00080Dr 1  91 rr        	sta     (sp),y
00080Fr 1  A9 15        	lda     #$15
000811r 1  92 rr        	sta     (sp)
000813r 1  A9 rr        	lda     #<(L02ED)
000815r 1  A2 rr        	ldx     #>(L02ED)
000817r 1  20 rr rr     	jsr     _cputsxy
00081Ar 1  20 rr rr     	jsr     _cgetc
00081Dr 1  20 rr rr     	jsr     _dhgr_exit
000820r 1  4C rr rr     	jmp     L0255
000823r 1               
000823r 1               .endproc
000823r 1               
000823r 1               
