ca65 V2.19 - Git a028ac414
Main file   : dhgrx.s
Current file: dhgrx.s

000000r 1               ; DHGRX - Apple //e Double Hi-Res Graphics Extension
000000r 1               	.org	$6000
006000  1               	.pc02	; use 65c02 instructions
006000  1               	.feature c_comments
006000  1               
006000  1               .include	"macro.inc"
006000  2               .macro TXY
006000  2               	phx
006000  2               	ply
006000  2               .endmacro
006000  2               
006000  2               .macro TYX
006000  2               	phy
006000  2               	plx
006000  2               .endmacro
006000  2               
006000  2               ; modified: A
006000  2               .macro  PUSH r1, r2, r3, r4, r5, r6, r7
006000  2                 .ifblank	r1
006000  2                   .exitmacro
006000  2                 .else
006000  2                   lda	r1
006000  2                   pha
006000  2                 .endif
006000  2               	PUSH r2, r3, r4, r5, r6, r7
006000  2               .endmacro
006000  2               
006000  2               
006000  2               ; modified: A
006000  2               .macro  PULL r1, r2, r3, r4, r5, r6, r7
006000  2                 .ifblank	r1
006000  2                   .exitmacro
006000  2                 .else
006000  2                   pla
006000  2                   sta	r1
006000  2                 .endif
006000  2               	PULL r2, r3, r4, r5, r6, r7
006000  2               .endmacro
006000  2               
006000  2               
006000  2               .macro AUX_BANK
006000  2               	sta $c055
006000  2               .endmacro
006000  2               
006000  2               
006000  2               .macro MAIN_BANK
006000  2               	sta $c054
006000  2               .endmacro
006000  2               
006000  2               
006000  2               ; modified: A
006000  2               .macro	MAIN2AUX start, end, dest
006000  2               	lda	#<start
006000  2               	sta	$3c
006000  2               	lda	#>start
006000  2               	sta	$3d	; src start
006000  2               	lda	#<end
006000  2               	sta	$3e
006000  2               	lda	#>end
006000  2               	sta	$3f	; src end
006000  2               	lda	#<dest
006000  2               	sta	$42
006000  2               	lda	#>dest
006000  2               	sta	$43	; dest addr
006000  2               	sec		; main to aux
006000  2               	jsr	$c311	; auxmove
006000  2               .endmacro
006000  2               
006000  2               
006000  2               ; modified: A
006000  2               .macro	AUX2MAIN start, end, dest
006000  2               	lda	#<start
006000  2               	sta	$3c
006000  2               	lda	#>start
006000  2               	sta	$3d	; src start
006000  2               	lda	#<end
006000  2               	sta	$3e
006000  2               	lda	#>end
006000  2               	sta	$3f	; src end
006000  2               	lda	#<dest
006000  2               	sta	$42
006000  2               	lda	#>dest
006000  2               	sta	$43	; dest addr
006000  2               	clc		; aux to main
006000  2               	jsr	$c311	; auxmove
006000  2               .endmacro
006000  2               
006000  2               .macro INC16 oper
006000  2                 ;;lda #1
006000  2                 ;;clc
006000  2                 ;;adc oper
006000  2                 ;;sta oper
006000  2                 ;;lda #0
006000  2                 ;;adc oper+1
006000  2                 ;;sta oper+1
006000  2                 .local @no_carry
006000  2                 inc	oper
006000  2               	bne	@no_carry
006000  2                 inc	oper+1
006000  2               @no_carry:
006000  2               .endmacro
006000  2               
006000  2               
006000  1               
006000  1               ; shared variables in zero-page
006000  1               ; should be used with PUSH/PULL to avoid conflict with other routines
006000  1               x1	=	$fa	; 250d
006000  1               y1	=	$fb	; 251d
006000  1               x2	=	$fc	; 252d
006000  1               y2	=	$fd	; 253d
006000  1               color	=	$fe	; 254d
006000  1               ch	=	$ff	; 255d
006000  1               src	=	$ce	; 206d; pointer to source address (2 bytes)
006000  1               dst	=	$eb	; 235d; pointer to destination address (2 bytes)
006000  1               
006000  1               ; entry point == jump table
006000  1               .proc	dhgrx
006000  1  4C 33 60     	jmp	dhgr_init	; $6000(24576)
006003  1  4C 5F 60     	jmp	dhgr_exit	; +3
006006  1  4C 69 60     	jmp	dhgr_cls	; +6
006009  1  4C BD 60     	jmp	dhgr_plot	; +9
00600C  1  4C D6 61     	jmp	dhgr_hline	; +12
00600F  1  4C 60 62     	jmp	dhgr_vline	; +15
006012  1  4C 78 62     	jmp	dhgr_rect	; +18
006015  1  4C A9 62     	jmp	dhgr_fillrect	; +21
006018  1  4C C7 62     	jmp	dhgr_pixmap	; +24
00601B  1  4C F3 62     	jmp	dhgr_bitmap	; +27
00601E  1  4C D5 63     	jmp	dhgr_puts	; +30
006021  1  4C 49 65     	jmp	dhgr_puts_ucs2	; +33
006024  1  4C 97 65     	jmp	dhgr_puts_utf8	; +36
006027  1  4C 2B 63     	jmp	dhgr_load	; +39
00602A  1  4C 67 63     	jmp	dhgr_save	; +42
00602D  1  00 6D        	.word	font4x6		; +45
00602F  1  20 6E        	.word	font5x12	; +47
006031  1  20 71        	.word	font10x12	; +49
006033  1               .endproc
006033  1               
006033  1               ; switch to double hi-res mixed/page1
006033  1               .proc	dhgr_init
006033  1  8D 50 C0     	sta	$c050 ; graphics
006036  1  8D 53 C0     	sta	$c053 ; mixed
006039  1               	;sta	$c052 ; full
006039  1  8D 54 C0     	sta	$c054 ; page1
00603C  1               	;sta	$c055 ; page2
00603C  1  8D 57 C0     	sta	$c057 ; hires
00603F  1  8D 5E C0     	sta	$c05e ; an3 on
006042  1               
006042  1               	; copy this code(MAIN $6000..$7fff) to AUX to avoid crash while bank switching
006042  1  A9 00 85 3C  	MAIN2AUX $6000, $7fff, $6000
006046  1  A9 60 85 3D  
00604A  1  A9 FF 85 3E  
00605E  1               
00605E  1  60           	rts
00605F  1               .endproc
00605F  1               
00605F  1               ; switch to text page1
00605F  1               .proc	dhgr_exit
00605F  1  8D 51 C0     	sta	$c051 ; text
006062  1  8D 5F C0     	sta	$c05f ; an3 off
006065  1  8D 54 C0     	sta	$c054 ; page1
006068  1  60           	rts
006069  1               .endproc
006069  1               
006069  1               
006069  1               ; clear dobule hi-res page1
006069  1               ; @param color
006069  1               .proc	dhgr_cls
006069  1  A5 FE        	lda	color
00606B  1  29 0F        	and	#%1111
00606D  1  AA           	tax
00606E  1  BD 8C 69     	lda	DHGR_FILL_BYTE_0,x
006071  1  85 FA        	sta	x1
006073  1  BD 9C 69     	lda	DHGR_FILL_BYTE_1,x
006076  1  85 FB        	sta	y1
006078  1  BD AC 69     	lda	DHGR_FILL_BYTE_2,x
00607B  1  85 FC        	sta	x2
00607D  1  BD BC 69     	lda	DHGR_FILL_BYTE_3,x
006080  1  85 FD        	sta	y2
006082  1               
006082  1  A2 00        	ldx	#0 ; y=0
006084  1               @loop_y:
006084  1  A9 00        	lda	#<HGR_BASE
006086  1  18           	clc
006087  1  7D 00 67     	adc	HGR_OFFSET_LO,x
00608A  1  85 EB        	sta	dst
00608C  1  A9 20        	lda	#>HGR_BASE
00608E  1  7D 00 66     	adc	HGR_OFFSET_HI,x
006091  1  85 EC        	sta	dst+1	; dst = HGR_BASE + HGR_OFFSET[y]
006093  1               
006093  1  A0 00        	ldy	#0 ; x=0
006095  1               @loop_x:
006095  1               ; AUX dst[x] = byte0
006095  1  A5 FA        	lda	x1
006097  1  8D 55 C0     	AUX_BANK
00609A  1  91 EB        	sta     (dst),y
00609C  1  8D 54 C0     	MAIN_BANK
00609F  1               
00609F  1               ; MAIN dst[x] = byte1
00609F  1  A5 FB        	lda	y1
0060A1  1               	;MAIN_BANK
0060A1  1  91 EB        	sta     (dst),y
0060A3  1               
0060A3  1  C8           	iny	; x++
0060A4  1               
0060A4  1               ; AUX dst[x] = byte2
0060A4  1  A5 FC        	lda	x2
0060A6  1  8D 55 C0     	AUX_BANK
0060A9  1  91 EB        	sta     (dst),y
0060AB  1  8D 54 C0     	MAIN_BANK
0060AE  1               
0060AE  1               ; MAIN dst[x] = byte3
0060AE  1  A5 FD        	lda	y2
0060B0  1               	;MAIN_BANK
0060B0  1  91 EB        	sta     (dst),y
0060B2  1               
0060B2  1  C8           	iny	; x++
0060B3  1  C0 28        	cpy	#(DHGR_WIDTH_BYTES/2)	; 40 in aux + 40 in main
0060B5  1  D0 DE        	bne	@loop_x ; while(x!=40)
0060B7  1               
0060B7  1  E8           	inx	; y++
0060B8  1  E0 C0        	cpx	#DHGR_HEIGHT
0060BA  1  D0 C8        	bne	@loop_y ; while(y!=192)
0060BC  1               
0060BC  1  60           	rts
0060BD  1               .endproc
0060BD  1               
0060BD  1               ; draw a pixel
0060BD  1               ; @param x1
0060BD  1               ; @param y1
0060BD  1               ; @param color
0060BD  1               .proc	dhgr_plot
0060BD  1  A4 FB        	ldy	y1
0060BF  1  A9 00        	lda	#<HGR_BASE
0060C1  1  18           	clc
0060C2  1  79 00 67     	adc	HGR_OFFSET_LO,y
0060C5  1  85 EB        	sta	dst
0060C7  1  A9 20        	lda	#>HGR_BASE
0060C9  1  79 00 66     	adc	HGR_OFFSET_HI,y
0060CC  1  85 EC        	sta	dst+1	; dst = HGR_BASE + HGR_OFFSET[y1]
0060CE  1               
0060CE  1  A6 FA        	ldx	x1
0060D0  1  BD 00 68     	lda     HGR_OFFSET_X,x
0060D3  1  A8           	tay	; Y = (x1 / 7) * 2 = byte offset of x1
0060D4  1  BD 00 69     	lda	HGR_PIXEL_GROUP,x	; A = x1 % 7 = pixel group
0060D7  1  D0 1B        	bne	@not_group_a
0060D9  1               
0060D9  1               @group_a:
0060D9  1               	; byte0
0060D9  1  8D 55 C0     	AUX_BANK
0060DC  1  B1 EB        	lda	(dst),y
0060DE  1  8D 54 C0     	MAIN_BANK
0060E1  1  29 F0        	and	#%11110000
0060E3  1  85 FF        	sta	ch
0060E5  1               
0060E5  1  A5 FE        	lda	color
0060E7  1  29 0F        	and	#%00001111
0060E9  1  05 FF        	ora	ch
0060EB  1               
0060EB  1  8D 55 C0     	AUX_BANK
0060EE  1  91 EB        	sta	(dst),y
0060F0  1  8D 54 C0     	MAIN_BANK
0060F3  1               
0060F3  1  60           	rts
0060F4  1               
0060F4  1               @not_group_a:
0060F4  1  3A           	dec
0060F5  1  D0 30        	bne	@not_group_b
0060F7  1               
0060F7  1               @group_b:
0060F7  1               	; byte0
0060F7  1  8D 55 C0     	AUX_BANK
0060FA  1  B1 EB        	lda	(dst),y
0060FC  1  8D 54 C0     	MAIN_BANK
0060FF  1  29 8F        	and	#%10001111
006101  1  85 FF        	sta	ch
006103  1               
006103  1  A5 FE        	lda	color
006105  1  0A           	asl
006106  1  0A           	asl
006107  1  0A           	asl
006108  1  0A           	asl
006109  1  29 70        	and	#%01110000
00610B  1  05 FF        	ora	ch
00610D  1               
00610D  1  8D 55 C0     	AUX_BANK
006110  1  91 EB        	sta	(dst),y
006112  1  8D 54 C0     	MAIN_BANK
006115  1               
006115  1               	; byte1
006115  1               	;MAIN_BANK
006115  1  B1 EB        	lda	(dst),y
006117  1  29 FE        	and	#%11111110
006119  1  85 FF        	sta	ch
00611B  1               
00611B  1  A5 FE        	lda	color
00611D  1  4A           	lsr
00611E  1  4A           	lsr
00611F  1  4A           	lsr
006120  1  29 01        	and	#%00000001
006122  1  05 FF        	ora	ch	; ch = composed byte for framebuffer
006124  1               
006124  1               	;MAIN_BANK
006124  1  91 EB        	sta	(dst),y
006126  1               
006126  1  60           	rts
006127  1               
006127  1               @not_group_b:
006127  1  3A           	dec
006128  1  D0 10        	bne	@not_group_c
00612A  1               
00612A  1               @group_c:
00612A  1               	; byte1
00612A  1               	;MAIN_BANK
00612A  1  B1 EB        	lda	(dst),y
00612C  1  29 E1        	and	#%11100001
00612E  1  85 FF        	sta	ch
006130  1               
006130  1  A5 FE        	lda	color
006132  1  0A           	asl
006133  1  29 1E        	and	#%00011110
006135  1  05 FF        	ora	ch	; ch = composed byte for framebuffer
006137  1               
006137  1               	;MAIN_BANK
006137  1  91 EB        	sta	(dst),y
006139  1               
006139  1  60           	rts
00613A  1               
00613A  1               @not_group_c:
00613A  1  3A           	dec
00613B  1  D0 31        	bne	@not_group_d
00613D  1               
00613D  1               @group_d:
00613D  1               	; byte1
00613D  1               	;MAIN_BANK
00613D  1  B1 EB        	lda	(dst),y
00613F  1  29 9F        	and	#%10011111
006141  1  85 FF        	sta	ch
006143  1               
006143  1  A5 FE        	lda	color
006145  1  0A           	asl
006146  1  0A           	asl
006147  1  0A           	asl
006148  1  0A           	asl
006149  1  0A           	asl
00614A  1  29 60        	and	#%01100000
00614C  1  05 FF        	ora	ch
00614E  1               
00614E  1               	;MAIN_BANK
00614E  1  91 EB        	sta	(dst),y
006150  1               
006150  1  C8           	iny	; for byte2..3
006151  1               
006151  1               	; byte2
006151  1  8D 55 C0     	AUX_BANK
006154  1  B1 EB        	lda	(dst),y
006156  1  8D 54 C0     	MAIN_BANK
006159  1  29 FC        	and	#%11111100
00615B  1  85 FF        	sta	ch
00615D  1               
00615D  1  A5 FE        	lda	color
00615F  1  4A           	lsr
006160  1  4A           	lsr
006161  1  29 03        	and	#%00000011
006163  1  05 FF        	ora	ch
006165  1               
006165  1  8D 55 C0     	AUX_BANK
006168  1  91 EB        	sta	(dst),y
00616A  1  8D 54 C0     	MAIN_BANK
00616D  1               
00616D  1  60           	rts
00616E  1               @not_group_d:
00616E  1  3A           	dec
00616F  1  D0 1E        	bne	@not_group_e
006171  1               
006171  1               @group_e:
006171  1  C8           	iny	; for byte2..3
006172  1               
006172  1               	; byte2
006172  1  8D 55 C0     	AUX_BANK
006175  1  B1 EB        	lda	(dst),y
006177  1  8D 54 C0     	MAIN_BANK
00617A  1  29 C3        	and	#%11000011
00617C  1  85 FF        	sta	ch
00617E  1               
00617E  1  A5 FE        	lda	color
006180  1  0A           	asl
006181  1  0A           	asl
006182  1  29 3C        	and	#%00111100
006184  1  05 FF        	ora	ch
006186  1               
006186  1  8D 55 C0     	AUX_BANK
006189  1  91 EB        	sta	(dst),y
00618B  1  8D 54 C0     	MAIN_BANK
00618E  1               
00618E  1  60           	rts
00618F  1               
00618F  1               @not_group_e:
00618F  1  3A           	dec
006190  1  D0 31        	bne	@not_group_f
006192  1               
006192  1               @group_f:
006192  1  C8           	iny	; for byte2..3
006193  1               
006193  1               	; byte2
006193  1  8D 55 C0     	AUX_BANK
006196  1  B1 EB        	lda	(dst),y
006198  1  8D 54 C0     	MAIN_BANK
00619B  1  29 BF        	and	#%10111111
00619D  1  85 FF        	sta	ch
00619F  1               
00619F  1  A5 FE        	lda	color
0061A1  1  0A           	asl
0061A2  1  0A           	asl
0061A3  1  0A           	asl
0061A4  1  0A           	asl
0061A5  1  0A           	asl
0061A6  1  0A           	asl
0061A7  1  29 40        	and	#%01000000
0061A9  1  05 FF        	ora	ch
0061AB  1               
0061AB  1  8D 55 C0     	AUX_BANK
0061AE  1  91 EB        	sta	(dst),y
0061B0  1  8D 54 C0     	MAIN_BANK
0061B3  1               
0061B3  1               	; byte3
0061B3  1               	;MAIN_BANK
0061B3  1  B1 EB        	lda	(dst),y
0061B5  1  29 F8        	and	#%11111000
0061B7  1  85 FF        	sta	ch
0061B9  1               
0061B9  1  A5 FE        	lda	color
0061BB  1  4A           	lsr
0061BC  1  29 07        	and	#%00000111
0061BE  1  05 FF        	ora	ch
0061C0  1               
0061C0  1               	;MAIN_BANK
0061C0  1  91 EB        	sta	(dst),y
0061C2  1               
0061C2  1  60           	rts
0061C3  1               @not_group_f:
0061C3  1               
0061C3  1               @group_g:
0061C3  1  C8           	iny	; for byte2..3
0061C4  1               
0061C4  1               	;byte3
0061C4  1               	;MAIN_BANK
0061C4  1  B1 EB        	lda	(dst),y
0061C6  1  29 87        	and	#%10000111
0061C8  1  85 FF        	sta	ch
0061CA  1               
0061CA  1  A5 FE        	lda	color
0061CC  1  0A           	asl
0061CD  1  0A           	asl
0061CE  1  0A           	asl
0061CF  1  29 78        	and	#%01111000
0061D1  1  05 FF        	ora	ch
0061D3  1               
0061D3  1               	;MAIN_BANK
0061D3  1  91 EB        	sta	(dst),y
0061D5  1               
0061D5  1  60           	rts
0061D6  1               .endproc
0061D6  1               
0061D6  1               
0061D6  1               ; draw horizontal line
0061D6  1               ; @param x1(modified)
0061D6  1               ; @param x2
0061D6  1               ; @param y1
0061D6  1               ; @param color
0061D6  1               .proc	dhgr_hline
0061D6  1  A5 FA        	lda	x1
0061D8  1  C5 FC        	cmp	x2
0061DA  1  90 06        	bcc	@no_swap
0061DC  1  A6 FC        	ldx	x2
0061DE  1  85 FC        	sta	x2
0061E0  1  86 FA        	stx	x1
0061E2  1               @no_swap:
0061E2  1               
0061E2  1  A5 FC        	lda	x2
0061E4  1  38           	sec
0061E5  1  E5 FA        	sbc	x1
0061E7  1  C9 06        	cmp	#6	; x2 - x1 < 7
0061E9  1  B0 0E        	bcs	@loopx_left
0061EB  1               
0061EB  1               ; shorter than 7 pixels, use dhgr_plot to draw each pixel(slow)
0061EB  1               ; ex. hline 1..6
0061EB  1               @loopx_short:
0061EB  1  A5 FC        	lda	x2
0061ED  1  C5 FA        	cmp	x1
0061EF  1  90 07        	bcc	@end_loopx_short ; while (x1 <= x2)
0061F1  1  20 BD 60     	jsr 	dhgr_plot
0061F4  1  E6 FA        	inc	x1
0061F6  1  D0 F3        	bne 	@loopx_short ; endwhile
0061F8  1               @end_loopx_short:
0061F8  1  60           	rts
0061F9  1               
0061F9  1               ; longer than 7 pixels, split into 3 parts: left(slow), middle(fast), right(slow)
0061F9  1               ; ex. 5..22 -> left(slow):5..6, middle(fast):7..20, right(slow):21..22
0061F9  1               ;
0061F9  1               @loopx_left:
0061F9  1  A6 FA        	ldx	x1
0061FB  1  BD 00 69     	lda	HGR_PIXEL_GROUP,x
0061FE  1  F0 07        	beq	@end_loopx_left; while (x1 % 7)
006200  1  20 BD 60     	jsr 	dhgr_plot
006203  1  E6 FA        	inc	x1
006205  1  D0 F2        	bne	@loopx_left ; endwhile
006207  1               
006207  1               @end_loopx_left:
006207  1  A6 FB        	ldx	y1
006209  1  BD 00 67     	lda	HGR_OFFSET_LO,x
00620C  1  18           	clc
00620D  1  69 00        	adc	#<HGR_BASE
00620F  1  85 EB        	sta	dst
006211  1  BD 00 66     	lda	HGR_OFFSET_HI,x
006214  1  69 20        	adc	#>HGR_BASE
006216  1  85 EC        	sta	dst+1	; dst = HGR_BASE + HGR_OFFSET[y]
006218  1               
006218  1  A6 FA        	ldx	x1
00621A  1  BD 00 68     	lda	HGR_OFFSET_X,x
00621D  1  A8           	tay	; Y = (x1 / 7) * 2 = byte offset of x1
00621E  1               
00621E  1  A5 FE        	lda	color
006220  1  29 0F        	and	#%1111
006222  1  AA           	tax	; X <- color & 0x0f
006223  1               
006223  1               @loopx_middle:
006223  1  A5 FA        	lda	x1
006225  1  18           	clc
006226  1  69 07        	adc	#7
006228  1  C5 FC        	cmp	x2
00622A  1  B0 26        	bcs	@loopx_right ; while (x1 + 7 <= x2)
00622C  1  85 FA        	sta	x1	; x1 += 7
00622E  1               
00622E  1  BD 8C 69     	lda	DHGR_FILL_BYTE_0,x
006231  1  8D 55 C0     	AUX_BANK
006234  1  91 EB        	sta	(dst),y
006236  1  8D 54 C0     	MAIN_BANK
006239  1  BD 9C 69     	lda	DHGR_FILL_BYTE_1,x
00623C  1  91 EB        	sta	(dst),y
00623E  1               
00623E  1  C8           	iny
00623F  1               
00623F  1  BD AC 69     	lda	DHGR_FILL_BYTE_2,x
006242  1  8D 55 C0     	AUX_BANK
006245  1  91 EB        	sta	(dst),y
006247  1  8D 54 C0     	MAIN_BANK
00624A  1  BD BC 69     	lda	DHGR_FILL_BYTE_3,x
00624D  1  91 EB        	sta	(dst),y
00624F  1               
00624F  1  C8           	iny
006250  1  D0 D1        	bne	@loopx_middle ; endwhile
006252  1               
006252  1               @loopx_right:
006252  1  A5 FC        	lda	x2
006254  1  C5 FA        	cmp	x1
006256  1  90 07        	bcc	@end_loopx_right ; while (x1 <= x2)
006258  1  20 BD 60     	jsr 	dhgr_plot
00625B  1  E6 FA        	inc	x1
00625D  1  D0 F3        	bne	@loopx_right ; endwhile
00625F  1               
00625F  1               @end_loopx_right:
00625F  1  60           	rts
006260  1               .endproc
006260  1               
006260  1               
006260  1               ; draw vertical line
006260  1               ; @param y1(modified)
006260  1               ; @param y2
006260  1               ; @param x1
006260  1               ; @param color
006260  1               .proc	dhgr_vline
006260  1  A5 FB        	lda	y1
006262  1  C5 FD        	cmp	y2
006264  1  90 06        	bcc	@no_swap
006266  1  A6 FD        	ldx	y2
006268  1  85 FD        	sta	y2
00626A  1  86 FB        	stx	y1
00626C  1               @no_swap:
00626C  1               
00626C  1               @loopy:
00626C  1  20 BD 60     	jsr 	dhgr_plot
00626F  1  E6 FB        	inc	y1
006271  1  A5 FD        	lda	y2
006273  1  C5 FB        	cmp	y1
006275  1  B0 F5        	bcs	@loopy ; while (y1 <= y2)
006277  1  60           	rts
006278  1               .endproc
006278  1               
006278  1               
006278  1               ; draw rectangle
006278  1               ; @param x1
006278  1               ; @param x2
006278  1               ; @param y1
006278  1               ; @param y2
006278  1               ; @param color
006278  1               .proc	dhgr_rect
006278  1  A5 FA 48     	PUSH	x1
00627B  1  20 D6 61     	jsr 	dhgr_hline	; hlin x1,x2,y1
00627E  1  68 85 FA     	PULL	x1
006281  1               
006281  1  A5 FA 48 A5  	PUSH	x1, y1
006285  1  FB 48        
006287  1  A5 FD        	lda 	y2
006289  1  85 FB        	sta 	y1
00628B  1  20 D6 61     	jsr 	dhgr_hline	; hlin x1,x2,y2
00628E  1  68 85 FB 68  	PULL	y1, x1
006292  1  85 FA        
006294  1               
006294  1  E6 FB        	inc 	y1
006296  1  C6 FD        	dec 	y2
006298  1               
006298  1  A5 FB 48     	PUSH	y1
00629B  1  20 60 62     	jsr 	dhgr_vline	; vlin y1+1,y2-1,x1
00629E  1  68 85 FB     	PULL	y1
0062A1  1               
0062A1  1  A5 FC        	lda 	x2
0062A3  1  85 FA        	sta 	x1
0062A5  1  20 60 62     	jsr 	dhgr_vline	; vlin y1+1,y2-1,x2
0062A8  1               
0062A8  1  60           	rts
0062A9  1               .endproc
0062A9  1               
0062A9  1               
0062A9  1               ; draw filled rectangle
0062A9  1               ; @param x1
0062A9  1               ; @param x2
0062A9  1               ; @param y1(modified)
0062A9  1               ; @param y2
0062A9  1               ; @param color
0062A9  1               .proc	dhgr_fillrect
0062A9  1  A5 FB        	lda	y1
0062AB  1  C5 FD        	cmp	y2
0062AD  1  90 06        	bcc	@no_swap
0062AF  1  A6 FD        	ldx	y2
0062B1  1  85 FD        	sta	y2
0062B3  1  86 FB        	stx	y1
0062B5  1               @no_swap:
0062B5  1               
0062B5  1               @loopy:
0062B5  1  A5 FA 48     	PUSH	x1
0062B8  1  20 D6 61     	jsr 	dhgr_hline
0062BB  1  68 85 FA     	PULL	x1
0062BE  1  E6 FB        	inc	y1
0062C0  1  A5 FD        	lda	y2
0062C2  1  C5 FB        	cmp	y1
0062C4  1  B0 EF        	bcs	@loopy ; while (y1 <= y2)
0062C6  1  60           	rts
0062C7  1               .endproc
0062C7  1               
0062C7  1               
0062C7  1               ; draw pixmap
0062C7  1               ;
0062C7  1               ; @param x1(modified)
0062C7  1               ; @param y1(modified)
0062C7  1               ; @param x2
0062C7  1               ; @param y2
0062C7  1               ; @param src - pointer to pixel data; 1 byte per pixel; (x2-x1+1)*(y2-y1+1) bytes
0062C7  1               .proc	dhgr_pixmap
0062C7  1  A5 FA        	lda	x1
0062C9  1  8D F2 62     	sta	@_x1
0062CC  1               
0062CC  1  A0 00        	ldy	#0
0062CE  1               @loop:
0062CE  1  B1 CE        	lda	(src),y
0062D0  1  85 FE        	sta	color
0062D2  1  29 F0        	and	#$f0
0062D4  1  D0 05        	bne	@skip	; skip transparent(when hi-nibble is not zero)
0062D6  1  5A           	phy
0062D7  1  20 BD 60     	jsr 	dhgr_plot
0062DA  1  7A           	ply
0062DB  1               @skip:
0062DB  1  C8           	iny	; next pixel
0062DC  1               
0062DC  1  E6 FA        	inc	x1
0062DE  1  A6 FC        	ldx	x2
0062E0  1  E4 FA        	cpx	x1
0062E2  1  B0 EA        	bcs	@loop	; x2 >= ++x1
0062E4  1               
0062E4  1  AE F2 62     	ldx	@_x1
0062E7  1  86 FA        	stx	x1	; reset x1(next row, first column)
0062E9  1  E6 FB        	inc	y1
0062EB  1  A6 FD        	ldx	y2
0062ED  1  E4 FB        	cpx	y1
0062EF  1  B0 DD        	bcs	@loop	; y2 >= ++y1
0062F1  1               
0062F1  1  60           	rts
0062F2  1               
0062F2  1  00           @_x1:	.byte	0
0062F3  1               .endproc
0062F3  1               
0062F3  1               
0062F3  1               ; draw bitmap
0062F3  1               ;
0062F3  1               ; @param x1(modified)
0062F3  1               ; @param y1(modified)
0062F3  1               ; @param x2
0062F3  1               ; @param y2
0062F3  1               ; @param color
0062F3  1               ; @param src - pointer to pixel data; 1 bit per pixel; (x2-x1+1)*(y2-y1+1) bytes
0062F3  1               .proc	dhgr_bitmap
0062F3  1  A5 FA        	lda	x1
0062F5  1  8D 2A 63     	sta	@_x1
0062F8  1               	;//lda	color
0062F8  1               	;//sta	@_color
0062F8  1               
0062F8  1               @loop:
0062F8  1  A0 00        	ldy	#0
0062FA  1  B1 CE        	lda	(src),y
0062FC  1  A2 08        	ldx	#8	; 8 bits in a byte
0062FE  1               @loop_bit:
0062FE  1  0A           	asl
0062FF  1  90 07        	bcc	@skip	; skip skip transparent
006301  1               	;//ldy	@_color
006301  1               	;//sty	color
006301  1  48           	pha
006302  1  DA           	phx
006303  1  20 BD 60     	jsr 	dhgr_plot
006306  1  FA           	plx
006307  1  68           	pla
006308  1               @skip:
006308  1  E6 FA        	inc	x1	; next column
00630A  1  A4 FC        	ldy	x2
00630C  1  C4 FA        	cpy	x1
00630E  1  B0 0E        	bcs	@continue; while x1 <= x2
006310  1               
006310  1  AC 2A 63     	ldy	@_x1
006313  1  84 FA        	sty	x1	; carriage return
006315  1  E6 FB        	inc	y1	; line feed
006317  1  A4 FD        	ldy	y2
006319  1  C4 FB        	cpy	y1
00631B  1  B0 01        	bcs	@continue; while ++y1 <= y2
00631D  1               
00631D  1  60           	rts
00631E  1               
00631E  1               @continue:
00631E  1  CA           	dex		; next bit
00631F  1               
00631F  1  D0 DD        	bne	@loop_bit
006321  1  E6 CE        	inc	src	; next byte
006323  1  D0 D3        	bne	@loop
006325  1  E6 CF        	inc	src+1	; next page
006327  1  D0 CF        	bne	@loop	; jmp always
006329  1  60           	rts		; safe guard
00632A  1               
00632A  1  00           @_x1:	.byte	0
00632B  1               ;//@_color:.byte	0
00632B  1               .endproc
00632B  1               
00632B  1               ; load byte-aligned rectangular area from src to video memory
00632B  1               ;
00632B  1               ; @param x1 0..39 (40 bytes per row)
00632B  1               ; @param y1 0..191
00632B  1               ; @param x2 0..39
00632B  1               ; @param y2 0..191
00632B  1               ; @param src(modified)
00632B  1               .proc dhgr_load
00632B  1  A6 FB        	ldx	y1	; NOTE: reg. X for y
00632D  1               @loop_y:
00632D  1  A9 00        	lda	#<HGR_BASE
00632F  1  18           	clc
006330  1  7D 00 67     	adc	HGR_OFFSET_LO,x
006333  1  85 EB        	sta	dst
006335  1  A9 20        	lda	#>HGR_BASE
006337  1  7D 00 66     	adc	HGR_OFFSET_HI,x
00633A  1  85 EC        	sta	dst+1	; dst = HGR_BASE + HGR_OFFSET[y]
00633C  1               
00633C  1  A4 FA        	ldy	x1	; NOTE: reg. Y for x(for zeropage indirect addressing)
00633E  1               @loop_x:
00633E  1  B2 CE        	lda	(src)
006340  1  8D 55 C0     	AUX_BANK
006343  1  91 EB        	sta	(dst),y	; aux bank = *src++
006345  1  8D 54 C0     	MAIN_BANK
006348  1  E6 CE D0 02  	INC16	src
00634C  1  E6 CF        
00634E  1               
00634E  1  B2 CE        	lda	(src)
006350  1  91 EB        	sta	(dst),y ; main bank = *src++
006352  1  E6 CE D0 02  	INC16	src
006356  1  E6 CF        
006358  1               
006358  1  C8           	iny
006359  1  C4 FC        	cpy	x2
00635B  1  90 E1        	bcc	@loop_x ; while(x <= x2)
00635D  1  F0 DF        	beq	@loop_x
00635F  1               
00635F  1  E8           	inx
006360  1  E4 FD        	cpx	y2
006362  1  90 C9        	bcc	@loop_y ; while(y <= y2)
006364  1  F0 C7        	beq	@loop_y
006366  1               
006366  1  60           	rts
006367  1               .endproc
006367  1               
006367  1               ; save byte-aligned rectangular area from video memory to dst
006367  1               ;
006367  1               ; @param x1 0..39 (40 bytes per row)
006367  1               ; @param y1 0..191
006367  1               ; @param x2 0..39
006367  1               ; @param y2 0..191
006367  1               ; @param dst
006367  1               .proc dhgr_save
006367  1  A6 FB        	ldx	y1	; NOTE: reg. X for y
006369  1               @loop_y:
006369  1  A9 00        	lda	#<HGR_BASE
00636B  1  18           	clc
00636C  1  7D 00 67     	adc	HGR_OFFSET_LO,x
00636F  1  85 CE        	sta	src
006371  1  A9 20        	lda	#>HGR_BASE
006373  1  7D 00 66     	adc	HGR_OFFSET_HI,x
006376  1  85 CF        	sta	src+1	; src = HGR_BASE + HGR_OFFSET[y]
006378  1               
006378  1  A4 FA        	ldy	x1	; NOTE: reg. Y for x(for zeropage indirect addressing)
00637A  1               @loop_x:
00637A  1  8D 55 C0     	AUX_BANK
00637D  1  B1 CE        	lda	(src),y
00637F  1  8D 54 C0     	MAIN_BANK
006382  1  92 EB        	sta	(dst)	; *dst++ = aux bank
006384  1  E6 EB D0 02  	INC16	dst
006388  1  E6 EC        
00638A  1               
00638A  1  B1 CE        	lda	(src),y
00638C  1  92 EB        	sta	(dst)	; *dst++ = main bank(same address)
00638E  1  E6 EB D0 02  	INC16	dst
006392  1  E6 EC        
006394  1               
006394  1  C8           	iny
006395  1  C4 FC        	cpy	x2
006397  1  90 E1        	bcc	@loop_x ; while(x <= x2)
006399  1  F0 DF        	beq	@loop_x
00639B  1               
00639B  1  E8           	inx
00639C  1  E4 FD        	cpx	y2
00639E  1  90 C9        	bcc	@loop_y ; while(y <= y2)
0063A0  1  F0 C7        	beq	@loop_y
0063A2  1               
0063A2  1  60           	rts
0063A3  1               .endproc
0063A3  1               
0063A3  1               FONT_WIDTH	= 4
0063A3  1               FONT_HEIGHT	= 6
0063A3  1               FONT_CODE_BEGIN = $20
0063A3  1               FONT_CODE_END	= $7F
0063A3  1               FONT_GLYPH_BYTES= 3
0063A3  1               FONT_GLYPH_COUNT= 96
0063A3  1               
0063A3  1               ; draw char with 4x6 font
0063A3  1               ;
0063A3  1               ; @param x1(modified)
0063A3  1               ; @param y1(modified)
0063A3  1               ; @param color
0063A3  1               ; @param ch
0063A3  1               .proc	dhgr_putc
0063A3  1  A9 00        	lda	#<font4x6
0063A5  1  85 CE        	sta	src
0063A7  1  A9 6D        	lda	#>font4x6
0063A9  1  85 CF        	sta	src+1
0063AB  1               
0063AB  1  A5 FF        	lda	ch
0063AD  1  38           	sec
0063AE  1  E9 20        	sbc	#$20	; A = ch - $20
0063B0  1  85 FF        	sta	ch
0063B2  1               
0063B2  1  A5 CE        	lda	src
0063B4  1  18           	clc
0063B5  1  65 FF        	adc	ch
0063B7  1  65 FF        	adc	ch
0063B9  1  65 FF        	adc	ch
0063BB  1  85 CE        	sta	src
0063BD  1  A5 CF        	lda	src+1
0063BF  1  69 00        	adc	#$00
0063C1  1  85 CF        	sta	src+1	; src = font4x6 + (ch - 0x20)*3
0063C3  1               
0063C3  1  A5 FA        	lda	x1
0063C5  1  18           	clc
0063C6  1  69 03        	adc	#(FONT_WIDTH-1)
0063C8  1  85 FC        	sta	x2
0063CA  1               
0063CA  1  A5 FB        	lda	y1
0063CC  1  18           	clc
0063CD  1  69 05        	adc	#(FONT_HEIGHT-1)
0063CF  1  85 FD        	sta	y2
0063D1  1               
0063D1  1  20 F3 62     	jsr	dhgr_bitmap
0063D4  1  60           	rts
0063D5  1               .endproc
0063D5  1               
0063D5  1               
0063D5  1               ; draw text string with 4x6 font
0063D5  1               ;
0063D5  1               ; @param x1(modified)
0063D5  1               ; @param y1(modified)
0063D5  1               ; @param color
0063D5  1               ; @param src - pointer to string ends with zero
0063D5  1               .proc	dhgr_puts
0063D5  1  A0 00        	ldy	#0
0063D7  1               @loop:
0063D7  1  B1 CE        	lda	(src),y
0063D9  1  F0 44        	beq	@break
0063DB  1  85 FF        	sta	ch
0063DD  1  A5 FA 48 A5  	PUSH	x1, y1, color, src, src+1
0063E1  1  FB 48 A5 FE  
0063E5  1  48 A5 CE 48  
0063EC  1  5A           	phy
0063ED  1  20 A3 63     	jsr	dhgr_putc
0063F0  1  7A           	ply
0063F1  1  68 85 CF 68  	PULL	src+1, src, color, y1, x1
0063F5  1  85 CE 68 85  
0063F9  1  FE 68 85 FB  
006400  1  C8           	iny		; next char
006401  1               
006401  1  A5 FA        	lda	x1
006403  1  18           	clc
006404  1  69 04        	adc	#FONT_WIDTH
006406  1  85 FA        	sta	x1
006408  1  A9 8B        	lda	#(DHGR_WIDTH-1)
00640A  1  C5 FA        	cmp	x1
00640C  1  B0 C9        	bcs	@loop
00640E  1  A9 00        	lda	#0
006410  1  85 FA        	sta	x1	; carrage return
006412  1  A5 FB        	lda	y1
006414  1  18           	clc
006415  1  69 06        	adc	#FONT_HEIGHT
006417  1  85 FB        	sta	y1	; line feed
006419  1  A9 BF        	lda	#(DHGR_HEIGHT-1)
00641B  1  C5 FB        	cmp	y1
00641D  1  B0 B8        	bcs	@loop
00641F  1               @break:
00641F  1  60           	rts
006420  1               .endproc
006420  1               
006420  1               
006420  1               ENG_FONT_ADDR = font5x12
006420  1               ENG_FONT_WIDTH = 5
006420  1               ENG_FONT_HEIGHT = 12
006420  1               ENG_CODE_BEGIN = $20
006420  1               ENG_CODE_END = $7f
006420  1               ENG_GLYPH_COUNT = 96	; 0x20 ~ 0x7f
006420  1               ENG_GLYPH_SIZE = 8	; 5x12 = 60bits -> 60/8 <= 8bytes
006420  1               
006420  1               KOR_FONT_WIDTH = 10
006420  1               KOR_FONT_HEIGHT = 12
006420  1               KOR_CODE_BEGIN = $ac00	; 가
006420  1               KOR_CODE_END = $d7a3	; 힣
006420  1               NUM_CHO_FORM = 3	; 0 for vertical-shaped, 1 for horizontal-shaped, 2 for compound
006420  1               NUM_JUNG_FORM = 1
006420  1               NUM_JONG_FORM = 1
006420  1               CHO_COUNT = 19		; ㄱ,ㄲ,ㄴ,ㄷ,ㄸ,ㄹ,ㅁ,ㅂ,ㅃ,ㅅ,ㅆ,ㅇ,ㅈ,ㅉ,ㅊ,ㅋ,ㅌ,ㅍ,ㅎ
006420  1               JUNG_COUNT = 21		; ㅏ,ㅐ,ㅑ,ㅒ,ㅓ,ㅔ,ㅕ,ㅖ,ㅗ,ㅘ,ㅙ,ㅚ,ㅛ,ㅜ,ㅝ,ㅞ,ㅟ,ㅠ,ㅡ,ㅢ,ㅣ
006420  1               JONG_COUNT = 28		; fill,ㄱ,ㄲ,ㄳ,ㄴ,ㄵ,ㄶ,ㄷ,ㄹ,ㄺ,ㄻ,ㄼ,ㄽ,ㄾ,ㄿ,ㅀ,ㅁ,ㅂ,ㅄ,ㅅ,ㅆ,ㅇ,ㅈ,ㅊ,ㅋ,ㅌ,ㅍ,ㅎ
006420  1               KOR_GLYPH_SIZE = 15	; 10x12 = 120bits -> 120/8 = 15bytes
006420  1               KOR_GLYPH_COUNT = NUM_CHO_FORM*CHO_COUNT + NUM_JUNG_FORM*JUNG_COUNT + NUM_JONG_FORM*(JONG_COUNT-1)
006420  1               
006420  1               KOR_FONT_ADDR = font10x12
006420  1               CHO_FONT_ADDR = KOR_FONT_ADDR
006420  1               JUNG_FONT_ADDR = CHO_FONT_ADDR + NUM_CHO_FORM * CHO_COUNT * KOR_GLYPH_SIZE
006420  1               JONG_FONT_ADDR = JUNG_FONT_ADDR + NUM_JUNG_FORM * JUNG_COUNT * KOR_GLYPH_SIZE
006420  1               
006420  1               
006420  1               ; variables for korean decomposition in zero-page
006420  1               cho	=	x1	; 250d
006420  1               jung	=	y1	; 251d
006420  1               jong	=	x2	; 252d
006420  1               code	=	x2	; 252d; unicode char code(2 bytes);
006420  1               
006420  1               ; draw ucs2 char with 5x12 font
006420  1               ; @param x1(modified)
006420  1               ; @param y1(modified)
006420  1               ; @param code(modified)
006420  1               ; @param color
006420  1               ; @returns carry=0 for english, set carry=1 for korean
006420  1               .proc dhgr_putc_ucs2
006420  1  A5 FD        	lda	code+1
006422  1  D0 3A        	bne	@kor	; korean if hi byte is not zero
006424  1               
006424  1               @eng:
006424  1  A5 FC        	lda	code
006426  1  38           	sec
006427  1  E9 20        	sbc	#ENG_CODE_BEGIN	; A = code - $20
006429  1               
006429  1  A2 00        	ldx	#0
00642B  1  86 FF        	stx	ch	; ch=0; temporary use ch as hi byte
00642D  1  0A           	asl
00642E  1  26 FF        	rol	ch
006430  1  0A           	asl
006431  1  26 FF        	rol	ch
006433  1  0A           	asl
006434  1  26 FF        	rol	ch	; ch:A = A << 3 = (code - $20) * 8
006436  1               
006436  1  18           	clc
006437  1  69 20        	adc	#<ENG_FONT_ADDR
006439  1  85 CE        	sta	src
00643B  1  A5 FF        	lda	ch	; hi-byte
00643D  1  69 6E        	adc	#>ENG_FONT_ADDR
00643F  1  85 CF        	sta	src+1	; dst = eng_font_addr + (code - $20) * 8
006441  1               
006441  1  A5 FA        	lda	x1
006443  1  69 04        	adc	#(ENG_FONT_WIDTH-1)
006445  1  85 FC        	sta	x2
006447  1  A5 FB        	lda	y1
006449  1  69 0B        	adc	#(ENG_FONT_HEIGHT-1)
00644B  1  85 FD        	sta	y2
00644D  1  A5 FA 48 A5  	PUSH x1,y1
006451  1  FB 48        
006453  1  20 F3 62     	jsr	dhgr_bitmap	; draw eng font in src to framebuffer x1,y1,x1+5-1,y1+12-1
006456  1  68 85 FB 68  	PULL y1,x1
00645A  1  85 FA        
00645C  1               
00645C  1  18           	clc	; carry=0 for english
00645D  1  60           	rts
00645E  1               
00645E  1               @kor:
00645E  1  A5 FA 48 A5  	PUSH	x1,y1
006462  1  FB 48        
006464  1               
006464  1  A9 5D        	lda	#<kor_buf
006466  1  85 EB        	sta	dst
006468  1  A9 6B        	lda	#>kor_buf
00646A  1  85 EC        	sta	dst+1	; dst = kor_buf
00646C  1               
00646C  1  20 68 6A     	jsr	decompose_ucs2	; code -> cho,jung,jong
00646F  1               
00646F  1               ; get cho font
00646F  1  A5 FA        	lda	cho
006471  1               	; determine cho_form by jung and calculate cho font offset
006471  1  A4 FB        	ldy	jung
006473  1  BE 45 6B     	ldx	cho_form_by_jung,y	; cho_form=0,1,2
006476  1  18           	clc
006477  1  7D 5A 6B     	adc	cho_form_offset,x	; cho_form_offset=cho_form*19=0,19,38
00647A  1  85 FA        	sta	cho	; cho = cho_form * cho_count + cho
00647C  1               
00647C  1  A2 00        	ldx	#0
00647E  1  86 FF        	stx	ch	; ch=0 for hi-byte
006480  1  0A           	asl
006481  1  26 FF        	rol	ch
006483  1  0A           	asl
006484  1  26 FF        	rol	ch
006486  1  0A           	asl
006487  1  26 FF        	rol	ch
006489  1  0A           	asl
00648A  1  26 FF        	rol	ch
00648C  1  38           	sec
00648D  1  E5 FA        	sbc	cho
00648F  1  85 FA        	sta	cho
006491  1  A5 FF        	lda	ch
006493  1  E9 00        	sbc	#0
006495  1  85 FF        	sta	ch	; ch:cho = (cho_form * cho_count + cho) * 15
006497  1               
006497  1  A5 FA        	lda	cho
006499  1  18           	clc
00649A  1  69 20        	adc	#<CHO_FONT_ADDR
00649C  1  85 CE        	sta	src
00649E  1  A5 FF        	lda	ch	; hi-byte
0064A0  1  69 71        	adc	#>CHO_FONT_ADDR
0064A2  1  85 CF        	sta	src+1	; src = cho_font_base + (cho_form*cho_count + cho)*15; cho_form=0,1,2
0064A4  1               
0064A4  1  A0 0E        	ldy	#(KOR_GLYPH_SIZE-1)
0064A6  1               @loop_cho_font:
0064A6  1  B1 CE        	lda	(src),y
0064A8  1  91 EB        	sta	(dst),y
0064AA  1  88           	dey
0064AB  1  10 F9        	bpl	@loop_cho_font	; copy cho font in src to kor_buf in dst
0064AD  1               
0064AD  1               ; get jung font
0064AD  1  A5 FB        	lda	jung
0064AF  1  A2 00        	ldx	#0
0064B1  1  86 FF        	stx	ch	; ch=0 for hi-byte
0064B3  1  0A           	asl
0064B4  1  26 FF        	rol	ch
0064B6  1  0A           	asl
0064B7  1  26 FF        	rol	ch
0064B9  1  0A           	asl
0064BA  1  26 FF        	rol	ch
0064BC  1  0A           	asl
0064BD  1  26 FF        	rol	ch
0064BF  1  38           	sec
0064C0  1  E5 FB        	sbc	jung
0064C2  1  85 FB        	sta	jung
0064C4  1  A5 FF        	lda	ch
0064C6  1  E9 00        	sbc	#0
0064C8  1  85 FF        	sta	ch	; ch:jung = (jung << 4) - jung = jung * 15
0064CA  1               
0064CA  1  A5 FB        	lda	jung
0064CC  1  18           	clc
0064CD  1  69 77        	adc	#<JUNG_FONT_ADDR
0064CF  1  85 CE        	sta	src
0064D1  1  A5 FF        	lda	ch
0064D3  1  69 74        	adc	#>JUNG_FONT_ADDR
0064D5  1  85 CF        	sta	src+1	; src = jung_font_base + (jung_form*jung_count + jung)*15; jung_form=0 always for now
0064D7  1               
0064D7  1  A0 0E        	ldy	#(KOR_GLYPH_SIZE-1)
0064D9  1               @loop_jung_font:
0064D9  1  B1 EB        	lda	(dst),y
0064DB  1  11 CE        	ora	(src),y
0064DD  1  91 EB        	sta	(dst),y
0064DF  1  88           	dey
0064E0  1  10 F7        	bpl	@loop_jung_font	; merge jung font in src into kor_buf in dst
0064E2  1               
0064E2  1               ; get jong font
0064E2  1  A5 FC        	lda	jong
0064E4  1  F0 36        	beq	@no_jong	; if jong==0, skip jong font
0064E6  1  3A           	dec
0064E7  1  85 FC        	sta	jong	; jong -= 1; no glyph for fill
0064E9  1               
0064E9  1  A2 00        	ldx	#0
0064EB  1  86 FF        	stx	ch	; ch=0 for hi-byte
0064ED  1  0A           	asl
0064EE  1  26 FF        	rol	ch
0064F0  1  0A           	asl
0064F1  1  26 FF        	rol	ch
0064F3  1  0A           	asl
0064F4  1  26 FF        	rol	ch
0064F6  1  0A           	asl
0064F7  1  26 FF        	rol	ch
0064F9  1  38           	sec
0064FA  1  E5 FC        	sbc	jong
0064FC  1  85 FC        	sta	jong
0064FE  1  A5 FF        	lda	ch
006500  1  E9 00        	sbc	#0
006502  1  85 FF        	sta	ch	; ch:jong = (jong << 4) - jong = jong * 15
006504  1               
006504  1  A5 FC        	lda	jong
006506  1  18           	clc
006507  1  69 B2        	adc	#<JONG_FONT_ADDR
006509  1  85 CE        	sta	src
00650B  1  A5 FF        	lda	ch	; hi-byte
00650D  1  69 75        	adc	#>JONG_FONT_ADDR
00650F  1  85 CF        	sta	src+1	; src = jong_font_base + (jong_form*jong_count + jong)*15; jong_form=0 always for now
006511  1               
006511  1  A0 0E        	ldy	#(KOR_GLYPH_SIZE-1)
006513  1               @loop_jong_font:
006513  1  B1 EB        	lda	(dst),y
006515  1  11 CE        	ora	(src),y
006517  1  91 EB        	sta	(dst),y
006519  1  88           	dey
00651A  1  10 F7        	bpl	@loop_jong_font	; merge jong font in src to kor_buf in dst
00651C  1               
00651C  1               @no_jong:
00651C  1  68 85 FB 68  	PULL	y1,x1
006520  1  85 FA        
006522  1               
006522  1  A9 5D        	lda	#<kor_buf
006524  1  85 CE        	sta	src
006526  1  A9 6B        	lda	#>kor_buf
006528  1  85 CF        	sta	src+1	; src = kor_buf
00652A  1  A5 FA        	lda	x1
00652C  1  18           	clc
00652D  1  69 09        	adc	#(KOR_FONT_WIDTH-1)
00652F  1  85 FC        	sta	x2
006531  1  A5 FB        	lda	y1
006533  1  18           	clc
006534  1  69 0B        	adc	#(KOR_FONT_HEIGHT-1)
006536  1  85 FD        	sta	y2
006538  1  A5 FA 48 A5  	PUSH x1,y1
00653C  1  FB 48        
00653E  1  20 F3 62     	jsr	dhgr_bitmap	; draw kor font in src to framebuffer x1,y1,x1+10-1,y1+12-1
006541  1  68 85 FB 68  	PULL y1,x1
006545  1  85 FA        
006547  1               
006547  1  38           	sec	; carry=1 for korean
006548  1  60           	rts
006549  1               .endproc
006549  1               
006549  1               ; draw ucs2 text string
006549  1               ;
006549  1               ; @param x1(modified)
006549  1               ; @param y1(modified)
006549  1               ; @param src - pointer to string ends with zero
006549  1               ; @param color
006549  1               .proc dhgr_puts_ucs2
006549  1  A0 00        	ldy	#0 ; src index
00654B  1               @loop:
00654B  1  B1 CE        	lda	(src),y ; lo
00654D  1  85 FC        	sta	code
00654F  1  C8           	iny		; next byte
006550  1  11 CE        	ora	(src),y
006552  1  F0 42        	beq	@break	; break if hi=0 and lo=0
006554  1  B1 CE        	lda	(src),y ; hi
006556  1  85 FD        	sta	code+1
006558  1  5A           	phy
006559  1  A5 CE 48 A5  	PUSH src,src+1,x1,y1
00655D  1  CF 48 A5 FA  
006561  1  48 A5 FB 48  
006565  1  20 20 64     	jsr	dhgr_putc_ucs2
006568  1  68 85 FB 68  	PULL y1,x1,src+1,src
00656C  1  85 FA 68 85  
006570  1  CF 68 85 CE  
006574  1  7A           	ply
006575  1  C8           	iny		; next ucs2 char
006576  1               
006576  1  B0 04        	bcs	@forward_kor
006578  1               @forward_eng:
006578  1  A9 05        	lda	#ENG_FONT_WIDTH
00657A  1  D0 02        	bne	@forward	; jmp always
00657C  1               @forward_kor:
00657C  1  A9 0A        	lda	#KOR_FONT_WIDTH
00657E  1               @forward:
00657E  1  18           	clc
00657F  1  65 FA        	adc	x1	; x1 += 5 for english, x1 += 10 for korean
006581  1  85 FA        	sta	x1
006583  1  C9 87        	cmp	#(DHGR_WIDTH-5)
006585  1  90 C4        	bcc	@loop	; if x1 < 140-5
006587  1               
006587  1  A9 00        	lda	#0
006589  1  85 FA        	sta	x1	; x=0 carrage return
00658B  1               
00658B  1  A5 FB        	lda	y1
00658D  1  18           	clc
00658E  1  69 0C        	adc	#12	; y1+=12 line feed
006590  1  85 FB        	sta	y1
006592  1  C9 B4        	cmp	#(DHGR_HEIGHT-12)
006594  1  90 B5        	bcc	@loop ; while y1 < 192-12
006596  1               	; TODO: scroll up? or return to top? or stop?
006596  1               @break:
006596  1  60           	rts
006597  1               .endproc
006597  1               
006597  1               
006597  1               ; draw utf8 text string
006597  1               ; @param x1(modified)
006597  1               ; @param y1(modified)
006597  1               ; @param color(modified)
006597  1               ; @param src - pointer to string ends with zero
006597  1               .proc dhgr_puts_utf8
006597  1  A5 FA 48 A5  	PUSH	x1,y1,color
00659B  1  FB 48 A5 FE  
00659F  1  48           
0065A0  1               
0065A0  1  A9 00        	lda	#<ucs2_buf
0065A2  1  85 EB        	sta	dst
0065A4  1  A9 6C        	lda	#>ucs2_buf
0065A6  1  85 EC        	sta	dst+1	; dst = ucs2_buf
0065A8  1  20 CC 69     	jsr	utf8_to_ucs2	; convert utf8 in src to ucs2 in ucs2_buf
0065AB  1               
0065AB  1  68 85 FE 68  	PULL	color,y1,x1
0065AF  1  85 FB 68 85  
0065B3  1  FA           
0065B4  1               
0065B4  1  A9 00        	lda	#<ucs2_buf
0065B6  1  85 CE        	sta	src
0065B8  1  A9 6C        	lda	#>ucs2_buf
0065BA  1  85 CF        	sta	src+1	; src = ucs2_buf
0065BC  1  20 49 65     	jsr	dhgr_puts_ucs2 ; draw ucs2 string in src
0065BF  1  60           	rts
0065C0  1               .endproc
0065C0  1               
0065C0  1               .include	"softswitch.inc"
0065C0  2               ST80OFF	=	$C000	; enable RDMAIN/RDAUX/WRMAIN/WRAUX
0065C0  2               ST80ON	=	$C001	; disable RDMAIN/RDAUX/WRMAIN/WRAUX
0065C0  2               RDMAIN	=	$C002	; read MAIN memory
0065C0  2               RDAUX	=	$C003	; read AUX memory
0065C0  2               WRMAIN	=	$C004	; write to MAIN memory
0065C0  2               WRAUX	=	$C005	; write to AUX memory
0065C0  2               ZPMAIN 	=	$C008	; select MAIN ZP
0065C0  2               ZPAUX 	=	$C009	; select AUX ZP
0065C0  2               COL80OFF=	$C00C	; switch to 40 columns(read)
0065C0  2               COL80ON	=	$C00D	; switch to 80 columns(read)
0065C0  2               VBL	=	$C019	; vertical blanking(read)
0065C0  2               SPEAKER =	$C030	; toggle speaker
0065C0  2               STROBE	=	$C040	;
0065C0  2               AN0ON	=	$C058	; switch AN0 on
0065C0  2               AN0OFF	=	$C059	; switch AN0 off
0065C0  2               AN1ON	=	$C05A	; switch AN1 on
0065C0  2               AN1OFF	=	$C05B	; switch AN1 off
0065C0  2               AN2ON	=	$C05C	; switch AN2 on
0065C0  2               AN2OFF	=	$C05D	; switch AN2 off
0065C0  2               CSTIN	=	$C060	; cassette in
0065C0  2               PB0	=	$C061	; push button 0; open-apple key
0065C0  2               PB1	=	$C062	; push button 1; solid-apple key
0065C0  2               PB2	=	$C063	; push button 2
0065C0  2               PDL0	=	$C064	; paddle 0; analog
0065C0  2               PDL1	=	$C065	; paddle 1; analog
0065C0  2               PDL2	=	$C066	; paddle 2; analog
0065C0  2               PDL3	=	$C067	; paddle 3; analog
0065C0  2               PDLRST	=	$C070	; paddle reset
0065C0  2               AN3ON	=	$C05E	; switch AN3 on; ALTCHAROFF
0065C0  2               AN3OFF	=	$C05F	; switch AN3 off; ALTCHAROFF
0065C0  2               TEXTOFF	=	$C050	; switch to graphics mode
0065C0  2               TEXTON 	=	$C051	; switch to text mode
0065C0  2               MIXOFF	=	$C052	; full screen graphic
0065C0  2               MIXON 	=	$C053	; mixed graphic/text
0065C0  2               PAGE2OFF=	$C054	; page 1
0065C0  2               PAGE2ON	=	$C055	; page 2
0065C0  2               HIRESOFF=	$C056	; lo-res mode
0065C0  2               HIRESON	=	$C057	; hi-res mode
0065C0  2               
0065C0  2               ; TODO: can I use these?
0065C0  2               GR_LAST_COLOR	= $1C	;
0065C0  2               WINDOW_LEFT	= $20	; 0..39(default: 0)
0065C0  2               WINDOW_RIGHT	= $21	; 1..40(default: 40)
0065C0  2               WINDOW_TOP	= $22	; 0..23(default: 0)
0065C0  2               WINDOW_BOTTOM	= $23	; 1..24(default: 24)
0065C0  2               CURSOR_X	= $24	; 0..39
0065C0  2               CURSOR_Y	= $25	; 0..39
0065C0  2               GR_CURSOR_LO	= $26	; address of current row in GR mode
0065C0  2               GR_CURSOR_HI	= $27	;
0065C0  2               CURSOR_LO	= $28	; address of current row in text mode
0065C0  2               CURSOR_HI	= $29	;
0065C0  2               GR_LAST_X	= $2C	; last GR plot x
0065C0  2               GR_LAST_Y	= $2D	; last GR plot y
0065C0  2               GR_MASK		= $2E	; last GR mask($0F = lo-nibble; $F0 = hi-nibble)
0065C0  2               GR_NIBBLE_DOUBLE= $30	; (color << 4) | (color & 0x0f)
0065C0  2               
0065C0  2               STACK 	=	$0100	; stack starts at $0100
0065C0  2               
0065C0  1               .include	"math.inc"
0065C0  2               ; n1 = n1 + n2
0065C0  2               .macro ADD16 n1, n2
0065C0  2                 clc
0065C0  2                 lda n1
0065C0  2                 adc n2
0065C0  2                 sta n1
0065C0  2                 lda n1+1
0065C0  2                 adc n2+1
0065C0  2                 sta n1+1
0065C0  2               .endmacro
0065C0  2               
0065C0  2               ; n1 = n1 - n2
0065C0  2               .macro SUB16 n1, n2
0065C0  2                 sec
0065C0  2                 lda n1
0065C0  2                 sbc n2
0065C0  2                 sta n1
0065C0  2                 lda n1+1
0065C0  2               .endmacro
0065C0  2               
0065C0  2               ; 8bit registers
0065C0  2               MATH_AL = $50
0065C0  2               MATH_AH = $51
0065C0  2               MATH_BL = $54
0065C0  2               MATH_BH = $55
0065C0  2               MATH_CL = $52
0065C0  2               MATH_CH = $53
0065C0  2               MATH_DL = $56
0065C0  2               MATH_DH = $57
0065C0  2               ; 16bit registers
0065C0  2               MATH_AX = MATH_AL
0065C0  2               MATH_BX = MATH_BL
0065C0  2               MATH_CX = MATH_CL
0065C0  2               MATH_DX = MATH_DL
0065C0  2               ; 32bit registers
0065C0  2               MATH_EAX = MATH_AX
0065C0  2               MATH_EBX = MATH_BX
0065C0  2               
0065C0  2               ; push 8bit registers to stack
0065C0  2               ; modified: A
0065C0  2               .macro MATH_PUSH8 r1, r2, r3, r4, r5, r6, r7
0065C0  2               .ifblank	r1
0065C0  2               	.exitmacro
0065C0  2               .else
0065C0  2                 lda	r1
0065C0  2               	pha
0065C0  2               .endif
0065C0  2               	MATH_PUSH8 r2, r3, r4, r5, r6, r7
0065C0  2               .endmacro
0065C0  2               
0065C0  2               ; push 16bit registers to stack
0065C0  2               ; modified: A
0065C0  2               .macro MATH_PUSH16 r1, r2, r3, r4, r5, r6, r7
0065C0  2               .ifblank	r1
0065C0  2               	.exitmacro
0065C0  2               .else
0065C0  2                 lda	r1
0065C0  2               	pha
0065C0  2                 lda	r1+1
0065C0  2                 pha
0065C0  2               .endif
0065C0  2               	MATH_PUSH16 r2, r3, r4, r5, r6, r7
0065C0  2               .endmacro
0065C0  2               
0065C0  2               ; pull(pop) 8bit registers to stack
0065C0  2               ; modified: A
0065C0  2               .macro  MATH_PULL8 r1, r2, r3, r4, r5, r6, r7
0065C0  2               .ifblank	r1
0065C0  2               	.exitmacro
0065C0  2               .else
0065C0  2                 pla
0065C0  2                 sta	r1
0065C0  2               .endif
0065C0  2               	MATH_PULL8 r2, r3, r4, r5, r6, r7
0065C0  2               .endmacro
0065C0  2               
0065C0  2               ; pull(pop) 16bit registers to stack
0065C0  2               ; modified: A
0065C0  2               .macro  MATH_PULL16 r1, r2, r3, r4, r5, r6, r7
0065C0  2               .ifblank	r1
0065C0  2               	.exitmacro
0065C0  2               .else
0065C0  2               	pla
0065C0  2                 sta	r1+1
0065C0  2                 pla
0065C0  2                 sta	r1
0065C0  2               .endif
0065C0  2               	MATH_PULL16 r2, r3, r4, r5, r6, r7
0065C0  2               .endmacro
0065C0  2               
0065C0  2               ; load 8bit register from immediate or absolute
0065C0  2               .macro MATH_LOAD8 reg,arg
0065C0  2                 .if (.match(.left (1, {arg}), #))
0065C0  2                   ; immediate
0065C0  2                   lda #<(.right (.tcount ({arg})-1, {arg})
0065C0  2                   sta reg
0065C0  2                 .else
0065C0  2                   ; absolute
0065C0  2                   lda arg
0065C0  2                   sta reg
0065C0  2                 .endif
0065C0  2               .endmacro
0065C0  2               
0065C0  2               ; load 16bit register from immediate or absolute
0065C0  2               .macro MATH_LOAD16 reg,arg
0065C0  2                 .if (.match(.left (1, {arg}), #))
0065C0  2                   ; immediate
0065C0  2                   lda #<(.right (.tcount ({arg})-1, {arg}))
0065C0  2                   sta reg
0065C0  2                   lda #>(.right (.tcount ({arg})-1, {arg}))
0065C0  2                   sta reg+1
0065C0  2                 .else
0065C0  2                   ; absolute
0065C0  2                   lda arg
0065C0  2                   sta reg
0065C0  2                   lda arg+1
0065C0  2                   sta reg+1
0065C0  2                 .endif
0065C0  2               .endmacro
0065C0  2               
0065C0  2               ; store 8bit register to absolute
0065C0  2               .macro MATH_STORE8 reg,arg
0065C0  2                 lda reg
0065C0  2                 sta arg
0065C0  2               .endmacro
0065C0  2               
0065C0  2               ; store 16bit register to absolute
0065C0  2               .macro MATH_STORE16 reg,arg
0065C0  2                 lda reg
0065C0  2                 sta arg
0065C0  2                 lda reg+1
0065C0  2                 sta arg+1
0065C0  2               .endmacro
0065C0  2               
0065C0  2               ; AX = AX + BX
0065C0  2               .proc MATH_ADD16
0065C0  2  18             clc
0065C1  2  A5 50          lda MATH_AL
0065C3  2  65 54          adc MATH_BL
0065C5  2  85 50          sta MATH_AL
0065C7  2  A5 51          lda MATH_AH
0065C9  2  65 55          adc MATH_BH
0065CB  2  85 51          sta MATH_AH
0065CD  2  60             rts
0065CE  2               .endproc
0065CE  2               
0065CE  2               ; https://codebase64.net/doku.php?id=base:16bit_division_16-bit_result
0065CE  2               ; AX = AX / BX, CX = AX % BX
0065CE  2               .proc MATH_DIV16
0065CE  2               dividend = MATH_AX
0065CE  2               divisor = MATH_BX
0065CE  2               remainder = MATH_CX
0065CE  2               result = dividend ;save memory by reusing divident to store the result
0065CE  2               
0065CE  2               @divide:
0065CE  2  A9 00          lda #0	        ;preset remainder to 0
0065D0  2  85 52        	sta remainder
0065D2  2  85 53        	sta remainder+1
0065D4  2  A2 10        	ldx #16	        ;repeat for each bit: ...
0065D6  2               
0065D6  2               @divloop:
0065D6  2  06 50          asl dividend	;dividend lb & hb*2, msb -> Carry
0065D8  2  26 51        	rol dividend+1
0065DA  2  26 52        	rol remainder	;remainder lb & hb * 2 + msb from carry
0065DC  2  26 53        	rol remainder+1
0065DE  2  A5 52        	lda remainder
0065E0  2  38           	sec
0065E1  2  E5 54        	sbc divisor	;substract divisor to see if it fits in
0065E3  2  A8           	tay	        ;lb result -> Y, for we may need it later
0065E4  2  A5 53        	lda remainder+1
0065E6  2  E5 55        	sbc divisor+1
0065E8  2  90 06        	bcc @skip	;if carry=0 then divisor didn't fit in yet
0065EA  2               
0065EA  2  85 53        	sta remainder+1	;else save substraction result as new remainder,
0065EC  2  84 52        	sty remainder
0065EE  2  E6 50        	inc result	;and INCrement result cause divisor fit in 1 times
0065F0  2               
0065F0  2               @skip:
0065F0  2  CA             dex
0065F1  2  D0 E3        	bne @divloop
0065F3  2  60           	rts
0065F4  2               .endproc
0065F4  2               
0065F4  1               .include	"dhgr.inc"
0065F4  2               .include "hgr.inc"
0065F4  3               HGR_PAGE1_BASE = $2000
0065F4  3               HGR_PAGE2_BASE = $4000
0065F4  3               HGR_BASE = HGR_PAGE1_BASE
0065F4  3               
0065F4  3               HGR_WIDTH				= 140		; 140 color-pixels, 7 color-pixels in 2 bytes = 20 groups of 2 bytes = 40 bytes per row
0065F4  3               HGR_HEIGHT			= 192
0065F4  3               HGR_WIDTH_BYTES	= 40
0065F4  3               
0065F4  3               ; pre-compute the hgr address for each y value(y=0..191)
0065F4  3               ; hgr_offset[y] = (y/64)*0x28 + (y%8)*0x400 + ((y/8)&7)*0x80;
0065F4  3               
0065F4  3  xx xx xx xx  .align $100
0065F8  3  xx xx xx xx  
0065FC  3  xx xx xx xx  
006600  3               HGR_OFFSET_HI:
006600  3               	; section 0
006600  3  00 04 08 0C  	.byte $0, $4, $8, $c, $10, $14, $18, $1c ; block 0
006604  3  10 14 18 1C  
006608  3  00 04 08 0C  	.byte $0, $4, $8, $c, $10, $14, $18, $1c ; block 1
00660C  3  10 14 18 1C  
006610  3  01 05 09 0D  	.byte $1, $5, $9, $d, $11, $15, $19, $1d ; block 2
006614  3  11 15 19 1D  
006618  3  01 05 09 0D  	.byte $1, $5, $9, $d, $11, $15, $19, $1d ; block 3
00661C  3  11 15 19 1D  
006620  3  02 06 0A 0E  	.byte $2, $6, $a, $e, $12, $16, $1a, $1e ; block 4
006624  3  12 16 1A 1E  
006628  3  02 06 0A 0E  	.byte $2, $6, $a, $e, $12, $16, $1a, $1e ; block 5
00662C  3  12 16 1A 1E  
006630  3  03 07 0B 0F  	.byte $3, $7, $b, $f, $13, $17, $1b, $1f ; block 6
006634  3  13 17 1B 1F  
006638  3  03 07 0B 0F  	.byte $3, $7, $b, $f, $13, $17, $1b, $1f ; block 7
00663C  3  13 17 1B 1F  
006640  3               	; section 1
006640  3  00 04 08 0C  	.byte $0, $4, $8, $c, $10, $14, $18, $1c ; block 0
006644  3  10 14 18 1C  
006648  3  00 04 08 0C  	.byte $0, $4, $8, $c, $10, $14, $18, $1c ; block 1
00664C  3  10 14 18 1C  
006650  3  01 05 09 0D  	.byte $1, $5, $9, $d, $11, $15, $19, $1d ; block 2
006654  3  11 15 19 1D  
006658  3  01 05 09 0D  	.byte $1, $5, $9, $d, $11, $15, $19, $1d ; block 3
00665C  3  11 15 19 1D  
006660  3  02 06 0A 0E  	.byte $2, $6, $a, $e, $12, $16, $1a, $1e ; block 4
006664  3  12 16 1A 1E  
006668  3  02 06 0A 0E  	.byte $2, $6, $a, $e, $12, $16, $1a, $1e ; block 5
00666C  3  12 16 1A 1E  
006670  3  03 07 0B 0F  	.byte $3, $7, $b, $f, $13, $17, $1b, $1f ; block 6
006674  3  13 17 1B 1F  
006678  3  03 07 0B 0F  	.byte $3, $7, $b, $f, $13, $17, $1b, $1f ; block 7
00667C  3  13 17 1B 1F  
006680  3               	; section 2
006680  3  00 04 08 0C  	.byte $0, $4, $8, $c, $10, $14, $18, $1c ; block 0
006684  3  10 14 18 1C  
006688  3  00 04 08 0C  	.byte $0, $4, $8, $c, $10, $14, $18, $1c ; block 1
00668C  3  10 14 18 1C  
006690  3  01 05 09 0D  	.byte $1, $5, $9, $d, $11, $15, $19, $1d ; block 2
006694  3  11 15 19 1D  
006698  3  01 05 09 0D  	.byte $1, $5, $9, $d, $11, $15, $19, $1d ; block 3
00669C  3  11 15 19 1D  
0066A0  3  02 06 0A 0E  	.byte $2, $6, $a, $e, $12, $16, $1a, $1e ; block 4
0066A4  3  12 16 1A 1E  
0066A8  3  02 06 0A 0E  	.byte $2, $6, $a, $e, $12, $16, $1a, $1e ; block 5
0066AC  3  12 16 1A 1E  
0066B0  3  03 07 0B 0F  	.byte $3, $7, $b, $f, $13, $17, $1b, $1f ; block 6
0066B4  3  13 17 1B 1F  
0066B8  3  03 07 0B 0F  	.byte $3, $7, $b, $f, $13, $17, $1b, $1f ; block 7
0066BC  3  13 17 1B 1F  
0066C0  3               	; 192 bytes
0066C0  3               	;.res 256-192 ; padding for page($ff bytes) aligned
0066C0  3               	; free 64 bytes!
0066C0  3               
0066C0  3  xx xx xx xx  .align $100
0066C4  3  xx xx xx xx  
0066C8  3  xx xx xx xx  
006700  3               HGR_OFFSET_LO:
006700  3               	; section 0
006700  3  00 00 00 00  	.byte $00, $00, $00, $00, $00, $00, $00, $00 ; block 0
006704  3  00 00 00 00  
006708  3  80 80 80 80  	.byte $80, $80, $80, $80, $80, $80, $80, $80 ; block 1
00670C  3  80 80 80 80  
006710  3  00 00 00 00  	.byte $00, $00, $00, $00, $00, $00, $00, $00 ; block 2
006714  3  00 00 00 00  
006718  3  80 80 80 80  	.byte $80, $80, $80, $80, $80, $80, $80, $80 ; block 3
00671C  3  80 80 80 80  
006720  3  00 00 00 00  	.byte $00, $00, $00, $00, $00, $00, $00, $00 ; block 4
006724  3  00 00 00 00  
006728  3  80 80 80 80  	.byte $80, $80, $80, $80, $80, $80, $80, $80 ; block 5
00672C  3  80 80 80 80  
006730  3  00 00 00 00  	.byte $00, $00, $00, $00, $00, $00, $00, $00 ; block 6
006734  3  00 00 00 00  
006738  3  80 80 80 80  	.byte $80, $80, $80, $80, $80, $80, $80, $80 ; block 7
00673C  3  80 80 80 80  
006740  3               	; section 1
006740  3  28 28 28 28  	.byte $28, $28, $28, $28, $28, $28, $28, $28 ; block 0
006744  3  28 28 28 28  
006748  3  A8 A8 A8 A8  	.byte $a8, $a8, $a8, $a8, $a8, $a8, $a8, $a8 ; block 1
00674C  3  A8 A8 A8 A8  
006750  3  28 28 28 28  	.byte $28, $28, $28, $28, $28, $28, $28, $28 ; block 2
006754  3  28 28 28 28  
006758  3  A8 A8 A8 A8  	.byte $a8, $a8, $a8, $a8, $a8, $a8, $a8, $a8 ; block 3
00675C  3  A8 A8 A8 A8  
006760  3  28 28 28 28  	.byte $28, $28, $28, $28, $28, $28, $28, $28 ; block 4
006764  3  28 28 28 28  
006768  3  A8 A8 A8 A8  	.byte $a8, $a8, $a8, $a8, $a8, $a8, $a8, $a8 ; block 5
00676C  3  A8 A8 A8 A8  
006770  3  28 28 28 28  	.byte $28, $28, $28, $28, $28, $28, $28, $28 ; block 6
006774  3  28 28 28 28  
006778  3  A8 A8 A8 A8  	.byte $a8, $a8, $a8, $a8, $a8, $a8, $a8, $a8 ; block 7
00677C  3  A8 A8 A8 A8  
006780  3               	; section 2
006780  3  50 50 50 50  	.byte $50, $50, $50, $50, $50, $50, $50, $50 ; block 0
006784  3  50 50 50 50  
006788  3  D0 D0 D0 D0  	.byte $d0, $d0, $d0, $d0, $d0, $d0, $d0, $d0 ; block 1
00678C  3  D0 D0 D0 D0  
006790  3  50 50 50 50  	.byte $50, $50, $50, $50, $50, $50, $50, $50 ; block 2
006794  3  50 50 50 50  
006798  3  D0 D0 D0 D0  	.byte $d0, $d0, $d0, $d0, $d0, $d0, $d0, $d0 ; block 3
00679C  3  D0 D0 D0 D0  
0067A0  3  50 50 50 50  	.byte $50, $50, $50, $50, $50, $50, $50, $50 ; block 4
0067A4  3  50 50 50 50  
0067A8  3  D0 D0 D0 D0  	.byte $d0, $d0, $d0, $d0, $d0, $d0, $d0, $d0 ; block 5
0067AC  3  D0 D0 D0 D0  
0067B0  3  50 50 50 50  	.byte $50, $50, $50, $50, $50, $50, $50, $50 ; block 6
0067B4  3  50 50 50 50  
0067B8  3  D0 D0 D0 D0  	.byte $d0, $d0, $d0, $d0, $d0, $d0, $d0, $d0 ; block 7
0067BC  3  D0 D0 D0 D0  
0067C0  3               	; 192 bytes
0067C0  3               	;.res 256-192 ; padding for page($ff bytes) aligned
0067C0  3               	; free 64 bytes!
0067C0  3               
0067C0  3               
0067C0  3               ; pixel x(0..139) -> byte offset x(0..39) in row
0067C0  3               ; pixel 0..6 -> byte 0..1, pixel 17..13 -> byte 2..3, ... pixel 138..139 -> byte 38..39
0067C0  3               ; HGR_OFFSET_X[x] = (x / 7) * 2
0067C0  3               ;
0067C0  3               ; ldx x1
0067C0  3               ; lda HGR_OFFSET_X,x1
0067C0  3               
0067C0  3  xx xx xx xx  .align $100
0067C4  3  xx xx xx xx  
0067C8  3  xx xx xx xx  
006800  3               HGR_OFFSET_X:
006800  3  00 00 00 00  	.byte 0, 0, 0, 0, 0, 0, 0 ; pixels 0..6
006804  3  00 00 00     
006807  3  02 02 02 02  	.byte 2, 2, 2, 2, 2, 2, 2 ; pixels 7..13
00680B  3  02 02 02     
00680E  3  04 04 04 04  	.byte 4, 4, 4, 4, 4, 4, 4 ; pixels 14..20
006812  3  04 04 04     
006815  3  06 06 06 06  	.byte 6, 6, 6, 6, 6, 6, 6 ; pixels 21..27
006819  3  06 06 06     
00681C  3  08 08 08 08  	.byte 8, 8, 8, 8, 8, 8, 8 ; pixels 28..34
006820  3  08 08 08     
006823  3  0A 0A 0A 0A  	.byte 10, 10, 10, 10, 10, 10, 10 ; pixels 35..41
006827  3  0A 0A 0A     
00682A  3  0C 0C 0C 0C  	.byte 12, 12, 12, 12, 12, 12, 12 ; pixels 42..48
00682E  3  0C 0C 0C     
006831  3  0E 0E 0E 0E  	.byte 14, 14, 14, 14, 14, 14, 14 ; pixels 49..55
006835  3  0E 0E 0E     
006838  3  10 10 10 10  	.byte 16, 16, 16, 16, 16, 16, 16 ; pixels 56..62
00683C  3  10 10 10     
00683F  3  12 12 12 12  	.byte 18, 18, 18, 18, 18, 18, 18 ; pixels 63..69
006843  3  12 12 12     
006846  3  14 14 14 14  	.byte 20, 20, 20, 20, 20, 20, 20 ; pixels 70..76
00684A  3  14 14 14     
00684D  3  16 16 16 16  	.byte 22, 22, 22, 22, 22, 22, 22 ; pixels 77..83
006851  3  16 16 16     
006854  3  18 18 18 18  	.byte 24, 24, 24, 24, 24, 24, 24 ; pixels 84..90
006858  3  18 18 18     
00685B  3  1A 1A 1A 1A  	.byte 26, 26, 26, 26, 26, 26, 26 ; pixels 91..97
00685F  3  1A 1A 1A     
006862  3  1C 1C 1C 1C  	.byte 28, 28, 28, 28, 28, 28, 28 ; pixels 98..104
006866  3  1C 1C 1C     
006869  3  1E 1E 1E 1E  	.byte 30, 30, 30, 30, 30, 30, 30 ; pixels 105..111
00686D  3  1E 1E 1E     
006870  3  20 20 20 20  	.byte 32, 32, 32, 32, 32, 32, 32 ; pixels 112..118
006874  3  20 20 20     
006877  3  22 22 22 22  	.byte 34, 34, 34, 34, 34, 34, 34 ; pixels 119..125
00687B  3  22 22 22     
00687E  3  24 24 24 24  	.byte 36, 36, 36, 36, 36, 36, 36 ; pixels 126..132
006882  3  24 24 24     
006885  3  26 26 26 26  	.byte 38, 38, 38, 38, 38, 38, 38 ; pixels 133..139
006889  3  26 26 26     
00688C  3               	;.res 256-140
00688C  3               
00688C  3               
00688C  3               ; pixel x(0..139) -> pixel group(0..6; A..G)
00688C  3               ; HGR_PIXEL_GROUP[x] = x % 7 = 0..6 -> pixel group 0..6(A..G)
00688C  3               ;
00688C  3               ; ldx x1
00688C  3               ; lda HGR_PIXEL_GROUP,x1
00688C  3               
00688C  3  xx xx xx xx  .align $100
006890  3  xx xx xx xx  
006894  3  xx xx xx xx  
006900  3               HGR_PIXEL_GROUP:
006900  3  00 01 02 03  	.byte 0, 1, 2, 3, 4, 5, 6
006904  3  04 05 06     
006907  3  00 01 02 03  	.byte 0, 1, 2, 3, 4, 5, 6
00690B  3  04 05 06     
00690E  3  00 01 02 03  	.byte 0, 1, 2, 3, 4, 5, 6
006912  3  04 05 06     
006915  3  00 01 02 03  	.byte 0, 1, 2, 3, 4, 5, 6
006919  3  04 05 06     
00691C  3  00 01 02 03  	.byte 0, 1, 2, 3, 4, 5, 6
006920  3  04 05 06     
006923  3  00 01 02 03  	.byte 0, 1, 2, 3, 4, 5, 6
006927  3  04 05 06     
00692A  3  00 01 02 03  	.byte 0, 1, 2, 3, 4, 5, 6
00692E  3  04 05 06     
006931  3  00 01 02 03  	.byte 0, 1, 2, 3, 4, 5, 6
006935  3  04 05 06     
006938  3  00 01 02 03  	.byte 0, 1, 2, 3, 4, 5, 6
00693C  3  04 05 06     
00693F  3  00 01 02 03  	.byte 0, 1, 2, 3, 4, 5, 6
006943  3  04 05 06     
006946  3  00 01 02 03  	.byte 0, 1, 2, 3, 4, 5, 6
00694A  3  04 05 06     
00694D  3  00 01 02 03  	.byte 0, 1, 2, 3, 4, 5, 6
006951  3  04 05 06     
006954  3  00 01 02 03  	.byte 0, 1, 2, 3, 4, 5, 6
006958  3  04 05 06     
00695B  3  00 01 02 03  	.byte 0, 1, 2, 3, 4, 5, 6
00695F  3  04 05 06     
006962  3  00 01 02 03  	.byte 0, 1, 2, 3, 4, 5, 6
006966  3  04 05 06     
006969  3  00 01 02 03  	.byte 0, 1, 2, 3, 4, 5, 6
00696D  3  04 05 06     
006970  3  00 01 02 03  	.byte 0, 1, 2, 3, 4, 5, 6
006974  3  04 05 06     
006977  3  00 01 02 03  	.byte 0, 1, 2, 3, 4, 5, 6
00697B  3  04 05 06     
00697E  3  00 01 02 03  	.byte 0, 1, 2, 3, 4, 5, 6
006982  3  04 05 06     
006985  3  00 01 02 03  	.byte 0, 1, 2, 3, 4, 5, 6
006989  3  04 05 06     
00698C  3               	;.res 256-140
00698C  3               
00698C  3               
00698C  2               
00698C  2               ; DHGR mode pixel layout
00698C  2               ;
00698C  2               ; 80 bytes per row(40 in AUX, 40 in MAIN), 7 color-pixels per 4 bytes, total 140 color-pixels per row.
00698C  2               ;
00698C  2               ; |bank      | AUX        |MAIN         | AUX         | MAIN       |   |
00698C  2               ; |----------|------------|-------------+-------------|------------|---|
00698C  2               ; |address   | $2000      |$2000        | $2001       | $2001      |...|
00698C  2               ; |----------|------------|-------------+-------------|------------|---|
00698C  2               ; |bit offset| 7 654 3210 | 7 65 4321 0 | 7 6 5432 10 | 7 6543 210 |...|
00698C  2               ; |pixel     | - BBB AAAA | - DD CCCC B | - F EEEE DD | - GGGG FFF |...|
00698C  2               ; |pixel bit | - 123 0123 | - 23 0123 0 | - 3 0123 01 | - 0123 012 |...|
00698C  2               ; |x         |   1   0    |   3  2    1 |   5 4    3  |   6    5   |...|
00698C  2               ;
00698C  2               
00698C  2               DHGR_PAGE1_BASE	= HGR_PAGE1_BASE
00698C  2               DHGR_PAGE2_BASE	= HGR_PAGE2_BASE
00698C  2               DHGR_BASE				= DHGR_PAGE1_BASE
00698C  2               
00698C  2               DHGR_WIDTH			= HGR_WIDTH							; 140 color-pixels, 7 color-pixels in 4 bytes = 20 groups of 4 bytes = 80 bytes per row
00698C  2               DHGR_HEIGHT			= HGR_HEIGHT
00698C  2               DHGR_WIDTH_BYTES= HGR_WIDTH_BYTES * 2		; 40 bytes in AUX + 40 bytes in MAIN
00698C  2               
00698C  2               DHGR_OFFSET_X		= HGR_OFFSET_X
00698C  2               DHGR_PIXEL_GROUP= HGR_PIXEL_GROUP
00698C  2               
00698C  2               ; color 0..15 -> fill bytes 0..3
00698C  2               ;
00698C  2               ; to fill 4 bytes(7 consequent color-pixels) with a same color:
00698C  2               ;
00698C  2               ; lda color
00698C  2               ; and #$f
00698C  2               ; tax
00698C  2               ;
00698C  2               ; lda DHGR_FILL_BYTE_0,x
00698C  2               ; AUX_BANK
00698C  2               ; sta addr
00698C  2               ; MAIN_BANK
00698C  2               ; lda DHGR_FILL_BYTE_1,x
00698C  2               ; sta addr
00698C  2               ;
00698C  2               ; inc addr
00698C  2               ;
00698C  2               ; lda DHGR_FILL_BYTE_2,x
00698C  2               ; AUX_BANK
00698C  2               ; sta addr
00698C  2               ; MAIN_BANK
00698C  2               ; lda DHGR_FILL_BYTE_3,x
00698C  2               ; sta addr
00698C  2               
00698C  2               DHGR_FILL_BYTE_0:
00698C  2  00 11 22 33  	.byte %00000000, %00010001, %00100010, %00110011, %01000100, %01010101, %01100110, %01110111
006990  2  44 55 66 77  
006994  2  08 19 2A 3B    .byte %00001000, %00011001, %00101010, %00111011, %01001100, %01011101, %01101110, %01111111
006998  2  4C 5D 6E 7F  
00699C  2               
00699C  2               DHGR_FILL_BYTE_1:
00699C  2  00 22 44 66  	.byte %00000000, %00100010, %01000100, %01100110, %00001000, %00101010, %01001100, %01101110
0069A0  2  08 2A 4C 6E  
0069A4  2  11 33 55 77    .byte %00010001, %00110011, %01010101, %01110111, %00011001, %00111011, %01011101, %01111111
0069A8  2  19 3B 5D 7F  
0069AC  2               
0069AC  2               DHGR_FILL_BYTE_2:
0069AC  2  00 44 08 4C  	.byte %00000000, %01000100, %00001000, %01001100, %00010001, %01010101, %00011001, %01011101
0069B0  2  11 55 19 5D  
0069B4  2  22 66 2A 6E    .byte %00100010, %01100110, %00101010, %01101110, %00110011, %01110111, %00111011, %01111111
0069B8  2  33 77 3B 7F  
0069BC  2               
0069BC  2               DHGR_FILL_BYTE_3:
0069BC  2  00 08 11 19  	.byte %00000000, %00001000, %00010001, %00011001, %00100010, %00101010, %00110011, %00111011
0069C0  2  22 2A 33 3B  
0069C4  2  44 4C 55 5D    .byte %01000100, %01001100, %01010101, %01011101, %01100110, %01101110, %01110111, %01111111
0069C8  2  66 6E 77 7F  
0069CC  2               
0069CC  2               .macro DHGR_FILL_4BYTES color, addr
0069CC  2                 lda color
0069CC  2                 and #$f
0069CC  2                 tax
0069CC  2               
0069CC  2                 lda DHGR_FILL_BYTE_0,x
0069CC  2                 AUX_BANK
0069CC  2                 sta addr
0069CC  2                 MAIN_BANK
0069CC  2                 lda DHGR_FILL_BYTE_1,x
0069CC  2                 sta addr
0069CC  2               
0069CC  2                 inc addr
0069CC  2               
0069CC  2                 lda DHGR_FILL_BYTE_2,x
0069CC  2                 AUX_BANK
0069CC  2                 sta addr
0069CC  2                 MAIN_BANK
0069CC  2                 lda DHGR_FILL_BYTE_3,x
0069CC  2                 sta addr
0069CC  2               .endmacro
0069CC  2               
0069CC  1               ;.include	"pixmap.inc"
0069CC  1               ;.include	"bitmap.inc"
0069CC  1               .include	"kor.s"
0069CC  2               ; convert utf8 string to ucs2 string
0069CC  2               ;
0069CC  2               ; @param src utf8 string pointer. null terminated. max length = 255 bytes
0069CC  2               ; @param dst ucs2 string pointer. null terminated. max length = 255 bytes(127 wchars)
0069CC  2               .proc utf8_to_ucs2
0069CC  2               byte1 = x1
0069CC  2               byte2 = y1
0069CC  2               byte3 = x2
0069CC  2               byte4 = y2
0069CC  2               code = color
0069CC  2               
0069CC  2  A0 00        	ldy #0	; src index
0069CE  2  A2 00        	ldx #0	; dst index
0069D0  2               
0069D0  2               @loop:
0069D0  2  B1 CE        	lda	(src),y		; A = *src
0069D2  2  F0 28        	beq	@break
0069D4  2               
0069D4  2  C9 C0        	cmp	#%11000000
0069D6  2  90 2C        	bcc	@utf8_1byte	; A < 1100000
0069D8  2               
0069D8  2  C9 E0        	cmp	#%11100000
0069DA  2  90 32        	bcc	@utf8_2byte	; A < 11100000
0069DC  2               
0069DC  2  C9 F0        	cmp	#%11110000
0069DE  2  90 50        	bcc	@utf8_3byte	; A < 11110000
0069E0  2               
0069E0  2               	;;cmp #%11111000
0069E0  2               	;;bcc @utf8_4byte	; A < 11111000
0069E0  2               
0069E0  2               @unsupported:
0069E0  2  C8           	iny
0069E1  2  A9 3F        	lda	#$3f	; '?'
0069E3  2  85 FE        	sta	code
0069E5  2  A9 00        	lda	#0
0069E7  2  85 FF        	sta	code+1
0069E9  2               
0069E9  2               @continue:
0069E9  2  5A           	phy		; save y(src index)
0069EA  2  DA 7A        	TXY		; x(dst index) -> y
0069EC  2  A5 FE        	lda	code
0069EE  2  91 EB        	sta	(dst),y	; *dst++ = code
0069F0  2  C8           	iny
0069F1  2  A5 FF        	lda	code+1
0069F3  2  91 EB        	sta	(dst),y	; *dst++ = code+1
0069F5  2  C8           	iny
0069F6  2  5A FA        	TYX		; y -> x(dst index)
0069F8  2  7A           	ply		; restore y(src index)
0069F9  2  4C D0 69     	jmp	@loop
0069FC  2               
0069FC  2               @break:
0069FC  2  DA 7A        	TXY		; x(dst index) -> y
0069FE  2  91 EB        	sta	(dst),y	; *dst++ = 0
006A00  2  C8           	iny
006A01  2  91 EB        	sta	(dst),y	; *dst = 0
006A03  2  60           	rts
006A04  2               
006A04  2               @utf8_1byte:
006A04  2               ; 0xxxxxxx -> 0x00..0x7f
006A04  2               	;;lda	(src),y
006A04  2               	;;and	#%01111111
006A04  2  85 FE        	sta	code
006A06  2  C8           	iny
006A07  2               
006A07  2  A9 00        	lda	#0
006A09  2  85 FF        	sta	code+1
006A0B  2               
006A0B  2  4C E9 69     	jmp	@continue
006A0E  2               
006A0E  2               @utf8_2byte:
006A0E  2               ; 110HHHLL 10LLLLLL -> 0x80..0x07ff (11bits)
006A0E  2               	;;lda	(src),y
006A0E  2  29 1F        	and	#%00011111
006A10  2  85 FA        	sta	byte1	; byte1 = *src++ & 000HHHLL
006A12  2  C8           	iny
006A13  2               
006A13  2  B1 CE        	lda	(src),y
006A15  2  29 3F        	and	#%00111111
006A17  2  85 FB        	sta	byte2	; byte2 = *src++ & 00LLLLLL
006A19  2  C8           	iny
006A1A  2               
006A1A  2  A5 FA        	lda	byte1
006A1C  2  0A           	asl
006A1D  2  0A           	asl
006A1E  2  0A           	asl
006A1F  2  0A           	asl
006A20  2  0A           	asl
006A21  2  0A           	asl
006A22  2  05 FB        	ora	byte2
006A24  2  85 FE        	sta	code
006A26  2               
006A26  2  A5 FA        	lda	byte1
006A28  2  4A           	lsr
006A29  2  4A           	lsr
006A2A  2  4A           	lsr
006A2B  2  85 FF        	sta	code+1
006A2D  2               
006A2D  2  4C E9 69     	jmp	@continue
006A30  2               
006A30  2               @utf8_3byte:
006A30  2               ; 1110xxxx 10xxxxxx 10xxxxxx -> 0x800..0xffff (16bits)
006A30  2               	;;lda	(src),y
006A30  2  29 0F        	and	#%00001111
006A32  2  85 FA        	sta	byte1	; byte1 = *src++ & 0000HHHH
006A34  2  C8           	iny
006A35  2               
006A35  2  B1 CE        	lda	(src),y
006A37  2  29 3F        	and	#%00111111
006A39  2  85 FB        	sta	byte2	; byte2 = *src++ & 00HHHHLL
006A3B  2  C8           	iny
006A3C  2               
006A3C  2  B1 CE        	lda	(src),y
006A3E  2  29 3F        	and	#%00111111
006A40  2  85 FC        	sta	byte3	; byte3 = *src++ & 00LLLLLL
006A42  2  C8           	iny
006A43  2               
006A43  2  A5 FB        	lda	byte2
006A45  2  0A           	asl
006A46  2  0A           	asl
006A47  2  0A           	asl
006A48  2  0A           	asl
006A49  2  0A           	asl
006A4A  2  0A           	asl
006A4B  2  05 FC        	ora	byte3
006A4D  2  85 FE        	sta	code
006A4F  2               
006A4F  2  A5 FA        	lda	byte1
006A51  2  0A           	asl
006A52  2  0A           	asl
006A53  2  0A           	asl
006A54  2  0A           	asl
006A55  2  85 FA        	sta	byte1
006A57  2  A5 FB        	lda	byte2
006A59  2  4A           	lsr
006A5A  2  4A           	lsr
006A5B  2  05 FA        	ora	byte1
006A5D  2  85 FF        	sta	code+1
006A5F  2               
006A5F  2  4C E9 69     	jmp	@continue
006A62  2               
006A62  2               @utf8_4byte:
006A62  2               ; 11110xxx 10xxxxxx 10xxxxxx 10xxxxxx -> 0x10000..0x10ffff (21bits)
006A62  2  C8           	iny
006A63  2  C8           	iny
006A64  2  C8           	iny
006A65  2  4C E0 69     	jmp	@unsupported
006A68  2               .endproc
006A68  2               
006A68  2               ; decompose ucs2 into cho, jung, jong
006A68  2               ; @param code(modified)
006A68  2               ; @return cho, jung, jong
006A68  2               .proc decompose_ucs2
006A68  2               ;;	; ensure (syllable < 0xAC00 || syllable > 0xD7A3)
006A68  2               ;;	lda	code+1
006A68  2               ;;	cmp	#>KOR_CODE_BEGIN
006A68  2               ;;	bcc	@not_hangul	; error if hi(code) < $AC
006A68  2               ;;	cmp	#>KOR_CODE_END
006A68  2               ;;	beq	@check_lo
006A68  2               ;;	bcs	@not_hangul	; error if hi(code) >= $D7
006A68  2               ;;@check_lo:
006A68  2               ;;	lda	code
006A68  2               ;;	cmp	#<(KOR_CODE_END+1)
006A68  2               ;;	bcs	@not_hangul	; error if hi(code) == $D7 and lo(code) >= $A4
006A68  2               
006A68  2  A5 FC        	lda	code
006A6A  2  38           	sec
006A6B  2  E9 00        	sbc	#<KOR_CODE_BEGIN
006A6D  2  85 FC        	sta	code
006A6F  2  A5 FD        	lda	code+1
006A71  2  E9 AC        	sbc	#>KOR_CODE_BEGIN
006A73  2  85 FD        	sta	code+1		;  code -= 0xAC00;
006A75  2               
006A75  2  A5 50 48 A5  	MATH_PUSH16 MATH_AX,MATH_BX,MATH_CX
006A79  2  51 48 A5 54  
006A7D  2  48 A5 55 48  
006A87  2               
006A87  2               	; jong = code % JONG_COUNTT
006A87  2               	; jung = (code / JONG_COUNT) % JUNG_COUNT
006A87  2               	; cho = (code / JONG_COUNT) / JUNG_COUNT
006A87  2               
006A87  2               	; MATH_AX = code / 28, MATH_CX = code % 28
006A87  2  A5 FC 85 50  	MATH_LOAD16 MATH_AX,code
006A8B  2  A5 FD 85 51  
006A8F  2  A9 1C 85 54  	MATH_LOAD16 MATH_BX,#JONG_COUNT
006A93  2  A9 00 85 55  
006A97  2  20 CE 65     	jsr	MATH_DIV16
006A9A  2  A5 52 85 FC  	MATH_STORE8 MATH_CL,jong
006A9E  2               
006A9E  2               	; MATH_AX = (code / 28) / 21, MATH_CX = (code / 28) % 21
006A9E  2  A9 15 85 54  	MATH_LOAD16 MATH_BX,#JUNG_COUNT
006AA2  2  A9 00 85 55  
006AA6  2  20 CE 65     	jsr	MATH_DIV16
006AA9  2  A5 52 85 FB  	MATH_STORE8 MATH_CL,jung
006AAD  2  A5 50 85 FA  	MATH_STORE8 MATH_AL,cho
006AB1  2               
006AB1  2  68 85 53 68  	MATH_PULL16 MATH_CX,MATH_BX,MATH_AX
006AB5  2  85 52 68 85  
006AB9  2  55 68 85 54  
006AC3  2  60           	rts
006AC4  2               
006AC4  2               @not_hangul:
006AC4  2  A9 00        	lda #0
006AC6  2  85 FA        	sta cho
006AC8  2  85 FB        	sta jung
006ACA  2  85 FC        	sta jong
006ACC  2  60           	rts
006ACD  2               .endproc
006ACD  2               
006ACD  2               ; compose cho, jung, jong into ucs2
006ACD  2               ; @param cho
006ACD  2               ; @param jung
006ACD  2               ; @param jong
006ACD  2               ; @returns src
006ACD  2               .proc compose_ucs2
006ACD  2  A9 12        	lda #(CHO_COUNT-1)
006ACF  2  C5 FA        	cmp cho
006AD1  2  90 0C        	bcc @error	; 18 < cho
006AD3  2  A9 14        	lda #(JUNG_COUNT-1)
006AD5  2  C5 FB        	cmp jung
006AD7  2  90 06        	bcc @error	; 20 < jung
006AD9  2  A9 1B        	lda #(JONG_COUNT-1)
006ADB  2  C5 FC        	cmp jong
006ADD  2  90 00        	bcc @error	; 27 < jong
006ADF  2               @error:
006ADF  2  A9 7F        	lda #$7f
006AE1  2  85 FC        	sta code
006AE3  2  A9 00        	lda #0
006AE5  2  85 FD        	sta code+1
006AE7  2  60           	rts
006AE8  2               
006AE8  2               	; code = cho * 588 + jung * 28 + jong
006AE8  2               
006AE8  2               	; 588 = 512 + 64 + 8 + 4
006AE8  2               	; code += cho << 2; // cho * 4
006AE8  2  A5 FA        	lda cho
006AEA  2  0A           	asl
006AEB  2  0A           	asl
006AEC  2  18           	clc
006AED  2  AA           	tax
006AEE  2  65 FC        	adc code
006AF0  2  A9 00        	lda #0
006AF2  2  65 FD        	adc code+1
006AF4  2               	; code += cho << 3; // cho * 8
006AF4  2  8A           	txa
006AF5  2  0A           	asl
006AF6  2  18           	clc
006AF7  2  AA           	tax
006AF8  2  65 FC        	adc code
006AFA  2  A9 00        	lda #0
006AFC  2  65 FD        	adc code+1
006AFE  2               	; code += cho << 6; // cho * 64
006AFE  2  8A           	txa
006AFF  2  0A           	asl
006B00  2  0A           	asl
006B01  2  0A           	asl
006B02  2  AA           	tax
006B03  2  18           	clc
006B04  2  65 FC        	adc code
006B06  2  A9 00        	lda #0
006B08  2  65 FD        	adc code+1
006B0A  2               	; code += cho << 9; // cho * 512
006B0A  2  8A           	txa
006B0B  2  0A           	asl
006B0C  2  0A           	asl
006B0D  2  0A           	asl
006B0E  2  18           	clc
006B0F  2  65 FC        	adc code
006B11  2  A9 00        	lda #0
006B13  2  65 FD        	adc code+1
006B15  2               
006B15  2               	; 28 = 16 + 8 + 4
006B15  2               	; code += jung << 2; // jung * 4
006B15  2  A5 FB        	lda jung
006B17  2  0A           	asl
006B18  2  0A           	asl
006B19  2  18           	clc
006B1A  2  AA           	tax
006B1B  2  65 FC        	adc code
006B1D  2  A9 00        	lda #0
006B1F  2  65 FD        	adc code+1
006B21  2               	; code += jung << 3; // jung * 8
006B21  2  8A           	txa
006B22  2  0A           	asl
006B23  2  AA           	tax
006B24  2  18           	clc
006B25  2  65 FC        	adc code
006B27  2  A9 00        	lda #0
006B29  2  65 FD        	adc code+1
006B2B  2               	; code += jung << 4; // jung * 16
006B2B  2  8A           	txa
006B2C  2  0A           	asl
006B2D  2  AA           	tax
006B2E  2  18           	clc
006B2F  2  65 FC        	adc code
006B31  2  A9 00        	lda #0
006B33  2  65 FD        	adc code+1
006B35  2               
006B35  2               	; code += jong;
006B35  2  A5 FC        	lda jong
006B37  2  18           	clc
006B38  2  65 FC        	adc code
006B3A  2  A9 00        	lda #0
006B3C  2  65 FD        	adc code+1
006B3E  2               
006B3E  2               	; code += 0xAC00
006B3E  2               	;lda code
006B3E  2               	;clc
006B3E  2               	;adc #$00
006B3E  2  A5 FD        	lda code+1
006B40  2  69 AC        	adc #$AC
006B42  2  85 FD        	sta code+1
006B44  2               
006B44  2  60           	rts
006B45  2               .endproc
006B45  2               
006B45  2               
006B45  1               
006B45  1               cho_form_by_jung:
006B45  1               	; cho=0..19, jung=0..20 -> cho_form=0,1,2
006B45  1               	;     ㅏ,ㅐ,ㅑ,ㅒ,ㅓ,ㅔ,ㅕ,ㅖ,ㅗ,ㅘ,ㅙ,ㅚ,ㅛ,ㅜ,ㅝ,ㅞ,ㅟ,ㅠ,ㅡ,ㅢ,ㅣ
006B45  1  00 00 00 00  	.byte 0, 0, 0, 0, 0, 0, 0, 0, 1, 2, 2, 2, 1, 1, 2, 2, 2, 1, 1, 2, 0
006B49  1  00 00 00 00  
006B4D  1  01 02 02 02  
006B5A  1               
006B5A  1               cho_form_offset:
006B5A  1               	; cho_font_addr + cho_form * cho_count; cho_form=0,1,2; cho_count=19
006B5A  1  00 13 26     	.byte	0, CHO_COUNT, CHO_COUNT*2
006B5D  1               
006B5D  1               ; kor font buffer
006B5D  1               kor_buf:
006B5D  1  xx xx xx xx  	.res 15
006B61  1  xx xx xx xx  
006B65  1  xx xx xx xx  
006B6C  1               
006B6C  1  xx xx xx xx  .align $100
006B70  1  xx xx xx xx  
006B74  1  xx xx xx xx  
006C00  1               ; utf8_to_ucs2 buffer
006C00  1               ucs2_buf:
006C00  1  xx xx xx xx  	.res 256
006C04  1  xx xx xx xx  
006C08  1  xx xx xx xx  
006D00  1               
006D00  1               .align $100
006D00  1               font4x6:
006D00  1  00 00 00 44  	.incbin "font4x6.bin"
006D04  1  40 40 AA 00  
006D08  1  00 AE AE A0  
006E20  1               
006E20  1               ;//.align $100
006E20  1               font5x12:
006E20  1  00 00 00 00  	.incbin "font5x12.bin"
006E24  1  00 00 00 00  
006E28  1  00 08 42 10  
007120  1               
007120  1               ;//.align $100
007120  1               font10x12:
007120  1  F8 02 00 80  	.incbin "font10x12.bin"
007124  1  20 08 00 00  
007128  1  00 00 00 00  
007120  1               
