Modules list:
-------------
dhgrc.o:
    CODE              Offs=000000  Size=002122  Align=00001  Fill=0000
    RODATA            Offs=000000  Size=0004FC  Align=00001  Fill=0000
    BSS               Offs=000000  Size=00000F  Align=00001  Fill=0000
    DATA              Offs=000000  Size=000ACD  Align=00001  Fill=0000
/usr/share/cc65/lib/apple2enh.lib(_cursor.o):
    BSS               Offs=00000F  Size=000001  Align=00001  Fill=0000
/usr/share/cc65/lib/apple2enh.lib(_directerrno.o):
    CODE              Offs=002122  Size=000009  Align=00001  Fill=0000
/usr/share/cc65/lib/apple2enh.lib(_heap.o):
    DATA              Offs=000ACD  Size=00000A  Align=00001  Fill=0000
    ONCE              Offs=000000  Size=000010  Align=00001  Fill=0000
/usr/share/cc65/lib/apple2enh.lib(_mappederrno.o):
    CODE              Offs=00212B  Size=00000F  Align=00001  Fill=0000
/usr/share/cc65/lib/apple2enh.lib(_oserror.o):
    BSS               Offs=000010  Size=000001  Align=00001  Fill=0000
/usr/share/cc65/lib/apple2enh.lib(_seterrno.o):
    CODE              Offs=00213A  Size=000009  Align=00001  Fill=0000
/usr/share/cc65/lib/apple2enh.lib(add.o):
    CODE              Offs=002143  Size=000018  Align=00001  Fill=0000
/usr/share/cc65/lib/apple2enh.lib(addeqsp.o):
    CODE              Offs=00215B  Size=000011  Align=00001  Fill=0000
/usr/share/cc65/lib/apple2enh.lib(addysp.o):
    CODE              Offs=00216C  Size=00000E  Align=00001  Fill=0000
/usr/share/cc65/lib/apple2enh.lib(and.o):
    CODE              Offs=00217A  Size=00000F  Align=00001  Fill=0000
/usr/share/cc65/lib/apple2enh.lib(aslax2.o):
    CODE              Offs=002189  Size=00000B  Align=00001  Fill=0000
/usr/share/cc65/lib/apple2enh.lib(aslax3.o):
    CODE              Offs=002194  Size=00000E  Align=00001  Fill=0000
/usr/share/cc65/lib/apple2enh.lib(aslax4.o):
    CODE              Offs=0021A2  Size=000011  Align=00001  Fill=0000
/usr/share/cc65/lib/apple2enh.lib(callmain.o):
    CODE              Offs=0021B3  Size=000017  Align=00001  Fill=0000
    DATA              Offs=000AD7  Size=000004  Align=00001  Fill=0000
/usr/share/cc65/lib/apple2enh.lib(cgetc.o):
    CODE              Offs=0021CA  Size=00002D  Align=00001  Fill=0000
/usr/share/cc65/lib/apple2enh.lib(close.o):
    CODE              Offs=0021F7  Size=00001C  Align=00001  Fill=0000
/usr/share/cc65/lib/apple2enh.lib(clrscr.o):
/usr/share/cc65/lib/apple2enh.lib(compl.o):
    CODE              Offs=002213  Size=000009  Align=00001  Fill=0000
/usr/share/cc65/lib/apple2enh.lib(condes.o):
    CODE              Offs=00221C  Size=00000C  Align=00001  Fill=0000
    DATA              Offs=000ADB  Size=000025  Align=00001  Fill=0000
    ONCE              Offs=000010  Size=00000C  Align=00001  Fill=0000
/usr/share/cc65/lib/apple2enh.lib(cout.o):
    LOWCODE           Offs=000000  Size=00000A  Align=00001  Fill=0000
/usr/share/cc65/lib/apple2enh.lib(cputc.o):
    CODE              Offs=002228  Size=00005B  Align=00001  Fill=0000
    ONCE              Offs=00001C  Size=000007  Align=00001  Fill=0000
/usr/share/cc65/lib/apple2enh.lib(cputs.o):
    CODE              Offs=002283  Size=000023  Align=00001  Fill=0000
/usr/share/cc65/lib/apple2enh.lib(crt0.o):
    CODE              Offs=0022A6  Size=000012  Align=00001  Fill=0000
    RODATA            Offs=0004FC  Size=000007  Align=00001  Fill=0000
    DATA              Offs=000B00  Size=000003  Align=00001  Fill=0000
    STARTUP           Offs=000000  Size=000034  Align=00001  Fill=0000
    ONCE              Offs=000023  Size=00006A  Align=00001  Fill=0000
    INIT              Offs=000000  Size=00001D  Align=00001  Fill=0000
/usr/share/cc65/lib/apple2enh.lib(decax4.o):
    CODE              Offs=0022B8  Size=000007  Align=00001  Fill=0000
/usr/share/cc65/lib/apple2enh.lib(decsp1.o):
    CODE              Offs=0022BF  Size=000009  Align=00001  Fill=0000
/usr/share/cc65/lib/apple2enh.lib(decsp2.o):
    CODE              Offs=0022C8  Size=00000D  Align=00001  Fill=0000
/usr/share/cc65/lib/apple2enh.lib(decsp3.o):
    CODE              Offs=0022D5  Size=00000D  Align=00001  Fill=0000
/usr/share/cc65/lib/apple2enh.lib(decsp4.o):
    CODE              Offs=0022E2  Size=00000D  Align=00001  Fill=0000
/usr/share/cc65/lib/apple2enh.lib(decsp6.o):
    CODE              Offs=0022EF  Size=00000D  Align=00001  Fill=0000
/usr/share/cc65/lib/apple2enh.lib(decsp8.o):
    CODE              Offs=0022FC  Size=00000D  Align=00001  Fill=0000
/usr/share/cc65/lib/apple2enh.lib(dosdetect.o):
    DATA              Offs=000B03  Size=000001  Align=00001  Fill=0000
    ONCE              Offs=00008D  Size=000014  Align=00001  Fill=0000
/usr/share/cc65/lib/apple2enh.lib(errno.o):
    BSS               Offs=000011  Size=000002  Align=00001  Fill=0000
/usr/share/cc65/lib/apple2enh.lib(exehdr.o):
    EXEHDR            Offs=000000  Size=00003A  Align=00001  Fill=0000
/usr/share/cc65/lib/apple2enh.lib(filedes.o):
    CODE              Offs=002309  Size=000016  Align=00001  Fill=0000
    DATA              Offs=000B04  Size=000020  Align=00001  Fill=0000
/usr/share/cc65/lib/apple2enh.lib(filename.o):
    CODE              Offs=00231F  Size=00006C  Align=00001  Fill=0000
/usr/share/cc65/lib/apple2enh.lib(free.o):
    CODE              Offs=00238B  Size=0001D3  Align=00001  Fill=0000
/usr/share/cc65/lib/apple2enh.lib(gotoxy.o):
    CODE              Offs=00255E  Size=000011  Align=00001  Fill=0000
/usr/share/cc65/lib/apple2enh.lib(home.o):
    LOWCODE           Offs=00000A  Size=00000A  Align=00001  Fill=0000
/usr/share/cc65/lib/apple2enh.lib(icmp.o):
    CODE              Offs=00256F  Size=00002E  Align=00001  Fill=0000
/usr/share/cc65/lib/apple2enh.lib(incaxy.o):
    CODE              Offs=00259D  Size=00000B  Align=00001  Fill=0000
/usr/share/cc65/lib/apple2enh.lib(incsp1.o):
    CODE              Offs=0025A8  Size=000007  Align=00001  Fill=0000
/usr/share/cc65/lib/apple2enh.lib(incsp2.o):
    CODE              Offs=0025AF  Size=000015  Align=00001  Fill=0000
/usr/share/cc65/lib/apple2enh.lib(incsp4.o):
    CODE              Offs=0025C4  Size=000005  Align=00001  Fill=0000
/usr/share/cc65/lib/apple2enh.lib(incsp5.o):
    CODE              Offs=0025C9  Size=000005  Align=00001  Fill=0000
/usr/share/cc65/lib/apple2enh.lib(incsp6.o):
    CODE              Offs=0025CE  Size=000005  Align=00001  Fill=0000
/usr/share/cc65/lib/apple2enh.lib(incsp8.o):
    CODE              Offs=0025D3  Size=000005  Align=00001  Fill=0000
/usr/share/cc65/lib/apple2enh.lib(iobuf.o):
/usr/share/cc65/lib/apple2enh.lib(ldaxi.o):
    CODE              Offs=0025D8  Size=00000D  Align=00001  Fill=0000
/usr/share/cc65/lib/apple2enh.lib(ldaxsp.o):
    CODE              Offs=0025E5  Size=000009  Align=00001  Fill=0000
/usr/share/cc65/lib/apple2enh.lib(malloc.o):
    CODE              Offs=0025EE  Size=00010E  Align=00001  Fill=0000
/usr/share/cc65/lib/apple2enh.lib(mli.o):
    BSS               Offs=000013  Size=000012  Align=00001  Fill=0000
    DATA              Offs=000B24  Size=000024  Align=00001  Fill=0000
/usr/share/cc65/lib/apple2enh.lib(mod.o):
    CODE              Offs=0026FC  Size=000011  Align=00001  Fill=0000
/usr/share/cc65/lib/apple2enh.lib(mul.o):
    CODE              Offs=00270D  Size=000045  Align=00001  Fill=0000
/usr/share/cc65/lib/apple2enh.lib(mul8.o):
    CODE              Offs=002752  Size=00003A  Align=00001  Fill=0000
/usr/share/cc65/lib/apple2enh.lib(mulax5.o):
    CODE              Offs=00278C  Size=000014  Align=00001  Fill=0000
/usr/share/cc65/lib/apple2enh.lib(negabs.o):
    CODE              Offs=0027A0  Size=000012  Align=00001  Fill=0000
/usr/share/cc65/lib/apple2enh.lib(open.o):
    CODE              Offs=0027B2  Size=0000F9  Align=00001  Fill=0000
    DATA              Offs=000B48  Size=000009  Align=00001  Fill=0000
    ONCE              Offs=0000A1  Size=000009  Align=00001  Fill=0000
/usr/share/cc65/lib/apple2enh.lib(or.o):
    CODE              Offs=0028AB  Size=000011  Align=00001  Fill=0000
/usr/share/cc65/lib/apple2enh.lib(oserror.o):
    CODE              Offs=0028BC  Size=000016  Align=00001  Fill=0000
    RODATA            Offs=000503  Size=000032  Align=00001  Fill=0000
/usr/share/cc65/lib/apple2enh.lib(pmemalign.o):
    CODE              Offs=0028D2  Size=0001FE  Align=00001  Fill=0000
/usr/share/cc65/lib/apple2enh.lib(popa.o):
    CODE              Offs=002AD0  Size=00000A  Align=00001  Fill=0000
/usr/share/cc65/lib/apple2enh.lib(popptr1.o):
    CODE              Offs=002ADA  Size=00000E  Align=00001  Fill=0000
/usr/share/cc65/lib/apple2enh.lib(pusha.o):
    CODE              Offs=002AE8  Size=000016  Align=00001  Fill=0000
/usr/share/cc65/lib/apple2enh.lib(pushax.o):
    CODE              Offs=002AFE  Size=00001A  Align=00001  Fill=0000
/usr/share/cc65/lib/apple2enh.lib(pushwsp.o):
    CODE              Offs=002B18  Size=00001C  Align=00001  Fill=0000
/usr/share/cc65/lib/apple2enh.lib(rand.o):
    CODE              Offs=002B34  Size=000031  Align=00001  Fill=0000
    DATA              Offs=000B51  Size=000004  Align=00001  Fill=0000
/usr/share/cc65/lib/apple2enh.lib(rdkey.o):
    LOWCODE           Offs=000014  Size=00000A  Align=00001  Fill=0000
/usr/share/cc65/lib/apple2enh.lib(read.o):
    CODE              Offs=002B65  Size=00005A  Align=00001  Fill=0000
    ONCE              Offs=0000AA  Size=000005  Align=00001  Fill=0000
/usr/share/cc65/lib/apple2enh.lib(rwcommon.o):
    CODE              Offs=002BBF  Size=00003D  Align=00001  Fill=0000
/usr/share/cc65/lib/apple2enh.lib(shelp.o):
    CODE              Offs=002BFC  Size=000020  Align=00001  Fill=0000
/usr/share/cc65/lib/apple2enh.lib(shrax2.o):
    CODE              Offs=002C1C  Size=00000B  Align=00001  Fill=0000
/usr/share/cc65/lib/apple2enh.lib(staspidx.o):
    CODE              Offs=002C27  Size=000016  Align=00001  Fill=0000
/usr/share/cc65/lib/apple2enh.lib(staxsp.o):
    CODE              Offs=002C3D  Size=00000B  Align=00001  Fill=0000
/usr/share/cc65/lib/apple2enh.lib(staxspi.o):
    CODE              Offs=002C48  Size=00001A  Align=00001  Fill=0000
/usr/share/cc65/lib/apple2enh.lib(sub.o):
    CODE              Offs=002C62  Size=000014  Align=00001  Fill=0000
/usr/share/cc65/lib/apple2enh.lib(subeqsp.o):
    CODE              Offs=002C76  Size=000015  Align=00001  Fill=0000
/usr/share/cc65/lib/apple2enh.lib(subysp.o):
    CODE              Offs=002C8B  Size=00000D  Align=00001  Fill=0000
/usr/share/cc65/lib/apple2enh.lib(udiv.o):
    CODE              Offs=002C98  Size=00004F  Align=00001  Fill=0000
/usr/share/cc65/lib/apple2enh.lib(umod.o):
    CODE              Offs=002CE7  Size=000011  Align=00001  Fill=0000
/usr/share/cc65/lib/apple2enh.lib(vtabz.o):
    LOWCODE           Offs=00001E  Size=00000A  Align=00001  Fill=0000
/usr/share/cc65/lib/apple2enh.lib(zerobss.o):
    CODE              Offs=002CF8  Size=000023  Align=00001  Fill=0000
/usr/share/cc65/lib/apple2enh.lib(zeropage.o):
    ZEROPAGE          Offs=000000  Size=00001A  Align=00001  Fill=0000


Segment list:
-------------
Name                   Start     End    Size  Align
----------------------------------------------------
ZEROPAGE              000080  000099  00001A  00001
EXEHDR                0007C9  000802  00003A  00001
STARTUP               000803  000836  000034  00001
LOWCODE               000837  00085E  000028  00001
CODE                  004000  006D1A  002D1B  00001
RODATA                006D1B  007251  000537  00001
DATA                  007252  007DA6  000B55  00001
INIT                  007DA7  007DC3  00001D  00001
BSS                   007DC4  007DE8  000025  00001
ONCE                  007DC4  007E7C  0000B9  00001


Exports list by name:
---------------------
COUT                      000837 RLA    HOME                      000841 RLA    
RDKEY                     00084B RLA    VTABZ                     000855 RLA    
__BSS_RUN__               007DC4 RLA    __BSS_SIZE__              000025 REA    
__CONSTRUCTOR_COUNT__     000005 REA    __CONSTRUCTOR_TABLE__     007E73 RLA    
__DESTRUCTOR_COUNT__      000001 REA    __DESTRUCTOR_TABLE__      007250 RLA    
__EXEHDR__                000001 REA    __FILETYPE__              000006 REA    
__HIMEM__                 009600 REA    __LCADDR__                00D400 REA    
__LCSIZE__                000C00 REA    __LC_LAST__               00D400 RLA    
__LC_START__              00D400 RLA    __MAIN_LAST__             007E7D RLA    
__MAIN_START__            000803 RLA    __ONCE_LOAD__             007DC4 RLA    
__ONCE_RUN__              007DC4 RLA    __ONCE_SIZE__             0000B9 REA    
__STACKSIZE__             000800 REA    __STARTUP__               000001 REA    
__directerrno             006122 RLA    __dos_type                007D55 RLA    
__errno                   007DD5 RLA    __heapend                 007D23 RLA    
__heapfirst               007D25 RLA    __heaplast                007D27 RLA    
__heapptr                 007D21 RLA    __mappederrno             00612B RLA    
__oserror                 007DD4 RLA    __osmaperrno              0068BC RLA    
__seterrno                00613A RLA    _abs                      0067A0 RLA    
_cgetc                    0061CA RLA    _close                    0061F7 RLA    
_clrscr                   000841 RLA    _cputc                    00622D RLA    
_cputsxy                  006283 RLA    _free                     00638B RLA    
_main                     005F29 RLA    _malloc                   0065EE RLA    
_open                     0067B2 RLA    _posix_memalign           0068D2 RLA    
_rand                     006B34 RLA    _read                     006B65 RLA    
addeq0sp                  00615B RLA    addeqysp                  00615D RLA    
addysp                    00616D RLA    addysp1                   00616C RLA    
aslax2                    006189 RLA    aslax3                    006194 RLA    
aslax4                    0061A2 RLA    callmain                  0061B3 RLA    
callmli                   007D76 RLA    closeallfiles             00689D  LAI   
closedirect               006893 RLA    complax                   006213 RLA    
cursor                    007DD3 RLA    decax4                    0062B8 RLA    
decsp1                    0062BF RLA    decsp2                    0062C8 RLA    
decsp3                    0062D5 RLA    decsp4                    0062E2 RLA    
decsp6                    0062EF RLA    decsp8                    0062FC RLA    
donelib                   00621C RLA    fdtab                     007D56 RLA    
freebuffer                00688B RLA    getfd                     006309 RLA    
gotoxy                    00655E RLA    incax4                    00659D RLA    
incaxy                    00659F RLA    incsp1                    0065A8 RLA    
incsp2                    0065B6 RLA    incsp4                    0065C4 RLA    
incsp5                    0065C9 RLA    incsp6                    0065CE RLA    
incsp8                    0065D3 RLA    initconio                 007DE0  LAI   
initdostype               007E51  LAI   initheap                  007DC4  LAI   
initlib                   007DD4 RLA    initprompt                007E6E  LAI   
iobuf_alloc               0068D2 RLA    iobuf_free                00638B RLA    
ldaxidx                   0065DA RLA    ldaxysp                   0065E7 RLA    
mliparam                  007DD7 RLA    mul8x16                   006754 RLA    
mul8x16a                  00675E RLA    mulax5                    00678C RLA    
negax                     0067A4 RLA    popa                      006AD0 RLA    
popax                     0065AF RLA    popname                   006386 RLA    
popptr1                   006ADA RLA    popsargsudiv16            006BFC RLA    
ptr1                      000088 RLZ    ptr2                      00008A RLZ    
ptr3                      00008C RLZ    ptr4                      00008E RLZ    
pusha                     006AEC RLA    pusha0                    006B00 RLA    
pushax                    006B02 RLA    pushname                  00631F RLA    
pushw0sp                  006B18 RLA    pushwysp                  006B1A RLA    
putchardirect             006269 RLA    raisefilelevel            007E65  LAI   
regbank                   000094 RLZ    regsave                   000084 RLZ    
rwcommon                  006BCC RLA    rwprolog                  006BBF RLA    
shlax2                    006189 RLA    shlax3                    006194 RLA    
shlax4                    0061A2 RLA    shrax2                    006C1C RLA    
sp                        000080 RLZ    sreg                      000082 RLZ    
staspidx                  006C27 RLA    stax0sp                   006C3D RLA    
staxspidx                 006C48 RLA    staxysp                   006C3F RLA    
subeq0sp                  006C76 RLA    subeqysp                  006C78 RLA    
subysp                    006C8B RLA    tmp1                      000090 RLZ    
tmp2                      000091 RLZ    tmp3                      000092 RLZ    
tosadda0                  006143 RLA    tosaddax                  006145 RLA    
tosandax                  00617C RLA    tosicmp                   006571 RLA    
tosmoda0                  0066FC RLA    tosmulax                  00670D RLA    
tosora0                   0068AB RLA    tossubax                  006C64 RLA    
tosumoda0                 006CE7 RLA    tosumula0                 006752 RLA    
udiv16                    006CA9 RLA    zerobss                   006CF8 RLA    



Exports list by value:
----------------------
__DESTRUCTOR_COUNT__      000001 REA    __EXEHDR__                000001 REA    
__STARTUP__               000001 REA    __CONSTRUCTOR_COUNT__     000005 REA    
__FILETYPE__              000006 REA    __BSS_SIZE__              000025 REA    
sp                        000080 RLZ    sreg                      000082 RLZ    
regsave                   000084 RLZ    ptr1                      000088 RLZ    
ptr2                      00008A RLZ    ptr3                      00008C RLZ    
ptr4                      00008E RLZ    tmp1                      000090 RLZ    
tmp2                      000091 RLZ    tmp3                      000092 RLZ    
regbank                   000094 RLZ    __ONCE_SIZE__             0000B9 REA    
__STACKSIZE__             000800 REA    __MAIN_START__            000803 RLA    
COUT                      000837 RLA    HOME                      000841 RLA    
_clrscr                   000841 RLA    RDKEY                     00084B RLA    
VTABZ                     000855 RLA    __LCSIZE__                000C00 REA    
_main                     005F29 RLA    __directerrno             006122 RLA    
__mappederrno             00612B RLA    __seterrno                00613A RLA    
tosadda0                  006143 RLA    tosaddax                  006145 RLA    
addeq0sp                  00615B RLA    addeqysp                  00615D RLA    
addysp1                   00616C RLA    addysp                    00616D RLA    
tosandax                  00617C RLA    aslax2                    006189 RLA    
shlax2                    006189 RLA    aslax3                    006194 RLA    
shlax3                    006194 RLA    aslax4                    0061A2 RLA    
shlax4                    0061A2 RLA    callmain                  0061B3 RLA    
_cgetc                    0061CA RLA    _close                    0061F7 RLA    
complax                   006213 RLA    donelib                   00621C RLA    
_cputc                    00622D RLA    putchardirect             006269 RLA    
_cputsxy                  006283 RLA    decax4                    0062B8 RLA    
decsp1                    0062BF RLA    decsp2                    0062C8 RLA    
decsp3                    0062D5 RLA    decsp4                    0062E2 RLA    
decsp6                    0062EF RLA    decsp8                    0062FC RLA    
getfd                     006309 RLA    pushname                  00631F RLA    
popname                   006386 RLA    _free                     00638B RLA    
iobuf_free                00638B RLA    gotoxy                    00655E RLA    
tosicmp                   006571 RLA    incax4                    00659D RLA    
incaxy                    00659F RLA    incsp1                    0065A8 RLA    
popax                     0065AF RLA    incsp2                    0065B6 RLA    
incsp4                    0065C4 RLA    incsp5                    0065C9 RLA    
incsp6                    0065CE RLA    incsp8                    0065D3 RLA    
ldaxidx                   0065DA RLA    ldaxysp                   0065E7 RLA    
_malloc                   0065EE RLA    tosmoda0                  0066FC RLA    
tosmulax                  00670D RLA    tosumula0                 006752 RLA    
mul8x16                   006754 RLA    mul8x16a                  00675E RLA    
mulax5                    00678C RLA    _abs                      0067A0 RLA    
negax                     0067A4 RLA    _open                     0067B2 RLA    
freebuffer                00688B RLA    closedirect               006893 RLA    
closeallfiles             00689D  LAI   tosora0                   0068AB RLA    
__osmaperrno              0068BC RLA    _posix_memalign           0068D2 RLA    
iobuf_alloc               0068D2 RLA    popa                      006AD0 RLA    
popptr1                   006ADA RLA    pusha                     006AEC RLA    
pusha0                    006B00 RLA    pushax                    006B02 RLA    
pushw0sp                  006B18 RLA    pushwysp                  006B1A RLA    
_rand                     006B34 RLA    _read                     006B65 RLA    
rwprolog                  006BBF RLA    rwcommon                  006BCC RLA    
popsargsudiv16            006BFC RLA    shrax2                    006C1C RLA    
staspidx                  006C27 RLA    stax0sp                   006C3D RLA    
staxysp                   006C3F RLA    staxspidx                 006C48 RLA    
tossubax                  006C64 RLA    subeq0sp                  006C76 RLA    
subeqysp                  006C78 RLA    subysp                    006C8B RLA    
udiv16                    006CA9 RLA    tosumoda0                 006CE7 RLA    
zerobss                   006CF8 RLA    __DESTRUCTOR_TABLE__      007250 RLA    
__heapptr                 007D21 RLA    __heapend                 007D23 RLA    
__heapfirst               007D25 RLA    __heaplast                007D27 RLA    
__dos_type                007D55 RLA    fdtab                     007D56 RLA    
callmli                   007D76 RLA    __BSS_RUN__               007DC4 RLA    
__ONCE_LOAD__             007DC4 RLA    __ONCE_RUN__              007DC4 RLA    
initheap                  007DC4  LAI   cursor                    007DD3 RLA    
__oserror                 007DD4 RLA    initlib                   007DD4 RLA    
__errno                   007DD5 RLA    mliparam                  007DD7 RLA    
initconio                 007DE0  LAI   initdostype               007E51  LAI   
raisefilelevel            007E65  LAI   initprompt                007E6E  LAI   
__CONSTRUCTOR_TABLE__     007E73 RLA    __MAIN_LAST__             007E7D RLA    
__HIMEM__                 009600 REA    __LCADDR__                00D400 REA    
__LC_LAST__               00D400 RLA    __LC_START__              00D400 RLA    



Imports list:
-------------
COUT (cout.o):
    read.o                    apple2/read.s(10)
HOME (home.o):
    clrscr.o                  apple2/clrscr.s(8)
RDKEY (rdkey.o):
    read.o                    apple2/read.s(10)
VTABZ (vtabz.o):
    gotoxy.o                  apple2/gotoxy.s(9)
    cputc.o                   apple2/cputc.s(13)
__BSS_RUN__ ([linker generated]):
    _heap.o                   common/_heap.s(8)
    zerobss.o                 common/zerobss.s(8)
__BSS_SIZE__ ([linker generated]):
    _heap.o                   common/_heap.s(8)
    zerobss.o                 common/zerobss.s(8)
__CONSTRUCTOR_COUNT__ ([linker generated]):
    condes.o                  runtime/condes.s(18)
__CONSTRUCTOR_TABLE__ ([linker generated]):
    condes.o                  runtime/condes.s(18)
__DESTRUCTOR_COUNT__ ([linker generated]):
    condes.o                  runtime/condes.s(19)
__DESTRUCTOR_TABLE__ ([linker generated]):
    condes.o                  runtime/condes.s(19)
__EXEHDR__ (exehdr.o):
    [linker generated]        /usr/share/cc65/cfg/apple2-hgr.cfg(7)
__FILETYPE__ ([linker generated]):
    exehdr.o                  apple2/exehdr.s(9)
__HIMEM__ ([linker generated]):
    [linker generated]        /usr/share/cc65/cfg/apple2-hgr.cfg(18)
    [linker generated]        /usr/share/cc65/cfg/apple2-hgr.cfg(17)
__LCADDR__ ([linker generated]):
    [linker generated]        /usr/share/cc65/cfg/apple2-hgr.cfg(19)
__LCSIZE__ ([linker generated]):
    [linker generated]        /usr/share/cc65/cfg/apple2-hgr.cfg(19)
__LC_LAST__ ([linker generated]):
    crt0.o                    apple2/crt0.s(13)
__LC_START__ ([linker generated]):
    crt0.o                    apple2/crt0.s(13)
__MAIN_LAST__ ([linker generated]):
    exehdr.o                  apple2/exehdr.s(10)
__MAIN_START__ ([linker generated]):
    exehdr.o                  apple2/exehdr.s(10)
__ONCE_LOAD__ ([linker generated]):
    crt0.o                    apple2/crt0.s(12)
__ONCE_RUN__ ([linker generated]):
    [linker generated]        /usr/share/cc65/cfg/apple2-hgr.cfg(18)
    [linker generated]        /usr/share/cc65/cfg/apple2-hgr.cfg(18)
__ONCE_SIZE__ ([linker generated]):
    crt0.o                    apple2/crt0.s(12)
__STACKSIZE__ ([linker generated]):
    _heap.o                   common/_heap.s(8)
    [linker generated]        /usr/share/cc65/cfg/apple2-hgr.cfg(18)
__STARTUP__ (crt0.o):
    dhgrc.o                   dhgrc.s(13)
__directerrno (_directerrno.o):
    read.o                    /build/cc65-MvQrHe/cc65-2.19/asminc/errno.inc(10)
    open.o                    /build/cc65-MvQrHe/cc65-2.19/asminc/errno.inc(10)
    close.o                   /build/cc65-MvQrHe/cc65-2.19/asminc/errno.inc(10)
__dos_type (dosdetect.o):
    mli.o                     apple2/mli.s(7)
    open.o                    apple2/open.s(12)
__errno (errno.o):
    _seterrno.o               /build/cc65-MvQrHe/cc65-2.19/asminc/errno.inc(7)
__heapend (_heap.o):
    malloc.o                  /build/cc65-MvQrHe/cc65-2.19/asminc/_heap.inc(33)
__heapfirst (_heap.o):
    malloc.o                  /build/cc65-MvQrHe/cc65-2.19/asminc/_heap.inc(34)
    free.o                    /build/cc65-MvQrHe/cc65-2.19/asminc/_heap.inc(34)
__heaplast (_heap.o):
    malloc.o                  /build/cc65-MvQrHe/cc65-2.19/asminc/_heap.inc(35)
    free.o                    /build/cc65-MvQrHe/cc65-2.19/asminc/_heap.inc(35)
__heapptr (_heap.o):
    malloc.o                  /build/cc65-MvQrHe/cc65-2.19/asminc/_heap.inc(32)
    free.o                    /build/cc65-MvQrHe/cc65-2.19/asminc/_heap.inc(32)
__mappederrno (_mappederrno.o):
    rwcommon.o                /build/cc65-MvQrHe/cc65-2.19/asminc/errno.inc(10)
    open.o                    /build/cc65-MvQrHe/cc65-2.19/asminc/errno.inc(10)
    close.o                   /build/cc65-MvQrHe/cc65-2.19/asminc/errno.inc(10)
__oserror (_oserror.o):
    _mappederrno.o            /build/cc65-MvQrHe/cc65-2.19/asminc/errno.inc(7)
    _directerrno.o            /build/cc65-MvQrHe/cc65-2.19/asminc/errno.inc(7)
    rwcommon.o                /build/cc65-MvQrHe/cc65-2.19/asminc/errno.inc(7)
    read.o                    /build/cc65-MvQrHe/cc65-2.19/asminc/errno.inc(7)
    open.o                    /build/cc65-MvQrHe/cc65-2.19/asminc/errno.inc(7)
__osmaperrno (oserror.o):
    _mappederrno.o            /build/cc65-MvQrHe/cc65-2.19/asminc/errno.inc(8)
__seterrno (_seterrno.o):
    _mappederrno.o            /build/cc65-MvQrHe/cc65-2.19/asminc/errno.inc(9)
    _directerrno.o            /build/cc65-MvQrHe/cc65-2.19/asminc/errno.inc(9)
_abs (negabs.o):
    dhgrc.o                   dhgrc.s(20)
_cgetc (cgetc.o):
    dhgrc.o                   dhgrc.s(16)
_close (close.o):
    dhgrc.o                   dhgrc.s(18)
_clrscr (clrscr.o):
    dhgrc.o                   dhgrc.s(14)
_cputc (cputc.o):
    cputs.o                   conio/cputs.s(9)
_cputsxy (cputs.o):
    dhgrc.o                   dhgrc.s(15)
_free (free.o):
    pmemalign.o               ../libwrk/apple2enh/pmemalign.s(14)
    iobuf.o                   apple2/iobuf.s(8)
_main (dhgrc.o):
    callmain.o                runtime/callmain.s(11)
_malloc (malloc.o):
    pmemalign.o               ../libwrk/apple2enh/pmemalign.s(13)
_open (open.o):
    dhgrc.o                   dhgrc.s(17)
_posix_memalign (pmemalign.o):
    iobuf.o                   apple2/iobuf.s(8)
_rand (rand.o):
    dhgrc.o                   dhgrc.s(19)
_read (read.o):
    dhgrc.o                   dhgrc.s(21)
addeq0sp (addeqsp.o):
    dhgrc.o                   dhgrc.s(8092)
    dhgrc.o                   dhgrc.s(8092)
    dhgrc.o                   dhgrc.s(8092)
addeqysp (addeqsp.o):
    dhgrc.o                   dhgrc.s(8092)
    dhgrc.o                   dhgrc.s(8092)
    dhgrc.o                   dhgrc.s(8092)
addysp (addysp.o):
    pmemalign.o               ../libwrk/apple2enh/pmemalign.s(287)
    filename.o                apple2/filename.s(8)
    open.o                    apple2/open.s(14)
    incsp8.o                  runtime/incsp8.s(8)
    incsp6.o                  runtime/incsp6.s(8)
    incsp5.o                  runtime/incsp5.s(8)
    incsp4.o                  runtime/incsp4.s(8)
    dhgrc.o                   dhgrc.s(8092)
    dhgrc.o                   dhgrc.s(8092)
    dhgrc.o                   dhgrc.s(8092)
    dhgrc.o                   dhgrc.s(8092)
    dhgrc.o                   dhgrc.s(8092)
    dhgrc.o                   dhgrc.s(8092)
    dhgrc.o                   dhgrc.s(8092)
    dhgrc.o                   dhgrc.s(8092)
    dhgrc.o                   dhgrc.s(8092)
    dhgrc.o                   dhgrc.s(8092)
    dhgrc.o                   dhgrc.s(8092)
    dhgrc.o                   dhgrc.s(8092)
    dhgrc.o                   dhgrc.s(8092)
addysp1 (addysp.o):
    and.o                     runtime/and.s(8)
    sub.o                     runtime/sub.s(8)
    or.o                      runtime/or.s(9)
aslax2 (aslax2.o):
    dhgrc.o                   dhgrc.s(8092)
    dhgrc.o                   dhgrc.s(8092)
    dhgrc.o                   dhgrc.s(8092)
aslax3 (aslax3.o):
    dhgrc.o                   dhgrc.s(8092)
aslax4 (aslax4.o):
    dhgrc.o                   dhgrc.s(8092)
callmain (callmain.o):
    crt0.o                    apple2/crt0.s(11)
callmli (mli.o):
    filename.o                apple2/mli.inc(131)
    rwcommon.o                apple2/mli.inc(131)
    open.o                    apple2/mli.inc(131)
closedirect (open.o):
    close.o                   apple2/close.s(9)
complax (compl.o):
    pmemalign.o               ../libwrk/apple2enh/pmemalign.s(287)
cursor (_cursor.o):
    cgetc.o                   apple2/cgetc.s(10)
decax4 (decax4.o):
    pmemalign.o               ../libwrk/apple2enh/pmemalign.s(287)
decsp1 (decsp1.o):
    filename.o                apple2/filename.s(8)
    dhgrc.o                   dhgrc.s(8092)
    dhgrc.o                   dhgrc.s(8092)
    dhgrc.o                   dhgrc.s(8092)
    dhgrc.o                   dhgrc.s(8092)
    dhgrc.o                   dhgrc.s(8092)
decsp2 (decsp2.o):
    dhgrc.o                   dhgrc.s(8092)
    dhgrc.o                   dhgrc.s(8092)
    dhgrc.o                   dhgrc.s(8092)
    dhgrc.o                   dhgrc.s(8092)
    dhgrc.o                   dhgrc.s(8092)
    dhgrc.o                   dhgrc.s(8092)
    dhgrc.o                   dhgrc.s(8092)
    dhgrc.o                   dhgrc.s(8092)
    dhgrc.o                   dhgrc.s(8092)
    dhgrc.o                   dhgrc.s(8092)
    dhgrc.o                   dhgrc.s(8092)
    dhgrc.o                   dhgrc.s(8092)
    dhgrc.o                   dhgrc.s(8092)
    dhgrc.o                   dhgrc.s(8092)
    dhgrc.o                   dhgrc.s(8092)
    dhgrc.o                   dhgrc.s(8092)
    dhgrc.o                   dhgrc.s(8092)
decsp3 (decsp3.o):
    dhgrc.o                   dhgrc.s(8092)
    dhgrc.o                   dhgrc.s(8092)
    dhgrc.o                   dhgrc.s(8092)
    dhgrc.o                   dhgrc.s(8092)
    dhgrc.o                   dhgrc.s(8092)
    dhgrc.o                   dhgrc.s(8092)
decsp4 (decsp4.o):
    dhgrc.o                   dhgrc.s(8092)
    dhgrc.o                   dhgrc.s(8092)
    dhgrc.o                   dhgrc.s(8092)
    dhgrc.o                   dhgrc.s(8092)
    dhgrc.o                   dhgrc.s(8092)
decsp6 (decsp6.o):
    pmemalign.o               ../libwrk/apple2enh/pmemalign.s(287)
    dhgrc.o                   dhgrc.s(8092)
    dhgrc.o                   dhgrc.s(8092)
    dhgrc.o                   dhgrc.s(8092)
decsp8 (decsp8.o):
    dhgrc.o                   dhgrc.s(8092)
donelib (condes.o):
    crt0.o                    apple2/crt0.s(10)
fdtab (filedes.o):
    read.o                    apple2/filedes.inc(13)
    open.o                    apple2/filedes.inc(13)
    close.o                   apple2/filedes.inc(13)
freebuffer (open.o):
    close.o                   apple2/close.s(9)
getfd (filedes.o):
    rwcommon.o                apple2/filedes.inc(14)
    close.o                   apple2/filedes.inc(14)
gotoxy (gotoxy.o):
    cputs.o                   conio/cputs.s(9)
    cputc.o                   apple2/cputc.s(13)
incax4 (incaxy.o):
    pmemalign.o               ../libwrk/apple2enh/pmemalign.s(287)
incaxy (incaxy.o):
    open.o                    apple2/open.s(14)
incsp1 (incsp1.o):
    dhgrc.o                   dhgrc.s(8092)
    dhgrc.o                   dhgrc.s(8092)
    dhgrc.o                   dhgrc.s(8092)
    dhgrc.o                   dhgrc.s(8092)
    dhgrc.o                   dhgrc.s(8092)
incsp2 (incsp2.o):
    staxspi.o                 runtime/staxspi.s(9)
    staspidx.o                runtime/staspidx.s(8)
    popptr1.o                 runtime/popptr1.s(8)
    dhgrc.o                   dhgrc.s(8092)
    dhgrc.o                   dhgrc.s(8092)
incsp4 (incsp4.o):
    open.o                    apple2/open.s(14)
    dhgrc.o                   dhgrc.s(8092)
    dhgrc.o                   dhgrc.s(8092)
    dhgrc.o                   dhgrc.s(8092)
    dhgrc.o                   dhgrc.s(8092)
incsp5 (incsp5.o):
    dhgrc.o                   dhgrc.s(8092)
    dhgrc.o                   dhgrc.s(8092)
    dhgrc.o                   dhgrc.s(8092)
    dhgrc.o                   dhgrc.s(8092)
    dhgrc.o                   dhgrc.s(8092)
    dhgrc.o                   dhgrc.s(8092)
    dhgrc.o                   dhgrc.s(8092)
    dhgrc.o                   dhgrc.s(8092)
incsp6 (incsp6.o):
    dhgrc.o                   dhgrc.s(8092)
    dhgrc.o                   dhgrc.s(8092)
    dhgrc.o                   dhgrc.s(8092)
    dhgrc.o                   dhgrc.s(8092)
incsp8 (incsp8.o):
    dhgrc.o                   dhgrc.s(8092)
    dhgrc.o                   dhgrc.s(8092)
    dhgrc.o                   dhgrc.s(8092)
    dhgrc.o                   dhgrc.s(8092)
initlib (condes.o):
    crt0.o                    apple2/crt0.s(10)
iobuf_alloc (iobuf.o):
    open.o                    apple2/open.s(13)
iobuf_free (iobuf.o):
    open.o                    apple2/open.s(13)
ldaxidx (ldaxi.o):
    pmemalign.o               ../libwrk/apple2enh/pmemalign.s(287)
ldaxysp (ldaxsp.o):
    pmemalign.o               ../libwrk/apple2enh/pmemalign.s(287)
mliparam (mli.o):
    filename.o                apple2/mli.inc(130)
    rwcommon.o                apple2/mli.inc(130)
    open.o                    apple2/mli.inc(130)
mul8x16 (mul8.o):
    mul.o                     runtime/mul.s(8)
mul8x16a (mul8.o):
    mul.o                     runtime/mul.s(8)
mulax5 (mulax5.o):
    dhgrc.o                   dhgrc.s(8092)
negax (negabs.o):
    shelp.o                   runtime/shelp.s(11)
    mod.o                     runtime/mod.s(11)
    dhgrc.o                   dhgrc.s(8092)
popa (popa.o):
    gotoxy.o                  apple2/gotoxy.s(9)
popax (incsp2.o):
    shelp.o                   runtime/shelp.s(11)
    rwcommon.o                apple2/rwcommon.s(6)
    open.o                    apple2/open.s(14)
popname (filename.o):
    open.o                    apple2/open.s(12)
popptr1 (popptr1.o):
    umod.o                    runtime/umod.s(8)
    udiv.o                    runtime/udiv.s(9)
    rwcommon.o                apple2/rwcommon.s(6)
    mul8.o                    runtime/mul8.s(9)
    mul.o                     runtime/mul.s(9)
popsargsudiv16 (shelp.o):
    mod.o                     runtime/mod.s(11)
ptr1 (zeropage.o):
    malloc.o                  common/malloc.s(108)
    ldaxi.o                   runtime/ldaxi.s(8)
    free.o                    common/free.s(62)
    pmemalign.o               ../libwrk/apple2enh/pmemalign.s(11)
    filename.o                /build/cc65-MvQrHe/cc65-2.19/asminc/zeropage.inc(12)
    zerobss.o                 common/zerobss.s(9)
    udiv.o                    runtime/udiv.s(10)
    staxspi.o                 runtime/staxspi.s(10)
    staspidx.o                runtime/staspidx.s(9)
    shelp.o                   runtime/shelp.s(12)
    rwcommon.o                /build/cc65-MvQrHe/cc65-2.19/asminc/zeropage.inc(12)
    read.o                    /build/cc65-MvQrHe/cc65-2.19/asminc/zeropage.inc(12)
    popptr1.o                 runtime/popptr1.s(9)
    mulax5.o                  runtime/mulax5.s(9)
    mul8.o                    runtime/mul8.s(10)
    mul.o                     runtime/mul.s(10)
    cputs.o                   conio/cputs.s(10)
    dhgrc.o                   dhgrc.s(11)
ptr2 (zeropage.o):
    malloc.o                  common/malloc.s(108)
    free.o                    common/free.s(62)
    rwcommon.o                /build/cc65-MvQrHe/cc65-2.19/asminc/zeropage.inc(12)
    read.o                    /build/cc65-MvQrHe/cc65-2.19/asminc/zeropage.inc(12)
    dhgrc.o                   dhgrc.s(11)
ptr3 (zeropage.o):
    malloc.o                  common/malloc.s(108)
    free.o                    common/free.s(62)
    read.o                    /build/cc65-MvQrHe/cc65-2.19/asminc/zeropage.inc(12)
ptr4 (zeropage.o):
    free.o                    common/free.s(62)
    umod.o                    runtime/umod.s(9)
    udiv.o                    runtime/udiv.s(10)
    shelp.o                   runtime/shelp.s(12)
    mul8.o                    runtime/mul8.s(10)
    mul.o                     runtime/mul.s(10)
pusha (pusha.o):
    dhgrc.o                   dhgrc.s(8092)
    dhgrc.o                   dhgrc.s(8092)
    dhgrc.o                   dhgrc.s(8092)
    dhgrc.o                   dhgrc.s(8092)
    dhgrc.o                   dhgrc.s(8092)
    dhgrc.o                   dhgrc.s(8092)
    dhgrc.o                   dhgrc.s(8092)
    dhgrc.o                   dhgrc.s(8092)
    dhgrc.o                   dhgrc.s(8092)
    dhgrc.o                   dhgrc.s(8092)
    dhgrc.o                   dhgrc.s(8092)
    dhgrc.o                   dhgrc.s(8092)
    dhgrc.o                   dhgrc.s(8092)
    dhgrc.o                   dhgrc.s(8092)
    dhgrc.o                   dhgrc.s(8092)
    dhgrc.o                   dhgrc.s(8092)
    dhgrc.o                   dhgrc.s(8092)
    dhgrc.o                   dhgrc.s(8092)
pusha0 (pushax.o):
    dhgrc.o                   dhgrc.s(8092)
    dhgrc.o                   dhgrc.s(8092)
    dhgrc.o                   dhgrc.s(8092)
    dhgrc.o                   dhgrc.s(8092)
    dhgrc.o                   dhgrc.s(8092)
    dhgrc.o                   dhgrc.s(8092)
    dhgrc.o                   dhgrc.s(8092)
pushax (pushax.o):
    pmemalign.o               ../libwrk/apple2enh/pmemalign.s(287)
    callmain.o                runtime/callmain.s(11)
    open.o                    apple2/open.s(14)
    dhgrc.o                   dhgrc.s(8092)
    dhgrc.o                   dhgrc.s(8092)
    dhgrc.o                   dhgrc.s(8092)
    dhgrc.o                   dhgrc.s(8092)
    dhgrc.o                   dhgrc.s(8092)
    dhgrc.o                   dhgrc.s(8092)
    dhgrc.o                   dhgrc.s(8092)
    dhgrc.o                   dhgrc.s(8092)
    dhgrc.o                   dhgrc.s(8092)
    dhgrc.o                   dhgrc.s(8092)
    dhgrc.o                   dhgrc.s(8092)
    dhgrc.o                   dhgrc.s(8092)
    dhgrc.o                   dhgrc.s(8092)
    dhgrc.o                   dhgrc.s(8092)
    dhgrc.o                   dhgrc.s(8092)
    dhgrc.o                   dhgrc.s(8092)
    dhgrc.o                   dhgrc.s(8092)
    dhgrc.o                   dhgrc.s(8092)
    dhgrc.o                   dhgrc.s(8092)
    dhgrc.o                   dhgrc.s(8092)
    dhgrc.o                   dhgrc.s(8092)
    dhgrc.o                   dhgrc.s(8092)
    dhgrc.o                   dhgrc.s(8092)
    dhgrc.o                   dhgrc.s(8092)
    dhgrc.o                   dhgrc.s(8092)
    dhgrc.o                   dhgrc.s(8092)
    dhgrc.o                   dhgrc.s(8092)
pushname (filename.o):
    open.o                    apple2/open.s(12)
pushw0sp (pushwsp.o):
    dhgrc.o                   dhgrc.s(8092)
    dhgrc.o                   dhgrc.s(8092)
    dhgrc.o                   dhgrc.s(8092)
    dhgrc.o                   dhgrc.s(8092)
    dhgrc.o                   dhgrc.s(8092)
pushwysp (pushwsp.o):
    pmemalign.o               ../libwrk/apple2enh/pmemalign.s(287)
    dhgrc.o                   dhgrc.s(8092)
    dhgrc.o                   dhgrc.s(8092)
    dhgrc.o                   dhgrc.s(8092)
    dhgrc.o                   dhgrc.s(8092)
    dhgrc.o                   dhgrc.s(8092)
    dhgrc.o                   dhgrc.s(8092)
putchardirect (cputc.o):
    cgetc.o                   apple2/cgetc.s(10)
regbank (zeropage.o):
    pmemalign.o               ../libwrk/apple2enh/pmemalign.s(10)
    dhgrc.o                   dhgrc.s(10)
regsave (zeropage.o):
    dhgrc.o                   dhgrc.s(10)
rwcommon (rwcommon.o):
    read.o                    apple2/read.s(9)
rwprolog (rwcommon.o):
    read.o                    apple2/read.s(9)
shlax2 (aslax2.o):
    dhgrc.o                   dhgrc.s(8092)
    dhgrc.o                   dhgrc.s(8092)
    dhgrc.o                   dhgrc.s(8092)
    dhgrc.o                   dhgrc.s(8092)
shlax3 (aslax3.o):
    dhgrc.o                   dhgrc.s(8092)
    dhgrc.o                   dhgrc.s(8092)
    dhgrc.o                   dhgrc.s(8092)
shlax4 (aslax4.o):
    dhgrc.o                   dhgrc.s(8092)
    dhgrc.o                   dhgrc.s(8092)
    dhgrc.o                   dhgrc.s(8092)
    dhgrc.o                   dhgrc.s(8092)
shrax2 (shrax2.o):
    dhgrc.o                   dhgrc.s(8092)
sp (zeropage.o):
    _heap.o                   common/_heap.s(9)
    ldaxsp.o                  runtime/ldaxsp.s(8)
    and.o                     runtime/and.s(9)
    pmemalign.o               ../libwrk/apple2enh/pmemalign.s(10)
    filename.o                /build/cc65-MvQrHe/cc65-2.19/asminc/zeropage.inc(11)
    subysp.o                  runtime/subysp.s(9)
    subeqsp.o                 runtime/subeqsp.s(8)
    sub.o                     runtime/sub.s(9)
    staxspi.o                 runtime/staxspi.s(10)
    staxsp.o                  runtime/staxsp.s(8)
    staspidx.o                runtime/staspidx.s(9)
    pushwsp.o                 runtime/pushwsp.s(8)
    pushax.o                  runtime/pushax.s(8)
    pusha.o                   runtime/pusha.s(8)
    popptr1.o                 runtime/popptr1.s(9)
    popa.o                    runtime/popa.s(8)
    or.o                      runtime/or.s(10)
    open.o                    /build/cc65-MvQrHe/cc65-2.19/asminc/zeropage.inc(11)
    incsp2.o                  runtime/incsp2.s(8)
    incsp1.o                  runtime/incsp1.s(8)
    icmp.o                    runtime/icmp.s(9)
    decsp8.o                  runtime/decsp8.s(8)
    decsp6.o                  runtime/decsp6.s(8)
    decsp4.o                  runtime/decsp4.s(8)
    decsp3.o                  runtime/decsp3.s(8)
    decsp2.o                  runtime/decsp2.s(8)
    decsp1.o                  runtime/decsp1.s(8)
    crt0.o                    /build/cc65-MvQrHe/cc65-2.19/asminc/zeropage.inc(11)
    addysp.o                  runtime/addysp.s(8)
    addeqsp.o                 runtime/addeqsp.s(8)
    add.o                     runtime/add.s(12)
    dhgrc.o                   dhgrc.s(10)
sreg (zeropage.o):
    umod.o                    runtime/umod.s(9)
    udiv.o                    runtime/udiv.s(10)
    mod.o                     runtime/mod.s(12)
    icmp.o                    runtime/icmp.s(9)
    dhgrc.o                   dhgrc.s(10)
staspidx (staspidx.o):
    dhgrc.o                   dhgrc.s(8092)
    dhgrc.o                   dhgrc.s(8092)
stax0sp (staxsp.o):
    dhgrc.o                   dhgrc.s(8092)
    dhgrc.o                   dhgrc.s(8092)
    dhgrc.o                   dhgrc.s(8092)
    dhgrc.o                   dhgrc.s(8092)
    dhgrc.o                   dhgrc.s(8092)
    dhgrc.o                   dhgrc.s(8092)
    dhgrc.o                   dhgrc.s(8092)
staxspidx (staxspi.o):
    pmemalign.o               ../libwrk/apple2enh/pmemalign.s(287)
    dhgrc.o                   dhgrc.s(8092)
    dhgrc.o                   dhgrc.s(8092)
staxysp (staxsp.o):
    pmemalign.o               ../libwrk/apple2enh/pmemalign.s(287)
    dhgrc.o                   dhgrc.s(8092)
    dhgrc.o                   dhgrc.s(8092)
    dhgrc.o                   dhgrc.s(8092)
    dhgrc.o                   dhgrc.s(8092)
    dhgrc.o                   dhgrc.s(8092)
    dhgrc.o                   dhgrc.s(8092)
    dhgrc.o                   dhgrc.s(8092)
    dhgrc.o                   dhgrc.s(8092)
subeq0sp (subeqsp.o):
    dhgrc.o                   dhgrc.s(8092)
subeqysp (subeqsp.o):
    pmemalign.o               ../libwrk/apple2enh/pmemalign.s(287)
    dhgrc.o                   dhgrc.s(8092)
subysp (subysp.o):
    filename.o                apple2/filename.s(8)
    dhgrc.o                   dhgrc.s(8092)
    dhgrc.o                   dhgrc.s(8092)
    dhgrc.o                   dhgrc.s(8092)
    dhgrc.o                   dhgrc.s(8092)
tmp1 (zeropage.o):
    incaxy.o                  runtime/incaxy.s(8)
    filename.o                /build/cc65-MvQrHe/cc65-2.19/asminc/zeropage.inc(13)
    staxspi.o                 runtime/staxspi.s(10)
    staspidx.o                runtime/staspidx.s(9)
    shrax2.o                  runtime/shrax2.s(8)
    shelp.o                   runtime/shelp.s(12)
    or.o                      runtime/or.s(10)
    open.o                    /build/cc65-MvQrHe/cc65-2.19/asminc/zeropage.inc(13)
    mul.o                     runtime/mul.s(10)
    mod.o                     runtime/mod.s(12)
    cputs.o                   conio/cputs.s(10)
    aslax4.o                  runtime/aslax4.s(8)
    aslax3.o                  runtime/aslax3.s(8)
    aslax2.o                  runtime/aslax2.s(8)
    dhgrc.o                   dhgrc.s(11)
tmp2 (zeropage.o):
    shelp.o                   runtime/shelp.s(12)
    open.o                    /build/cc65-MvQrHe/cc65-2.19/asminc/zeropage.inc(13)
tmp3 (zeropage.o):
    open.o                    /build/cc65-MvQrHe/cc65-2.19/asminc/zeropage.inc(13)
tosadda0 (add.o):
    dhgrc.o                   dhgrc.s(8092)
    dhgrc.o                   dhgrc.s(8092)
    dhgrc.o                   dhgrc.s(8092)
tosaddax (add.o):
    dhgrc.o                   dhgrc.s(8092)
    dhgrc.o                   dhgrc.s(8092)
    dhgrc.o                   dhgrc.s(8092)
tosandax (and.o):
    pmemalign.o               ../libwrk/apple2enh/pmemalign.s(287)
tosicmp (icmp.o):
    dhgrc.o                   dhgrc.s(8092)
tosmoda0 (mod.o):
    dhgrc.o                   dhgrc.s(8092)
    dhgrc.o                   dhgrc.s(8092)
    dhgrc.o                   dhgrc.s(8092)
tosmulax (mul.o):
    dhgrc.o                   dhgrc.s(8092)
tosora0 (or.o):
    dhgrc.o                   dhgrc.s(8092)
tossubax (sub.o):
    pmemalign.o               ../libwrk/apple2enh/pmemalign.s(287)
    dhgrc.o                   dhgrc.s(8092)
tosumoda0 (umod.o):
    dhgrc.o                   dhgrc.s(8092)
    dhgrc.o                   dhgrc.s(8092)
    dhgrc.o                   dhgrc.s(8092)
    dhgrc.o                   dhgrc.s(8092)
    dhgrc.o                   dhgrc.s(8092)
tosumula0 (mul8.o):
    dhgrc.o                   dhgrc.s(8092)
udiv16 (udiv.o):
    umod.o                    runtime/umod.s(8)
    shelp.o                   runtime/shelp.s(11)
zerobss (zerobss.o):
    crt0.o                    apple2/crt0.s(11)

