Modules list:
-------------
dhgrc.c.17789.0.o:
    CODE              Offs=000000  Size=00211E  Align=00001  Fill=0000
    RODATA            Offs=000000  Size=0004FC  Align=00001  Fill=0000
    BSS               Offs=000000  Size=00000F  Align=00001  Fill=0000
    DATA              Offs=000000  Size=000ACD  Align=00001  Fill=0000
/home/iolo/.local/share/cc65/lib/apple2enh.lib(_cursor.o):
    BSS               Offs=00000F  Size=000001  Align=00001  Fill=0000
/home/iolo/.local/share/cc65/lib/apple2enh.lib(_directerrno.o):
    CODE              Offs=00211E  Size=000009  Align=00001  Fill=0000
/home/iolo/.local/share/cc65/lib/apple2enh.lib(_heap.o):
    DATA              Offs=000ACD  Size=00000A  Align=00001  Fill=0000
    ONCE              Offs=000000  Size=000010  Align=00001  Fill=0000
/home/iolo/.local/share/cc65/lib/apple2enh.lib(_mappederrno.o):
    CODE              Offs=002127  Size=00000F  Align=00001  Fill=0000
/home/iolo/.local/share/cc65/lib/apple2enh.lib(_oserror.o):
    BSS               Offs=000010  Size=000001  Align=00001  Fill=0000
/home/iolo/.local/share/cc65/lib/apple2enh.lib(_seterrno.o):
    CODE              Offs=002136  Size=000009  Align=00001  Fill=0000
/home/iolo/.local/share/cc65/lib/apple2enh.lib(add.o):
    CODE              Offs=00213F  Size=000018  Align=00001  Fill=0000
/home/iolo/.local/share/cc65/lib/apple2enh.lib(addeqsp.o):
    CODE              Offs=002157  Size=000011  Align=00001  Fill=0000
/home/iolo/.local/share/cc65/lib/apple2enh.lib(addysp.o):
    CODE              Offs=002168  Size=00000E  Align=00001  Fill=0000
/home/iolo/.local/share/cc65/lib/apple2enh.lib(aslax2.o):
    CODE              Offs=002176  Size=00000B  Align=00001  Fill=0000
/home/iolo/.local/share/cc65/lib/apple2enh.lib(aslax3.o):
    CODE              Offs=002181  Size=00000E  Align=00001  Fill=0000
/home/iolo/.local/share/cc65/lib/apple2enh.lib(aslax4.o):
    CODE              Offs=00218F  Size=000011  Align=00001  Fill=0000
/home/iolo/.local/share/cc65/lib/apple2enh.lib(asrax1.o):
    CODE              Offs=0021A0  Size=00000A  Align=00001  Fill=0000
/home/iolo/.local/share/cc65/lib/apple2enh.lib(callmain.o):
    CODE              Offs=0021AA  Size=000042  Align=00001  Fill=0000
    DATA              Offs=000AD7  Size=000004  Align=00001  Fill=0000
/home/iolo/.local/share/cc65/lib/apple2enh.lib(cgetc.o):
    CODE              Offs=0021EC  Size=00002E  Align=00001  Fill=0000
/home/iolo/.local/share/cc65/lib/apple2enh.lib(close.o):
    CODE              Offs=00221A  Size=00001C  Align=00001  Fill=0000
/home/iolo/.local/share/cc65/lib/apple2enh.lib(clrscr.o):
/home/iolo/.local/share/cc65/lib/apple2enh.lib(compl.o):
    CODE              Offs=002236  Size=000009  Align=00001  Fill=0000
/home/iolo/.local/share/cc65/lib/apple2enh.lib(condes.o):
    CODE              Offs=00223F  Size=00000C  Align=00001  Fill=0000
    DATA              Offs=000ADB  Size=000025  Align=00001  Fill=0000
    ONCE              Offs=000010  Size=00000C  Align=00001  Fill=0000
/home/iolo/.local/share/cc65/lib/apple2enh.lib(cout.o):
    LOWCODE           Offs=000000  Size=00000A  Align=00001  Fill=0000
/home/iolo/.local/share/cc65/lib/apple2enh.lib(cputc.o):
    CODE              Offs=00224B  Size=00006F  Align=00001  Fill=0000
    ONCE              Offs=00001C  Size=000007  Align=00001  Fill=0000
/home/iolo/.local/share/cc65/lib/apple2enh.lib(cputs.o):
    CODE              Offs=0022BA  Size=00001D  Align=00001  Fill=0000
/home/iolo/.local/share/cc65/lib/apple2enh.lib(crt0.o):
    CODE              Offs=0022D7  Size=00001E  Align=00001  Fill=0000
    RODATA            Offs=0004FC  Size=000007  Align=00001  Fill=0000
    DATA              Offs=000B00  Size=000003  Align=00001  Fill=0000
    STARTUP           Offs=000000  Size=00000C  Align=00001  Fill=0000
    ONCE              Offs=000023  Size=000083  Align=00001  Fill=0000
    INIT              Offs=000000  Size=00001D  Align=00001  Fill=0000
/home/iolo/.local/share/cc65/lib/apple2enh.lib(decax1.o):
    CODE              Offs=0022F5  Size=000007  Align=00001  Fill=0000
/home/iolo/.local/share/cc65/lib/apple2enh.lib(decax4.o):
    CODE              Offs=0022FC  Size=000007  Align=00001  Fill=0000
/home/iolo/.local/share/cc65/lib/apple2enh.lib(decsp1.o):
    CODE              Offs=002303  Size=000009  Align=00001  Fill=0000
/home/iolo/.local/share/cc65/lib/apple2enh.lib(decsp2.o):
    CODE              Offs=00230C  Size=00000D  Align=00001  Fill=0000
/home/iolo/.local/share/cc65/lib/apple2enh.lib(decsp3.o):
    CODE              Offs=002319  Size=00000D  Align=00001  Fill=0000
/home/iolo/.local/share/cc65/lib/apple2enh.lib(decsp4.o):
    CODE              Offs=002326  Size=00000D  Align=00001  Fill=0000
/home/iolo/.local/share/cc65/lib/apple2enh.lib(decsp6.o):
    CODE              Offs=002333  Size=00000D  Align=00001  Fill=0000
/home/iolo/.local/share/cc65/lib/apple2enh.lib(decsp7.o):
    CODE              Offs=002340  Size=00000D  Align=00001  Fill=0000
/home/iolo/.local/share/cc65/lib/apple2enh.lib(decsp8.o):
    CODE              Offs=00234D  Size=00000D  Align=00001  Fill=0000
/home/iolo/.local/share/cc65/lib/apple2enh.lib(dosdetect.o):
    DATA              Offs=000B03  Size=000001  Align=00001  Fill=0000
    ONCE              Offs=0000A6  Size=000014  Align=00001  Fill=0000
/home/iolo/.local/share/cc65/lib/apple2enh.lib(errno.o):
    BSS               Offs=000011  Size=000002  Align=00001  Fill=0000
/home/iolo/.local/share/cc65/lib/apple2enh.lib(exehdr.o):
    EXEHDR            Offs=000000  Size=00003A  Align=00001  Fill=0000
/home/iolo/.local/share/cc65/lib/apple2enh.lib(filedes.o):
    CODE              Offs=00235A  Size=000016  Align=00001  Fill=0000
    DATA              Offs=000B04  Size=000020  Align=00001  Fill=0000
/home/iolo/.local/share/cc65/lib/apple2enh.lib(filename.o):
    CODE              Offs=002370  Size=00006F  Align=00001  Fill=0000
/home/iolo/.local/share/cc65/lib/apple2enh.lib(free.o):
    CODE              Offs=0023DF  Size=0001D3  Align=00001  Fill=0000
/home/iolo/.local/share/cc65/lib/apple2enh.lib(gotoxy.o):
    CODE              Offs=0025B2  Size=000019  Align=00001  Fill=0000
/home/iolo/.local/share/cc65/lib/apple2enh.lib(home.o):
    LOWCODE           Offs=00000A  Size=00000A  Align=00001  Fill=0000
/home/iolo/.local/share/cc65/lib/apple2enh.lib(icmp.o):
    CODE              Offs=0025CB  Size=00002E  Align=00001  Fill=0000
/home/iolo/.local/share/cc65/lib/apple2enh.lib(incaxy.o):
    CODE              Offs=0025F9  Size=00000B  Align=00001  Fill=0000
/home/iolo/.local/share/cc65/lib/apple2enh.lib(incsp1.o):
    CODE              Offs=002604  Size=000007  Align=00001  Fill=0000
/home/iolo/.local/share/cc65/lib/apple2enh.lib(incsp2.o):
    CODE              Offs=00260B  Size=000015  Align=00001  Fill=0000
/home/iolo/.local/share/cc65/lib/apple2enh.lib(incsp4.o):
    CODE              Offs=002620  Size=000005  Align=00001  Fill=0000
/home/iolo/.local/share/cc65/lib/apple2enh.lib(incsp5.o):
    CODE              Offs=002625  Size=000005  Align=00001  Fill=0000
/home/iolo/.local/share/cc65/lib/apple2enh.lib(incsp6.o):
    CODE              Offs=00262A  Size=000005  Align=00001  Fill=0000
/home/iolo/.local/share/cc65/lib/apple2enh.lib(incsp8.o):
    CODE              Offs=00262F  Size=000005  Align=00001  Fill=0000
/home/iolo/.local/share/cc65/lib/apple2enh.lib(iobuf.o):
/home/iolo/.local/share/cc65/lib/apple2enh.lib(lc-copy-applesoft.o):
/home/iolo/.local/share/cc65/lib/apple2enh.lib(ldaxi.o):
    CODE              Offs=002634  Size=00000D  Align=00001  Fill=0000
/home/iolo/.local/share/cc65/lib/apple2enh.lib(ldaxsp.o):
    CODE              Offs=002641  Size=000009  Align=00001  Fill=0000
/home/iolo/.local/share/cc65/lib/apple2enh.lib(makebool.o):
    CODE              Offs=00264A  Size=00002C  Align=00001  Fill=0000
/home/iolo/.local/share/cc65/lib/apple2enh.lib(malloc.o):
    CODE              Offs=002676  Size=000110  Align=00001  Fill=0000
/home/iolo/.local/share/cc65/lib/apple2enh.lib(mli.o):
    BSS               Offs=000013  Size=000012  Align=00001  Fill=0000
    DATA              Offs=000B24  Size=000024  Align=00001  Fill=0000
/home/iolo/.local/share/cc65/lib/apple2enh.lib(mod.o):
    CODE              Offs=002786  Size=000011  Align=00001  Fill=0000
/home/iolo/.local/share/cc65/lib/apple2enh.lib(mul.o):
    CODE              Offs=002797  Size=000045  Align=00001  Fill=0000
/home/iolo/.local/share/cc65/lib/apple2enh.lib(mul8.o):
    CODE              Offs=0027DC  Size=00003A  Align=00001  Fill=0000
/home/iolo/.local/share/cc65/lib/apple2enh.lib(mulax5.o):
    CODE              Offs=002816  Size=000014  Align=00001  Fill=0000
/home/iolo/.local/share/cc65/lib/apple2enh.lib(negabs.o):
    CODE              Offs=00282A  Size=000012  Align=00001  Fill=0000
/home/iolo/.local/share/cc65/lib/apple2enh.lib(open.o):
    CODE              Offs=00283C  Size=0000EA  Align=00001  Fill=0000
    DATA              Offs=000B48  Size=000009  Align=00001  Fill=0000
    ONCE              Offs=0000BA  Size=000009  Align=00001  Fill=0000
/home/iolo/.local/share/cc65/lib/apple2enh.lib(oserror.o):
    CODE              Offs=002926  Size=000016  Align=00001  Fill=0000
    RODATA            Offs=000503  Size=000032  Align=00001  Fill=0000
/home/iolo/.local/share/cc65/lib/apple2enh.lib(pmemalign.o):
    CODE              Offs=00293C  Size=0001E0  Align=00001  Fill=0000
/home/iolo/.local/share/cc65/lib/apple2enh.lib(popa.o):
    CODE              Offs=002B1C  Size=00000A  Align=00001  Fill=0000
/home/iolo/.local/share/cc65/lib/apple2enh.lib(popptr1.o):
    CODE              Offs=002B26  Size=00000E  Align=00001  Fill=0000
/home/iolo/.local/share/cc65/lib/apple2enh.lib(pusha.o):
    CODE              Offs=002B34  Size=000016  Align=00001  Fill=0000
/home/iolo/.local/share/cc65/lib/apple2enh.lib(pushax.o):
    CODE              Offs=002B4A  Size=00001A  Align=00001  Fill=0000
/home/iolo/.local/share/cc65/lib/apple2enh.lib(pushwsp.o):
    CODE              Offs=002B64  Size=00001C  Align=00001  Fill=0000
/home/iolo/.local/share/cc65/lib/apple2enh.lib(rand.o):
    CODE              Offs=002B80  Size=000034  Align=00001  Fill=0000
    DATA              Offs=000B51  Size=000004  Align=00001  Fill=0000
/home/iolo/.local/share/cc65/lib/apple2enh.lib(rdkey.o):
    LOWCODE           Offs=000014  Size=00000A  Align=00001  Fill=0000
/home/iolo/.local/share/cc65/lib/apple2enh.lib(read.o):
    CODE              Offs=002BB4  Size=000058  Align=00001  Fill=0000
    ONCE              Offs=0000C3  Size=000007  Align=00001  Fill=0000
/home/iolo/.local/share/cc65/lib/apple2enh.lib(rwcommon.o):
    CODE              Offs=002C0C  Size=000033  Align=00001  Fill=0000
/home/iolo/.local/share/cc65/lib/apple2enh.lib(shelp.o):
    CODE              Offs=002C3F  Size=000020  Align=00001  Fill=0000
/home/iolo/.local/share/cc65/lib/apple2enh.lib(shrax2.o):
    CODE              Offs=002C5F  Size=00000B  Align=00001  Fill=0000
/home/iolo/.local/share/cc65/lib/apple2enh.lib(staspidx.o):
    CODE              Offs=002C6A  Size=000016  Align=00001  Fill=0000
/home/iolo/.local/share/cc65/lib/apple2enh.lib(staxsp.o):
    CODE              Offs=002C80  Size=00000B  Align=00001  Fill=0000
/home/iolo/.local/share/cc65/lib/apple2enh.lib(staxspi.o):
    CODE              Offs=002C8B  Size=00001A  Align=00001  Fill=0000
/home/iolo/.local/share/cc65/lib/apple2enh.lib(sub.o):
    CODE              Offs=002CA5  Size=000014  Align=00001  Fill=0000
/home/iolo/.local/share/cc65/lib/apple2enh.lib(subeqsp.o):
    CODE              Offs=002CB9  Size=000015  Align=00001  Fill=0000
/home/iolo/.local/share/cc65/lib/apple2enh.lib(subysp.o):
    CODE              Offs=002CCE  Size=00000D  Align=00001  Fill=0000
/home/iolo/.local/share/cc65/lib/apple2enh.lib(udiv.o):
    CODE              Offs=002CDB  Size=00004F  Align=00001  Fill=0000
/home/iolo/.local/share/cc65/lib/apple2enh.lib(umod.o):
    CODE              Offs=002D2A  Size=000011  Align=00001  Fill=0000
/home/iolo/.local/share/cc65/lib/apple2enh.lib(vtabz.o):
    LOWCODE           Offs=00001E  Size=00000A  Align=00001  Fill=0000
/home/iolo/.local/share/cc65/lib/apple2enh.lib(zerobss.o):
    CODE              Offs=002D3B  Size=000023  Align=00001  Fill=0000
/home/iolo/.local/share/cc65/lib/apple2enh.lib(zeropage.o):
    ZEROPAGE          Offs=000000  Size=00001A  Align=00001  Fill=0000
/home/iolo/.local/share/cc65/lib/apple2enh.lib(mli_set_pathname.o):
    CODE              Offs=002D5E  Size=00000B  Align=00001  Fill=0000


Segment list:
-------------
Name                   Start     End    Size  Align
----------------------------------------------------
ZEROPAGE              000080  000099  00001A  00001
EXEHDR                0007C9  000802  00003A  00001
STARTUP               000803  00080E  00000C  00001
LOWCODE               00080F  000836  000028  00001
CODE                  004000  006D68  002D69  00001
RODATA                006D69  00729F  000537  00001
DATA                  0072A0  007DF4  000B55  00001
INIT                  007DF5  007E11  00001D  00001
BSS                   007E12  007E36  000025  00001
ONCE                  007E12  007EE5  0000D4  00001


Exports list by name:
---------------------
COUT                      00080F RLA    HOME                      000819 RLA    
RDKEY                     000823 RLA    VTABZ                     00082D RLA    
__BSS_RUN__               007E12 RLA    __BSS_SIZE__              000025 REA    
__CONSTRUCTOR_COUNT__     000005 REA    __CONSTRUCTOR_TABLE__     007EDC RLA    
__DESTRUCTOR_COUNT__      000001 REA    __DESTRUCTOR_TABLE__      00729E RLA    
__EXEHDR__                000001 REA    __FILETYPE__              000006 REA    
__HIMEM__                 009600 REA    __LCADDR__                00D400 REA    
__LCSIZE__                000C00 REA    __LC_LAST__               00D400 RLA    
__LC_START__              00D400 RLA    __MAIN_LAST__             007EE6 RLA    
__MAIN_START__            000803 RLA    __ONCE_LOAD__             007E12 RLA    
__ONCE_RUN__              007E12 RLA    __ONCE_SIZE__             0000D4 REA    
__STACKSIZE__             000800 REA    __STARTUP__               000001 REA    
___directerrno            00611E RLA    ___errno                  007E23 RLA    
___heapend                007D71 RLA    ___heapfirst              007D73 RLA    
___heaplast               007D75 RLA    ___heapptr                007D6F RLA    
___mappederrno            006127 RLA    ___oserror                007E22 RLA    
___osmaperrno             006926 RLA    ___seterrno               006136 RLA    
__dos_type                007DA3 RLA    _abs                      00682A RLA    
_cgetc                    0061EC RLA    _close                    00621A RLA    
_clrscr                   000819 RLA    _cputc                    006250 RLA    
_cputsxy                  0062BA RLA    _exit                     0061C1 RLA    
_free                     0063DF RLA    _main                     005F28 RLA    
_malloc                   006676 RLA    _open                     00683C RLA    
_posix_memalign           00693C RLA    _rand                     006B8C RLA    
_read                     006BB4 RLA    addeq0sp                  006157 RLA    
addeqysp                  006159 RLA    addysp                    006169 RLA    
addysp1                   006168 RLA    aslax2                    006176 RLA    
aslax3                    006181 RLA    aslax4                    00618F RLA    
asrax1                    0061A0 RLA    bltu2                     00D39A RLA    
boolult                   006669 RLA    c_sp                      000080 RLZ    
callmain                  0061AA RLA    callmli                   007DC4 RLA    
closeallfiles             006918  LAI   closedirect               00690E RLA    
complax                   006236 RLA    cursor                    007E21 RLA    
decax1                    0062F5 RLA    decax4                    0062FC RLA    
decsp1                    006303 RLA    decsp2                    00630C RLA    
decsp3                    006319 RLA    decsp4                    006326 RLA    
decsp6                    006333 RLA    decsp7                    006340 RLA    
decsp8                    00634D RLA    done                      007DA0 RLA    
donelib                   00623F RLA    fdtab                     007DA4 RLA    
freebuffer                006906 RLA    getfd                     00635A RLA    
gotoxy                    0065B2 RLA    incax4                    0065F9 RLA    
incaxy                    0065FB RLA    incsp1                    006604 RLA    
incsp2                    006612 RLA    incsp4                    006620 RLA    
incsp5                    006625 RLA    incsp6                    00662A RLA    
incsp8                    00662F RLA    initconio                 007E2E  LAI   
initdostype               007EB8  LAI   initheap                  007E12  LAI   
initlib                   007E22 RLA    initprompt                007ED5  LAI   
iobuf_alloc               00693C RLA    iobuf_free                0063DF RLA    
ldaxidx                   006636 RLA    ldaxysp                   006643 RLA    
mli_set_pathname_tos      006D5E RLA    mliparam                  007E25 RLA    
mul8x16                   0067DE RLA    mul8x16a                  0067E8 RLA    
mulax5                    006816 RLA    negax                     00682E RLA    
popa                      006B1C RLA    popax                     00660B RLA    
popname                   0063DA RLA    popptr1                   006B26 RLA    
popsargsudiv16            006C3F RLA    ptr1                      000088 RLZ    
ptr2                      00008A RLZ    ptr3                      00008C RLZ    
ptr4                      00008E RLZ    pusha                     006B38 RLA    
pusha0                    006B4C RLA    pushax                    006B4E RLA    
pushname_tos              006370 RLA    pushw0sp                  006B64 RLA    
pushwysp                  006B66 RLA    putchardirect             006297 RLA    
raisefilelevel            007ECC  LAI   regbank                   000094 RLZ    
regsave                   000084 RLZ    reset                     0062D7 RLA    
rvsave                    007E0F RLA    rwcommon                  006C19 RLA    
rwprolog                  006C0C RLA    shlax2                    006176 RLA    
shlax3                    006181 RLA    shlax4                    00618F RLA    
shrax2                    006C5F RLA    sreg                      000082 RLZ    
staspidx                  006C6A RLA    stax0sp                   006C80 RLA    
staxspidx                 006C8B RLA    staxysp                   006C82 RLA    
subeq0sp                  006CB9 RLA    subeqysp                  006CBB RLA    
subysp                    006CCE RLA    tmp1                      000090 RLZ    
tmp2                      000091 RLZ    tmp3                      000092 RLZ    
tosaddax                  006141 RLA    tosicmp                   0065CD RLA    
tosicmp0                  0065CB RLA    tosmoda0                  006786 RLA    
tosmulax                  006797 RLA    tossubax                  006CA7 RLA    
tosumoda0                 006D2A RLA    tosumula0                 0067DC RLA    
udiv16                    006CEC RLA    zerobss                   006D3B RLA    
zpsave                    007DF5 RLA    


Exports list by value:
----------------------
__DESTRUCTOR_COUNT__      000001 REA    __EXEHDR__                000001 REA    
__STARTUP__               000001 REA    __CONSTRUCTOR_COUNT__     000005 REA    
__FILETYPE__              000006 REA    __BSS_SIZE__              000025 REA    
c_sp                      000080 RLZ    sreg                      000082 RLZ    
regsave                   000084 RLZ    ptr1                      000088 RLZ    
ptr2                      00008A RLZ    ptr3                      00008C RLZ    
ptr4                      00008E RLZ    tmp1                      000090 RLZ    
tmp2                      000091 RLZ    tmp3                      000092 RLZ    
regbank                   000094 RLZ    __ONCE_SIZE__             0000D4 REA    
__STACKSIZE__             000800 REA    __MAIN_START__            000803 RLA    
COUT                      00080F RLA    HOME                      000819 RLA    
_clrscr                   000819 RLA    RDKEY                     000823 RLA    
VTABZ                     00082D RLA    __LCSIZE__                000C00 REA    
_main                     005F28 RLA    ___directerrno            00611E RLA    
___mappederrno            006127 RLA    ___seterrno               006136 RLA    
tosaddax                  006141 RLA    addeq0sp                  006157 RLA    
addeqysp                  006159 RLA    addysp1                   006168 RLA    
addysp                    006169 RLA    aslax2                    006176 RLA    
shlax2                    006176 RLA    aslax3                    006181 RLA    
shlax3                    006181 RLA    aslax4                    00618F RLA    
shlax4                    00618F RLA    asrax1                    0061A0 RLA    
callmain                  0061AA RLA    _exit                     0061C1 RLA    
_cgetc                    0061EC RLA    _close                    00621A RLA    
complax                   006236 RLA    donelib                   00623F RLA    
_cputc                    006250 RLA    putchardirect             006297 RLA    
_cputsxy                  0062BA RLA    reset                     0062D7 RLA    
decax1                    0062F5 RLA    decax4                    0062FC RLA    
decsp1                    006303 RLA    decsp2                    00630C RLA    
decsp3                    006319 RLA    decsp4                    006326 RLA    
decsp6                    006333 RLA    decsp7                    006340 RLA    
decsp8                    00634D RLA    getfd                     00635A RLA    
pushname_tos              006370 RLA    popname                   0063DA RLA    
_free                     0063DF RLA    iobuf_free                0063DF RLA    
gotoxy                    0065B2 RLA    tosicmp0                  0065CB RLA    
tosicmp                   0065CD RLA    incax4                    0065F9 RLA    
incaxy                    0065FB RLA    incsp1                    006604 RLA    
popax                     00660B RLA    incsp2                    006612 RLA    
incsp4                    006620 RLA    incsp5                    006625 RLA    
incsp6                    00662A RLA    incsp8                    00662F RLA    
ldaxidx                   006636 RLA    ldaxysp                   006643 RLA    
boolult                   006669 RLA    _malloc                   006676 RLA    
tosmoda0                  006786 RLA    tosmulax                  006797 RLA    
tosumula0                 0067DC RLA    mul8x16                   0067DE RLA    
mul8x16a                  0067E8 RLA    mulax5                    006816 RLA    
_abs                      00682A RLA    negax                     00682E RLA    
_open                     00683C RLA    freebuffer                006906 RLA    
closedirect               00690E RLA    closeallfiles             006918  LAI   
___osmaperrno             006926 RLA    _posix_memalign           00693C RLA    
iobuf_alloc               00693C RLA    popa                      006B1C RLA    
popptr1                   006B26 RLA    pusha                     006B38 RLA    
pusha0                    006B4C RLA    pushax                    006B4E RLA    
pushw0sp                  006B64 RLA    pushwysp                  006B66 RLA    
_rand                     006B8C RLA    _read                     006BB4 RLA    
rwprolog                  006C0C RLA    rwcommon                  006C19 RLA    
popsargsudiv16            006C3F RLA    shrax2                    006C5F RLA    
staspidx                  006C6A RLA    stax0sp                   006C80 RLA    
staxysp                   006C82 RLA    staxspidx                 006C8B RLA    
tossubax                  006CA7 RLA    subeq0sp                  006CB9 RLA    
subeqysp                  006CBB RLA    subysp                    006CCE RLA    
udiv16                    006CEC RLA    tosumoda0                 006D2A RLA    
zerobss                   006D3B RLA    mli_set_pathname_tos      006D5E RLA    
__DESTRUCTOR_TABLE__      00729E RLA    ___heapptr                007D6F RLA    
___heapend                007D71 RLA    ___heapfirst              007D73 RLA    
___heaplast               007D75 RLA    done                      007DA0 RLA    
__dos_type                007DA3 RLA    fdtab                     007DA4 RLA    
callmli                   007DC4 RLA    zpsave                    007DF5 RLA    
rvsave                    007E0F RLA    __BSS_RUN__               007E12 RLA    
__ONCE_LOAD__             007E12 RLA    __ONCE_RUN__              007E12 RLA    
initheap                  007E12  LAI   cursor                    007E21 RLA    
___oserror                007E22 RLA    initlib                   007E22 RLA    
___errno                  007E23 RLA    mliparam                  007E25 RLA    
initconio                 007E2E  LAI   initdostype               007EB8  LAI   
raisefilelevel            007ECC  LAI   initprompt                007ED5  LAI   
__CONSTRUCTOR_TABLE__     007EDC RLA    __MAIN_LAST__             007EE6 RLA    
__HIMEM__                 009600 REA    bltu2                     00D39A RLA    
__LCADDR__                00D400 REA    __LC_LAST__               00D400 RLA    
__LC_START__              00D400 RLA    


Imports list:
-------------
COUT (cout.o):
    read.o                    apple2/read.s:10
HOME (home.o):
    clrscr.o                  apple2/clrscr.s:8
RDKEY (rdkey.o):
    read.o                    apple2/read.s:10
VTABZ (vtabz.o):
    gotoxy.o                  apple2/gotoxy.s:9
    cputc.o                   apple2/cputc.s:13
__BSS_RUN__ ([linker generated]):
    _heap.o                   common/_heap.s:8
    zerobss.o                 common/zerobss.s:8
__BSS_SIZE__ ([linker generated]):
    _heap.o                   common/_heap.s:8
    zerobss.o                 common/zerobss.s:8
__CONSTRUCTOR_COUNT__ ([linker generated]):
    condes.o                  runtime/condes.s:18
__CONSTRUCTOR_TABLE__ ([linker generated]):
    condes.o                  runtime/condes.s:18
__DESTRUCTOR_COUNT__ ([linker generated]):
    condes.o                  runtime/condes.s:19
__DESTRUCTOR_TABLE__ ([linker generated]):
    condes.o                  runtime/condes.s:19
__EXEHDR__ (exehdr.o):
    [linker generated]        /home/iolo/.local/share/cc65/cfg/apple2-hgr.cfg:7
__FILETYPE__ ([linker generated]):
    exehdr.o                  apple2/exehdr.s:9
__HIMEM__ ([linker generated]):
    [linker generated]        /home/iolo/.local/share/cc65/cfg/apple2-hgr.cfg:18
    [linker generated]        /home/iolo/.local/share/cc65/cfg/apple2-hgr.cfg:17
__LCADDR__ ([linker generated]):
    [linker generated]        /home/iolo/.local/share/cc65/cfg/apple2-hgr.cfg:19
__LCSIZE__ ([linker generated]):
    [linker generated]        /home/iolo/.local/share/cc65/cfg/apple2-hgr.cfg:19
__LC_LAST__ ([linker generated]):
    crt0.o                    apple2/crt0.s:15
__LC_START__ ([linker generated]):
    crt0.o                    apple2/crt0.s:15
__MAIN_LAST__ ([linker generated]):
    exehdr.o                  apple2/exehdr.s:10
__MAIN_START__ ([linker generated]):
    exehdr.o                  apple2/exehdr.s:10
__ONCE_LOAD__ ([linker generated]):
    crt0.o                    apple2/crt0.s:14
__ONCE_RUN__ ([linker generated]):
    [linker generated]        /home/iolo/.local/share/cc65/cfg/apple2-hgr.cfg:18
    [linker generated]        /home/iolo/.local/share/cc65/cfg/apple2-hgr.cfg:18
__ONCE_SIZE__ ([linker generated]):
    crt0.o                    apple2/crt0.s:14
__STACKSIZE__ ([linker generated]):
    _heap.o                   common/_heap.s:8
    [linker generated]        /home/iolo/.local/share/cc65/cfg/apple2-hgr.cfg:18
__STARTUP__ (crt0.o):
    dhgrc.c.17789.0.o         dhgrc.c.17789.0.s:13
___directerrno (_directerrno.o):
    read.o                    /home/iolo/workspace/tmp/cc65/asminc/errno.inc:10
    open.o                    /home/iolo/workspace/tmp/cc65/asminc/errno.inc:10
    close.o                   /home/iolo/workspace/tmp/cc65/asminc/errno.inc:10
___errno (errno.o):
    _seterrno.o               /home/iolo/workspace/tmp/cc65/asminc/errno.inc:7
___heapend (_heap.o):
    malloc.o                  /home/iolo/workspace/tmp/cc65/asminc/_heap.inc:33
___heapfirst (_heap.o):
    malloc.o                  /home/iolo/workspace/tmp/cc65/asminc/_heap.inc:34
    free.o                    /home/iolo/workspace/tmp/cc65/asminc/_heap.inc:34
___heaplast (_heap.o):
    malloc.o                  /home/iolo/workspace/tmp/cc65/asminc/_heap.inc:35
    free.o                    /home/iolo/workspace/tmp/cc65/asminc/_heap.inc:35
___heapptr (_heap.o):
    malloc.o                  /home/iolo/workspace/tmp/cc65/asminc/_heap.inc:32
    free.o                    /home/iolo/workspace/tmp/cc65/asminc/_heap.inc:32
___mappederrno (_mappederrno.o):
    rwcommon.o                /home/iolo/workspace/tmp/cc65/asminc/errno.inc:10
    open.o                    /home/iolo/workspace/tmp/cc65/asminc/errno.inc:10
    close.o                   /home/iolo/workspace/tmp/cc65/asminc/errno.inc:10
___oserror (_oserror.o):
    _mappederrno.o            /home/iolo/workspace/tmp/cc65/asminc/errno.inc:7
    _directerrno.o            /home/iolo/workspace/tmp/cc65/asminc/errno.inc:7
    rwcommon.o                /home/iolo/workspace/tmp/cc65/asminc/errno.inc:7
    read.o                    /home/iolo/workspace/tmp/cc65/asminc/errno.inc:7
    open.o                    /home/iolo/workspace/tmp/cc65/asminc/errno.inc:7
___osmaperrno (oserror.o):
    _mappederrno.o            /home/iolo/workspace/tmp/cc65/asminc/errno.inc:8
___seterrno (_seterrno.o):
    _mappederrno.o            /home/iolo/workspace/tmp/cc65/asminc/errno.inc:9
    _directerrno.o            /home/iolo/workspace/tmp/cc65/asminc/errno.inc:9
__dos_type (dosdetect.o):
    mli.o                     apple2/mli.s:7
    open.o                    apple2/open.s:12
_abs (negabs.o):
    dhgrc.c.17789.0.o         dhgrc.c.17789.0.s:20
_cgetc (cgetc.o):
    dhgrc.c.17789.0.o         dhgrc.c.17789.0.s:16
_close (close.o):
    dhgrc.c.17789.0.o         dhgrc.c.17789.0.s:18
_clrscr (clrscr.o):
    dhgrc.c.17789.0.o         dhgrc.c.17789.0.s:14
_cputc (cputc.o):
    cputs.o                   conio/cputs.s:9
_cputsxy (cputs.o):
    dhgrc.c.17789.0.o         dhgrc.c.17789.0.s:15
_exit (callmain.o):
    crt0.o                    apple2/crt0.s:11
_free (free.o):
    pmemalign.o               ../libwrk/apple2enh/pmemalign.s:19
    iobuf.o                   apple2/iobuf.s:8
_main (dhgrc.c.17789.0.o):
    callmain.o                apple2/callmain.s:11
_malloc (malloc.o):
    pmemalign.o               ../libwrk/apple2enh/pmemalign.s:18
_open (open.o):
    dhgrc.c.17789.0.o         dhgrc.c.17789.0.s:17
_posix_memalign (pmemalign.o):
    iobuf.o                   apple2/iobuf.s:8
_rand (rand.o):
    dhgrc.c.17789.0.o         dhgrc.c.17789.0.s:19
_read (read.o):
    dhgrc.c.17789.0.o         dhgrc.c.17789.0.s:21
addeq0sp (addeqsp.o):
    dhgrc.c.17789.0.o         dhgrc.c.17789.0.s:8078
    dhgrc.c.17789.0.o         dhgrc.c.17789.0.s:8078
    dhgrc.c.17789.0.o         dhgrc.c.17789.0.s:8078
addeqysp (addeqsp.o):
    dhgrc.c.17789.0.o         dhgrc.c.17789.0.s:8078
    dhgrc.c.17789.0.o         dhgrc.c.17789.0.s:8078
    dhgrc.c.17789.0.o         dhgrc.c.17789.0.s:8078
    dhgrc.c.17789.0.o         dhgrc.c.17789.0.s:8078
    dhgrc.c.17789.0.o         dhgrc.c.17789.0.s:8078
    dhgrc.c.17789.0.o         dhgrc.c.17789.0.s:8078
    dhgrc.c.17789.0.o         dhgrc.c.17789.0.s:8078
addysp (addysp.o):
    pmemalign.o               ../libwrk/apple2enh/pmemalign.s:333
    filename.o                apple2/filename.s:8
    open.o                    apple2/open.s:14
    incsp8.o                  runtime/incsp8.s:8
    incsp6.o                  runtime/incsp6.s:8
    incsp5.o                  runtime/incsp5.s:8
    incsp4.o                  runtime/incsp4.s:8
    dhgrc.c.17789.0.o         dhgrc.c.17789.0.s:8078
    dhgrc.c.17789.0.o         dhgrc.c.17789.0.s:8078
    dhgrc.c.17789.0.o         dhgrc.c.17789.0.s:8078
    dhgrc.c.17789.0.o         dhgrc.c.17789.0.s:8078
    dhgrc.c.17789.0.o         dhgrc.c.17789.0.s:8078
    dhgrc.c.17789.0.o         dhgrc.c.17789.0.s:8078
    dhgrc.c.17789.0.o         dhgrc.c.17789.0.s:8078
    dhgrc.c.17789.0.o         dhgrc.c.17789.0.s:8078
    dhgrc.c.17789.0.o         dhgrc.c.17789.0.s:8078
    dhgrc.c.17789.0.o         dhgrc.c.17789.0.s:8078
    dhgrc.c.17789.0.o         dhgrc.c.17789.0.s:8078
    dhgrc.c.17789.0.o         dhgrc.c.17789.0.s:8078
    dhgrc.c.17789.0.o         dhgrc.c.17789.0.s:8078
addysp1 (addysp.o):
    sub.o                     runtime/sub.s:8
aslax2 (aslax2.o):
    dhgrc.c.17789.0.o         dhgrc.c.17789.0.s:8078
    dhgrc.c.17789.0.o         dhgrc.c.17789.0.s:8078
    dhgrc.c.17789.0.o         dhgrc.c.17789.0.s:8078
    dhgrc.c.17789.0.o         dhgrc.c.17789.0.s:8078
aslax3 (aslax3.o):
    dhgrc.c.17789.0.o         dhgrc.c.17789.0.s:8078
aslax4 (aslax4.o):
    dhgrc.c.17789.0.o         dhgrc.c.17789.0.s:8078
    dhgrc.c.17789.0.o         dhgrc.c.17789.0.s:8078
    dhgrc.c.17789.0.o         dhgrc.c.17789.0.s:8078
asrax1 (asrax1.o):
    dhgrc.c.17789.0.o         dhgrc.c.17789.0.s:8078
bltu2 (lc-copy-applesoft.o):
    crt0.o                    apple2/crt0.s:13
boolult (makebool.o):
    dhgrc.c.17789.0.o         dhgrc.c.17789.0.s:8078
c_sp (zeropage.o):
    _heap.o                   common/_heap.s:9
    ldaxsp.o                  runtime/ldaxsp.s:8
    decsp7.o                  runtime/decsp7.s:8
    pmemalign.o               ../libwrk/apple2enh/pmemalign.s:10
    filename.o                /home/iolo/workspace/tmp/cc65/asminc/zeropage.inc:11
    callmain.o                /home/iolo/workspace/tmp/cc65/asminc/zeropage.inc:11
    mli_set_pathname.o        /home/iolo/workspace/tmp/cc65/asminc/zeropage.inc:11
    subysp.o                  runtime/subysp.s:9
    subeqsp.o                 runtime/subeqsp.s:8
    sub.o                     runtime/sub.s:9
    staxspi.o                 runtime/staxspi.s:10
    staxsp.o                  runtime/staxsp.s:8
    staspidx.o                runtime/staspidx.s:9
    pushwsp.o                 runtime/pushwsp.s:8
    pushax.o                  runtime/pushax.s:8
    pusha.o                   runtime/pusha.s:8
    popptr1.o                 runtime/popptr1.s:9
    popa.o                    runtime/popa.s:8
    incsp2.o                  runtime/incsp2.s:8
    incsp1.o                  runtime/incsp1.s:8
    icmp.o                    runtime/icmp.s:9
    decsp8.o                  runtime/decsp8.s:8
    decsp6.o                  runtime/decsp6.s:8
    decsp4.o                  runtime/decsp4.s:8
    decsp3.o                  runtime/decsp3.s:8
    decsp2.o                  runtime/decsp2.s:8
    decsp1.o                  runtime/decsp1.s:8
    crt0.o                    /home/iolo/workspace/tmp/cc65/asminc/zeropage.inc:11
    addysp.o                  runtime/addysp.s:8
    addeqsp.o                 runtime/addeqsp.s:8
    add.o                     runtime/add.s:12
    dhgrc.c.17789.0.o         dhgrc.c.17789.0.s:10
callmain (callmain.o):
    crt0.o                    apple2/crt0.s:12
callmli (mli.o):
    filename.o                apple2/mli.inc:148
    rwcommon.o                apple2/mli.inc:148
    open.o                    apple2/mli.inc:148
closedirect (open.o):
    close.o                   apple2/close.s:9
complax (compl.o):
    pmemalign.o               ../libwrk/apple2enh/pmemalign.s:333
cursor (_cursor.o):
    cgetc.o                   apple2/cgetc.s:14
decax1 (decax1.o):
    pmemalign.o               ../libwrk/apple2enh/pmemalign.s:333
decax4 (decax4.o):
    pmemalign.o               ../libwrk/apple2enh/pmemalign.s:333
decsp1 (decsp1.o):
    filename.o                apple2/filename.s:8
    dhgrc.c.17789.0.o         dhgrc.c.17789.0.s:8078
    dhgrc.c.17789.0.o         dhgrc.c.17789.0.s:8078
    dhgrc.c.17789.0.o         dhgrc.c.17789.0.s:8078
    dhgrc.c.17789.0.o         dhgrc.c.17789.0.s:8078
    dhgrc.c.17789.0.o         dhgrc.c.17789.0.s:8078
decsp2 (decsp2.o):
    dhgrc.c.17789.0.o         dhgrc.c.17789.0.s:8078
    dhgrc.c.17789.0.o         dhgrc.c.17789.0.s:8078
    dhgrc.c.17789.0.o         dhgrc.c.17789.0.s:8078
    dhgrc.c.17789.0.o         dhgrc.c.17789.0.s:8078
    dhgrc.c.17789.0.o         dhgrc.c.17789.0.s:8078
    dhgrc.c.17789.0.o         dhgrc.c.17789.0.s:8078
    dhgrc.c.17789.0.o         dhgrc.c.17789.0.s:8078
    dhgrc.c.17789.0.o         dhgrc.c.17789.0.s:8078
    dhgrc.c.17789.0.o         dhgrc.c.17789.0.s:8078
    dhgrc.c.17789.0.o         dhgrc.c.17789.0.s:8078
    dhgrc.c.17789.0.o         dhgrc.c.17789.0.s:8078
    dhgrc.c.17789.0.o         dhgrc.c.17789.0.s:8078
    dhgrc.c.17789.0.o         dhgrc.c.17789.0.s:8078
    dhgrc.c.17789.0.o         dhgrc.c.17789.0.s:8078
    dhgrc.c.17789.0.o         dhgrc.c.17789.0.s:8078
    dhgrc.c.17789.0.o         dhgrc.c.17789.0.s:8078
    dhgrc.c.17789.0.o         dhgrc.c.17789.0.s:8078
decsp3 (decsp3.o):
    dhgrc.c.17789.0.o         dhgrc.c.17789.0.s:8078
    dhgrc.c.17789.0.o         dhgrc.c.17789.0.s:8078
    dhgrc.c.17789.0.o         dhgrc.c.17789.0.s:8078
    dhgrc.c.17789.0.o         dhgrc.c.17789.0.s:8078
    dhgrc.c.17789.0.o         dhgrc.c.17789.0.s:8078
    dhgrc.c.17789.0.o         dhgrc.c.17789.0.s:8078
decsp4 (decsp4.o):
    dhgrc.c.17789.0.o         dhgrc.c.17789.0.s:8078
    dhgrc.c.17789.0.o         dhgrc.c.17789.0.s:8078
    dhgrc.c.17789.0.o         dhgrc.c.17789.0.s:8078
    dhgrc.c.17789.0.o         dhgrc.c.17789.0.s:8078
    dhgrc.c.17789.0.o         dhgrc.c.17789.0.s:8078
decsp6 (decsp6.o):
    dhgrc.c.17789.0.o         dhgrc.c.17789.0.s:8078
    dhgrc.c.17789.0.o         dhgrc.c.17789.0.s:8078
    dhgrc.c.17789.0.o         dhgrc.c.17789.0.s:8078
decsp7 (decsp7.o):
    pmemalign.o               ../libwrk/apple2enh/pmemalign.s:333
decsp8 (decsp8.o):
    dhgrc.c.17789.0.o         dhgrc.c.17789.0.s:8078
done (crt0.o):
    callmain.o                apple2/callmain.s:11
donelib (condes.o):
    callmain.o                apple2/callmain.s:11
fdtab (filedes.o):
    read.o                    apple2/filedes.inc:13
    open.o                    apple2/filedes.inc:13
    close.o                   apple2/filedes.inc:13
freebuffer (open.o):
    close.o                   apple2/close.s:9
getfd (filedes.o):
    rwcommon.o                apple2/filedes.inc:14
    close.o                   apple2/filedes.inc:14
gotoxy (gotoxy.o):
    cputs.o                   conio/cputs.s:9
    cputc.o                   apple2/cputc.s:13
incax4 (incaxy.o):
    pmemalign.o               ../libwrk/apple2enh/pmemalign.s:333
incaxy (incaxy.o):
    open.o                    apple2/open.s:14
incsp1 (incsp1.o):
    dhgrc.c.17789.0.o         dhgrc.c.17789.0.s:8078
    dhgrc.c.17789.0.o         dhgrc.c.17789.0.s:8078
    dhgrc.c.17789.0.o         dhgrc.c.17789.0.s:8078
    dhgrc.c.17789.0.o         dhgrc.c.17789.0.s:8078
incsp2 (incsp2.o):
    staxspi.o                 runtime/staxspi.s:9
    staspidx.o                runtime/staspidx.s:8
    popptr1.o                 runtime/popptr1.s:8
    dhgrc.c.17789.0.o         dhgrc.c.17789.0.s:8078
    dhgrc.c.17789.0.o         dhgrc.c.17789.0.s:8078
incsp4 (incsp4.o):
    open.o                    apple2/open.s:14
    dhgrc.c.17789.0.o         dhgrc.c.17789.0.s:8078
    dhgrc.c.17789.0.o         dhgrc.c.17789.0.s:8078
    dhgrc.c.17789.0.o         dhgrc.c.17789.0.s:8078
    dhgrc.c.17789.0.o         dhgrc.c.17789.0.s:8078
incsp5 (incsp5.o):
    dhgrc.c.17789.0.o         dhgrc.c.17789.0.s:8078
    dhgrc.c.17789.0.o         dhgrc.c.17789.0.s:8078
    dhgrc.c.17789.0.o         dhgrc.c.17789.0.s:8078
    dhgrc.c.17789.0.o         dhgrc.c.17789.0.s:8078
    dhgrc.c.17789.0.o         dhgrc.c.17789.0.s:8078
    dhgrc.c.17789.0.o         dhgrc.c.17789.0.s:8078
    dhgrc.c.17789.0.o         dhgrc.c.17789.0.s:8078
    dhgrc.c.17789.0.o         dhgrc.c.17789.0.s:8078
incsp6 (incsp6.o):
    dhgrc.c.17789.0.o         dhgrc.c.17789.0.s:8078
    dhgrc.c.17789.0.o         dhgrc.c.17789.0.s:8078
    dhgrc.c.17789.0.o         dhgrc.c.17789.0.s:8078
    dhgrc.c.17789.0.o         dhgrc.c.17789.0.s:8078
incsp8 (incsp8.o):
    dhgrc.c.17789.0.o         dhgrc.c.17789.0.s:8078
    dhgrc.c.17789.0.o         dhgrc.c.17789.0.s:8078
    dhgrc.c.17789.0.o         dhgrc.c.17789.0.s:8078
    dhgrc.c.17789.0.o         dhgrc.c.17789.0.s:8078
initlib (condes.o):
    crt0.o                    apple2/crt0.s:11
iobuf_alloc (iobuf.o):
    open.o                    apple2/open.s:13
iobuf_free (iobuf.o):
    open.o                    apple2/open.s:13
ldaxidx (ldaxi.o):
    pmemalign.o               ../libwrk/apple2enh/pmemalign.s:333
ldaxysp (ldaxsp.o):
    pmemalign.o               ../libwrk/apple2enh/pmemalign.s:333
mli_set_pathname_tos (mli_set_pathname.o):
    open.o                    apple2/open.s:12
mliparam (mli.o):
    filename.o                apple2/mli.inc:147
    mli_set_pathname.o        apple2/mli.inc:147
    rwcommon.o                apple2/mli.inc:147
    open.o                    apple2/mli.inc:147
mul8x16 (mul8.o):
    mul.o                     runtime/mul.s:8
mul8x16a (mul8.o):
    mul.o                     runtime/mul.s:8
mulax5 (mulax5.o):
    dhgrc.c.17789.0.o         dhgrc.c.17789.0.s:8078
negax (negabs.o):
    shelp.o                   runtime/shelp.s:11
    mod.o                     runtime/mod.s:11
    dhgrc.c.17789.0.o         dhgrc.c.17789.0.s:8078
    dhgrc.c.17789.0.o         dhgrc.c.17789.0.s:8078
popa (popa.o):
    gotoxy.o                  apple2/gotoxy.s:9
popax (incsp2.o):
    filename.o                apple2/filename.s:8
    shelp.o                   runtime/shelp.s:11
    rwcommon.o                apple2/rwcommon.s:6
    open.o                    apple2/open.s:14
popname (filename.o):
    open.o                    apple2/open.s:12
popptr1 (popptr1.o):
    umod.o                    runtime/umod.s:8
    udiv.o                    runtime/udiv.s:9
    rwcommon.o                apple2/rwcommon.s:6
    mul8.o                    runtime/mul8.s:9
    mul.o                     runtime/mul.s:9
popsargsudiv16 (shelp.o):
    mod.o                     runtime/mod.s:11
ptr1 (zeropage.o):
    malloc.o                  common/malloc.s:108
    ldaxi.o                   runtime/ldaxi.s:8
    free.o                    common/free.s:62
    pmemalign.o               ../libwrk/apple2enh/pmemalign.s:11
    filename.o                /home/iolo/workspace/tmp/cc65/asminc/zeropage.inc:12
    zerobss.o                 common/zerobss.s:9
    udiv.o                    runtime/udiv.s:10
    staxspi.o                 runtime/staxspi.s:10
    staspidx.o                runtime/staspidx.s:9
    shelp.o                   runtime/shelp.s:12
    rwcommon.o                /home/iolo/workspace/tmp/cc65/asminc/zeropage.inc:12
    read.o                    /home/iolo/workspace/tmp/cc65/asminc/zeropage.inc:12
    popptr1.o                 runtime/popptr1.s:9
    mulax5.o                  runtime/mulax5.s:9
    mul8.o                    runtime/mul8.s:10
    mul.o                     runtime/mul.s:10
    cputs.o                   conio/cputs.s:10
    dhgrc.c.17789.0.o         dhgrc.c.17789.0.s:11
ptr2 (zeropage.o):
    malloc.o                  common/malloc.s:108
    free.o                    common/free.s:62
    rwcommon.o                /home/iolo/workspace/tmp/cc65/asminc/zeropage.inc:12
    read.o                    /home/iolo/workspace/tmp/cc65/asminc/zeropage.inc:12
    dhgrc.c.17789.0.o         dhgrc.c.17789.0.s:11
ptr3 (zeropage.o):
    malloc.o                  common/malloc.s:108
    free.o                    common/free.s:62
    read.o                    /home/iolo/workspace/tmp/cc65/asminc/zeropage.inc:12
ptr4 (zeropage.o):
    free.o                    common/free.s:62
    umod.o                    runtime/umod.s:9
    udiv.o                    runtime/udiv.s:10
    shelp.o                   runtime/shelp.s:12
    mul8.o                    runtime/mul8.s:10
    mul.o                     runtime/mul.s:10
pusha (pusha.o):
    dhgrc.c.17789.0.o         dhgrc.c.17789.0.s:8078
    dhgrc.c.17789.0.o         dhgrc.c.17789.0.s:8078
    dhgrc.c.17789.0.o         dhgrc.c.17789.0.s:8078
    dhgrc.c.17789.0.o         dhgrc.c.17789.0.s:8078
    dhgrc.c.17789.0.o         dhgrc.c.17789.0.s:8078
    dhgrc.c.17789.0.o         dhgrc.c.17789.0.s:8078
    dhgrc.c.17789.0.o         dhgrc.c.17789.0.s:8078
    dhgrc.c.17789.0.o         dhgrc.c.17789.0.s:8078
    dhgrc.c.17789.0.o         dhgrc.c.17789.0.s:8078
    dhgrc.c.17789.0.o         dhgrc.c.17789.0.s:8078
    dhgrc.c.17789.0.o         dhgrc.c.17789.0.s:8078
    dhgrc.c.17789.0.o         dhgrc.c.17789.0.s:8078
    dhgrc.c.17789.0.o         dhgrc.c.17789.0.s:8078
    dhgrc.c.17789.0.o         dhgrc.c.17789.0.s:8078
    dhgrc.c.17789.0.o         dhgrc.c.17789.0.s:8078
    dhgrc.c.17789.0.o         dhgrc.c.17789.0.s:8078
    dhgrc.c.17789.0.o         dhgrc.c.17789.0.s:8078
    dhgrc.c.17789.0.o         dhgrc.c.17789.0.s:8078
pusha0 (pushax.o):
    dhgrc.c.17789.0.o         dhgrc.c.17789.0.s:8078
    dhgrc.c.17789.0.o         dhgrc.c.17789.0.s:8078
    dhgrc.c.17789.0.o         dhgrc.c.17789.0.s:8078
    dhgrc.c.17789.0.o         dhgrc.c.17789.0.s:8078
    dhgrc.c.17789.0.o         dhgrc.c.17789.0.s:8078
    dhgrc.c.17789.0.o         dhgrc.c.17789.0.s:8078
pushax (pushax.o):
    pmemalign.o               ../libwrk/apple2enh/pmemalign.s:333
    callmain.o                apple2/callmain.s:11
    open.o                    apple2/open.s:14
    dhgrc.c.17789.0.o         dhgrc.c.17789.0.s:8078
    dhgrc.c.17789.0.o         dhgrc.c.17789.0.s:8078
    dhgrc.c.17789.0.o         dhgrc.c.17789.0.s:8078
    dhgrc.c.17789.0.o         dhgrc.c.17789.0.s:8078
    dhgrc.c.17789.0.o         dhgrc.c.17789.0.s:8078
    dhgrc.c.17789.0.o         dhgrc.c.17789.0.s:8078
    dhgrc.c.17789.0.o         dhgrc.c.17789.0.s:8078
    dhgrc.c.17789.0.o         dhgrc.c.17789.0.s:8078
    dhgrc.c.17789.0.o         dhgrc.c.17789.0.s:8078
    dhgrc.c.17789.0.o         dhgrc.c.17789.0.s:8078
    dhgrc.c.17789.0.o         dhgrc.c.17789.0.s:8078
    dhgrc.c.17789.0.o         dhgrc.c.17789.0.s:8078
    dhgrc.c.17789.0.o         dhgrc.c.17789.0.s:8078
    dhgrc.c.17789.0.o         dhgrc.c.17789.0.s:8078
    dhgrc.c.17789.0.o         dhgrc.c.17789.0.s:8078
    dhgrc.c.17789.0.o         dhgrc.c.17789.0.s:8078
    dhgrc.c.17789.0.o         dhgrc.c.17789.0.s:8078
    dhgrc.c.17789.0.o         dhgrc.c.17789.0.s:8078
    dhgrc.c.17789.0.o         dhgrc.c.17789.0.s:8078
    dhgrc.c.17789.0.o         dhgrc.c.17789.0.s:8078
    dhgrc.c.17789.0.o         dhgrc.c.17789.0.s:8078
    dhgrc.c.17789.0.o         dhgrc.c.17789.0.s:8078
    dhgrc.c.17789.0.o         dhgrc.c.17789.0.s:8078
    dhgrc.c.17789.0.o         dhgrc.c.17789.0.s:8078
    dhgrc.c.17789.0.o         dhgrc.c.17789.0.s:8078
    dhgrc.c.17789.0.o         dhgrc.c.17789.0.s:8078
    dhgrc.c.17789.0.o         dhgrc.c.17789.0.s:8078
    dhgrc.c.17789.0.o         dhgrc.c.17789.0.s:8078
pushname_tos (filename.o):
    open.o                    apple2/open.s:12
pushw0sp (pushwsp.o):
    dhgrc.c.17789.0.o         dhgrc.c.17789.0.s:8078
    dhgrc.c.17789.0.o         dhgrc.c.17789.0.s:8078
    dhgrc.c.17789.0.o         dhgrc.c.17789.0.s:8078
    dhgrc.c.17789.0.o         dhgrc.c.17789.0.s:8078
    dhgrc.c.17789.0.o         dhgrc.c.17789.0.s:8078
pushwysp (pushwsp.o):
    pmemalign.o               ../libwrk/apple2enh/pmemalign.s:333
    dhgrc.c.17789.0.o         dhgrc.c.17789.0.s:8078
    dhgrc.c.17789.0.o         dhgrc.c.17789.0.s:8078
    dhgrc.c.17789.0.o         dhgrc.c.17789.0.s:8078
    dhgrc.c.17789.0.o         dhgrc.c.17789.0.s:8078
    dhgrc.c.17789.0.o         dhgrc.c.17789.0.s:8078
    dhgrc.c.17789.0.o         dhgrc.c.17789.0.s:8078
putchardirect (cputc.o):
    cgetc.o                   apple2/cgetc.s:14
regbank (zeropage.o):
    pmemalign.o               ../libwrk/apple2enh/pmemalign.s:10
    dhgrc.c.17789.0.o         dhgrc.c.17789.0.s:10
regsave (zeropage.o):
    dhgrc.c.17789.0.o         dhgrc.c.17789.0.s:10
reset (crt0.o):
    callmain.o                apple2/callmain.s:12
rvsave (crt0.o):
    callmain.o                apple2/callmain.s:12
rwcommon (rwcommon.o):
    read.o                    apple2/read.s:9
rwprolog (rwcommon.o):
    read.o                    apple2/read.s:9
shlax2 (aslax2.o):
    dhgrc.c.17789.0.o         dhgrc.c.17789.0.s:8078
    dhgrc.c.17789.0.o         dhgrc.c.17789.0.s:8078
shlax3 (aslax3.o):
    dhgrc.c.17789.0.o         dhgrc.c.17789.0.s:8078
    dhgrc.c.17789.0.o         dhgrc.c.17789.0.s:8078
shlax4 (aslax4.o):
    dhgrc.c.17789.0.o         dhgrc.c.17789.0.s:8078
    dhgrc.c.17789.0.o         dhgrc.c.17789.0.s:8078
shrax2 (shrax2.o):
    dhgrc.c.17789.0.o         dhgrc.c.17789.0.s:8078
sreg (zeropage.o):
    umod.o                    runtime/umod.s:9
    udiv.o                    runtime/udiv.s:10
    mod.o                     runtime/mod.s:12
    icmp.o                    runtime/icmp.s:9
    dhgrc.c.17789.0.o         dhgrc.c.17789.0.s:10
staspidx (staspidx.o):
    dhgrc.c.17789.0.o         dhgrc.c.17789.0.s:8078
    dhgrc.c.17789.0.o         dhgrc.c.17789.0.s:8078
stax0sp (staxsp.o):
    dhgrc.c.17789.0.o         dhgrc.c.17789.0.s:8078
    dhgrc.c.17789.0.o         dhgrc.c.17789.0.s:8078
    dhgrc.c.17789.0.o         dhgrc.c.17789.0.s:8078
    dhgrc.c.17789.0.o         dhgrc.c.17789.0.s:8078
    dhgrc.c.17789.0.o         dhgrc.c.17789.0.s:8078
    dhgrc.c.17789.0.o         dhgrc.c.17789.0.s:8078
    dhgrc.c.17789.0.o         dhgrc.c.17789.0.s:8078
staxspidx (staxspi.o):
    pmemalign.o               ../libwrk/apple2enh/pmemalign.s:333
    dhgrc.c.17789.0.o         dhgrc.c.17789.0.s:8078
    dhgrc.c.17789.0.o         dhgrc.c.17789.0.s:8078
staxysp (staxsp.o):
    pmemalign.o               ../libwrk/apple2enh/pmemalign.s:333
    dhgrc.c.17789.0.o         dhgrc.c.17789.0.s:8078
    dhgrc.c.17789.0.o         dhgrc.c.17789.0.s:8078
    dhgrc.c.17789.0.o         dhgrc.c.17789.0.s:8078
    dhgrc.c.17789.0.o         dhgrc.c.17789.0.s:8078
    dhgrc.c.17789.0.o         dhgrc.c.17789.0.s:8078
subeq0sp (subeqsp.o):
    dhgrc.c.17789.0.o         dhgrc.c.17789.0.s:8078
subeqysp (subeqsp.o):
    pmemalign.o               ../libwrk/apple2enh/pmemalign.s:333
    dhgrc.c.17789.0.o         dhgrc.c.17789.0.s:8078
    dhgrc.c.17789.0.o         dhgrc.c.17789.0.s:8078
subysp (subysp.o):
    filename.o                apple2/filename.s:8
    dhgrc.c.17789.0.o         dhgrc.c.17789.0.s:8078
    dhgrc.c.17789.0.o         dhgrc.c.17789.0.s:8078
    dhgrc.c.17789.0.o         dhgrc.c.17789.0.s:8078
    dhgrc.c.17789.0.o         dhgrc.c.17789.0.s:8078
tmp1 (zeropage.o):
    pmemalign.o               ../libwrk/apple2enh/pmemalign.s:11
    incaxy.o                  runtime/incaxy.s:8
    filename.o                /home/iolo/workspace/tmp/cc65/asminc/zeropage.inc:13
    staxspi.o                 runtime/staxspi.s:10
    staspidx.o                runtime/staspidx.s:9
    shrax2.o                  runtime/shrax2.s:8
    shelp.o                   runtime/shelp.s:12
    open.o                    /home/iolo/workspace/tmp/cc65/asminc/zeropage.inc:13
    mul.o                     runtime/mul.s:10
    mod.o                     runtime/mod.s:12
    asrax1.o                  runtime/asrax1.s:8
    aslax4.o                  runtime/aslax4.s:8
    aslax3.o                  runtime/aslax3.s:8
    aslax2.o                  runtime/aslax2.s:8
    dhgrc.c.17789.0.o         dhgrc.c.17789.0.s:11
tmp2 (zeropage.o):
    shelp.o                   runtime/shelp.s:12
    open.o                    /home/iolo/workspace/tmp/cc65/asminc/zeropage.inc:13
tmp3 (zeropage.o):
    open.o                    /home/iolo/workspace/tmp/cc65/asminc/zeropage.inc:13
    cputc.o                   /home/iolo/workspace/tmp/cc65/asminc/zeropage.inc:13
    cgetc.o                   /home/iolo/workspace/tmp/cc65/asminc/zeropage.inc:13
tosaddax (add.o):
    dhgrc.c.17789.0.o         dhgrc.c.17789.0.s:8078
    dhgrc.c.17789.0.o         dhgrc.c.17789.0.s:8078
    dhgrc.c.17789.0.o         dhgrc.c.17789.0.s:8078
tosicmp (icmp.o):
    dhgrc.c.17789.0.o         dhgrc.c.17789.0.s:8078
tosicmp0 (icmp.o):
    dhgrc.c.17789.0.o         dhgrc.c.17789.0.s:8078
tosmoda0 (mod.o):
    dhgrc.c.17789.0.o         dhgrc.c.17789.0.s:8078
    dhgrc.c.17789.0.o         dhgrc.c.17789.0.s:8078
    dhgrc.c.17789.0.o         dhgrc.c.17789.0.s:8078
tosmulax (mul.o):
    dhgrc.c.17789.0.o         dhgrc.c.17789.0.s:8078
tossubax (sub.o):
    pmemalign.o               ../libwrk/apple2enh/pmemalign.s:333
    dhgrc.c.17789.0.o         dhgrc.c.17789.0.s:8078
tosumoda0 (umod.o):
    dhgrc.c.17789.0.o         dhgrc.c.17789.0.s:8078
    dhgrc.c.17789.0.o         dhgrc.c.17789.0.s:8078
    dhgrc.c.17789.0.o         dhgrc.c.17789.0.s:8078
    dhgrc.c.17789.0.o         dhgrc.c.17789.0.s:8078
    dhgrc.c.17789.0.o         dhgrc.c.17789.0.s:8078
tosumula0 (mul8.o):
    dhgrc.c.17789.0.o         dhgrc.c.17789.0.s:8078
udiv16 (udiv.o):
    umod.o                    runtime/umod.s:8
    shelp.o                   runtime/shelp.s:11
zerobss (zerobss.o):
    crt0.o                    apple2/crt0.s:12
zpsave (crt0.o):
    callmain.o                apple2/callmain.s:12

